../Core/Src/main.c:120:6:HAL_SYSTICK_Handler	4	static
../Core/Src/main.c:138:1:__io_putchar	16	static
../Core/Src/main.c:151:6:HAL_TIM_PeriodElapsedCallback	16	static
../Core/Src/main.c:160:6:delay_us	16	static
../Core/Src/main.c:172:5:main	8	static
../Core/Src/main.c:255:6:SystemClock_Config	88	static
../Core/Src/main.c:302:13:MX_ETH_Init	8	static
../Core/Src/main.c:351:13:MX_I2C1_Init	8	static
../Core/Src/main.c:399:13:MX_RTC_Init	32	static
../Core/Src/main.c:462:13:MX_TIM2_Init	48	static
../Core/Src/main.c:511:13:MX_TIM3_Init	32	static
../Core/Src/main.c:559:13:MX_TIM4_Init	64	static
../Core/Src/main.c:618:13:MX_TIM5_Init	48	static
../Core/Src/main.c:667:13:MX_TIM10_Init	8	static
../Core/Src/main.c:698:13:MX_TIM11_Init	8	static
../Core/Src/main.c:729:13:MX_USART3_UART_Init	8	static
../Core/Src/main.c:762:13:MX_USART6_UART_Init	8	static
../Core/Src/main.c:795:13:MX_USB_OTG_FS_PCD_Init	8	static
../Core/Src/main.c:830:13:MX_GPIO_Init	64	static
../Core/Src/main.c:955:6:Error_Handler	4	static,ignoring_inline_asm
