../Core/Src/led.c:17:6:led_main	8	static
../Core/Src/led.c:65:6:led_all_on	8	static
../Core/Src/led.c:72:6:led_all_off	8	static
../Core/Src/led.c:86:6:flower_on_simple	16	static
../Core/Src/led.c:97:6:flower_off_simple	16	static
../Core/Src/led.c:108:6:flower_on	24	static
../Core/Src/led.c:121:6:flower_off	24	static
../Core/Src/led.c:134:6:led_keep_on_up	16	static
../Core/Src/led.c:146:6:led_keep_on_down	16	static
../Core/Src/led.c:158:6:led_on_up	16	static
../Core/Src/led.c:168:6:led_on_down	16	static
../Core/Src/led.c:178:6:led_on_sequential	8	static
../Core/Src/led.c:198:6:led_off_sequential	8	static
