Archive member included to satisfy reference by file (symbol)

C:/ST/STM32CubeIDE_1.12.0/STM32CubeIDE/plugins/com.st.stm32cube.ide.mcu.externaltools.gnu-tools-for-stm32.11.3.rel1.win32_1.1.100.202309141235/tools/bin/../lib/gcc/arm-none-eabi/11.3.1/../../../../arm-none-eabi/lib/thumb/v7e-m+fp/hard\libc_nano.a(libc_a-exit.o)
                              C:/ST/STM32CubeIDE_1.12.0/STM32CubeIDE/plugins/com.st.stm32cube.ide.mcu.externaltools.gnu-tools-for-stm32.11.3.rel1.win32_1.1.100.202309141235/tools/bin/../lib/gcc/arm-none-eabi/11.3.1/../../../../arm-none-eabi/lib/thumb/v7e-m+fp/hard/crt0.o (exit)
C:/ST/STM32CubeIDE_1.12.0/STM32CubeIDE/plugins/com.st.stm32cube.ide.mcu.externaltools.gnu-tools-for-stm32.11.3.rel1.win32_1.1.100.202309141235/tools/bin/../lib/gcc/arm-none-eabi/11.3.1/../../../../arm-none-eabi/lib/thumb/v7e-m+fp/hard\libc_nano.a(libc_a-findfp.o)
                              C:/ST/STM32CubeIDE_1.12.0/STM32CubeIDE/plugins/com.st.stm32cube.ide.mcu.externaltools.gnu-tools-for-stm32.11.3.rel1.win32_1.1.100.202309141235/tools/bin/../lib/gcc/arm-none-eabi/11.3.1/../../../../arm-none-eabi/lib/thumb/v7e-m+fp/hard\libc_nano.a(libc_a-exit.o) (__stdio_exit_handler)
C:/ST/STM32CubeIDE_1.12.0/STM32CubeIDE/plugins/com.st.stm32cube.ide.mcu.externaltools.gnu-tools-for-stm32.11.3.rel1.win32_1.1.100.202309141235/tools/bin/../lib/gcc/arm-none-eabi/11.3.1/../../../../arm-none-eabi/lib/thumb/v7e-m+fp/hard\libc_nano.a(libc_a-fwalk.o)
                              C:/ST/STM32CubeIDE_1.12.0/STM32CubeIDE/plugins/com.st.stm32cube.ide.mcu.externaltools.gnu-tools-for-stm32.11.3.rel1.win32_1.1.100.202309141235/tools/bin/../lib/gcc/arm-none-eabi/11.3.1/../../../../arm-none-eabi/lib/thumb/v7e-m+fp/hard\libc_nano.a(libc_a-findfp.o) (_fwalk_sglue)
C:/ST/STM32CubeIDE_1.12.0/STM32CubeIDE/plugins/com.st.stm32cube.ide.mcu.externaltools.gnu-tools-for-stm32.11.3.rel1.win32_1.1.100.202309141235/tools/bin/../lib/gcc/arm-none-eabi/11.3.1/../../../../arm-none-eabi/lib/thumb/v7e-m+fp/hard\libc_nano.a(libc_a-stdio.o)
                              C:/ST/STM32CubeIDE_1.12.0/STM32CubeIDE/plugins/com.st.stm32cube.ide.mcu.externaltools.gnu-tools-for-stm32.11.3.rel1.win32_1.1.100.202309141235/tools/bin/../lib/gcc/arm-none-eabi/11.3.1/../../../../arm-none-eabi/lib/thumb/v7e-m+fp/hard\libc_nano.a(libc_a-findfp.o) (__sread)
C:/ST/STM32CubeIDE_1.12.0/STM32CubeIDE/plugins/com.st.stm32cube.ide.mcu.externaltools.gnu-tools-for-stm32.11.3.rel1.win32_1.1.100.202309141235/tools/bin/../lib/gcc/arm-none-eabi/11.3.1/../../../../arm-none-eabi/lib/thumb/v7e-m+fp/hard\libc_nano.a(libc_a-memset.o)
                              C:/ST/STM32CubeIDE_1.12.0/STM32CubeIDE/plugins/com.st.stm32cube.ide.mcu.externaltools.gnu-tools-for-stm32.11.3.rel1.win32_1.1.100.202309141235/tools/bin/../lib/gcc/arm-none-eabi/11.3.1/../../../../arm-none-eabi/lib/thumb/v7e-m+fp/hard/crt0.o (memset)
C:/ST/STM32CubeIDE_1.12.0/STM32CubeIDE/plugins/com.st.stm32cube.ide.mcu.externaltools.gnu-tools-for-stm32.11.3.rel1.win32_1.1.100.202309141235/tools/bin/../lib/gcc/arm-none-eabi/11.3.1/../../../../arm-none-eabi/lib/thumb/v7e-m+fp/hard\libc_nano.a(libc_a-closer.o)
                              C:/ST/STM32CubeIDE_1.12.0/STM32CubeIDE/plugins/com.st.stm32cube.ide.mcu.externaltools.gnu-tools-for-stm32.11.3.rel1.win32_1.1.100.202309141235/tools/bin/../lib/gcc/arm-none-eabi/11.3.1/../../../../arm-none-eabi/lib/thumb/v7e-m+fp/hard\libc_nano.a(libc_a-stdio.o) (_close_r)
C:/ST/STM32CubeIDE_1.12.0/STM32CubeIDE/plugins/com.st.stm32cube.ide.mcu.externaltools.gnu-tools-for-stm32.11.3.rel1.win32_1.1.100.202309141235/tools/bin/../lib/gcc/arm-none-eabi/11.3.1/../../../../arm-none-eabi/lib/thumb/v7e-m+fp/hard\libc_nano.a(libc_a-reent.o)
                              C:/ST/STM32CubeIDE_1.12.0/STM32CubeIDE/plugins/com.st.stm32cube.ide.mcu.externaltools.gnu-tools-for-stm32.11.3.rel1.win32_1.1.100.202309141235/tools/bin/../lib/gcc/arm-none-eabi/11.3.1/../../../../arm-none-eabi/lib/thumb/v7e-m+fp/hard\libc_nano.a(libc_a-closer.o) (errno)
C:/ST/STM32CubeIDE_1.12.0/STM32CubeIDE/plugins/com.st.stm32cube.ide.mcu.externaltools.gnu-tools-for-stm32.11.3.rel1.win32_1.1.100.202309141235/tools/bin/../lib/gcc/arm-none-eabi/11.3.1/../../../../arm-none-eabi/lib/thumb/v7e-m+fp/hard\libc_nano.a(libc_a-impure.o)
                              C:/ST/STM32CubeIDE_1.12.0/STM32CubeIDE/plugins/com.st.stm32cube.ide.mcu.externaltools.gnu-tools-for-stm32.11.3.rel1.win32_1.1.100.202309141235/tools/bin/../lib/gcc/arm-none-eabi/11.3.1/../../../../arm-none-eabi/lib/thumb/v7e-m+fp/hard\libc_nano.a(libc_a-reent.o) (_impure_ptr)
C:/ST/STM32CubeIDE_1.12.0/STM32CubeIDE/plugins/com.st.stm32cube.ide.mcu.externaltools.gnu-tools-for-stm32.11.3.rel1.win32_1.1.100.202309141235/tools/bin/../lib/gcc/arm-none-eabi/11.3.1/../../../../arm-none-eabi/lib/thumb/v7e-m+fp/hard\libc_nano.a(libc_a-lseekr.o)
[...]
Memory Configuration

Name             Origin             Length             Attributes
CCMRAM           0x0000000010000000 0x0000000000010000 xrw
RAM              0x0000000020000000 0x0000000000030000 xrw
FLASH            0x0000000008000000 0x0000000000200000 xr
*default*        0x0000000000000000 0xffffffffffffffff

Linker script and memory map

LOAD C:/ST/STM32CubeIDE_1.12.0/STM32CubeIDE/plugins/com.st.stm32cube.ide.mcu.externaltools.gnu-tools-for-stm32.11.3.rel1.win32_1.1.100.202309141235/tools/bin/../lib/gcc/arm-none-eabi/11.3.1/thumb/v7e-m+fp/hard/crti.o
LOAD C:/ST/STM32CubeIDE_1.12.0/STM32CubeIDE/plugins/com.st.stm32cube.ide.mcu.externaltools.gnu-tools-for-stm32.11.3.rel1.win32_1.1.100.202309141235/tools/bin/../lib/gcc/arm-none-eabi/11.3.1/thumb/v7e-m+fp/hard/crtbegin.o
LOAD C:/ST/STM32CubeIDE_1.12.0/STM32CubeIDE/plugins/com.st.stm32cube.ide.mcu.externaltools.gnu-tools-for-stm32.11.3.rel1.win32_1.1.100.202309141235/tools/bin/../lib/gcc/arm-none-eabi/11.3.1/../../../../arm-none-eabi/lib/thumb/v7e-m+fp/hard/crt0.o
LOAD ./Core/Src/button.o
LOAD ./Core/Src/dotmatrix.o
LOAD ./Core/Src/gpio_callback_management.o
LOAD ./Core/Src/i2c_lcd.o
LOAD ./Core/Src/led.o
LOAD ./Core/Src/main.o
LOAD ./Core/Src/stepmotor.o
LOAD ./Core/Src/stm32f4xx_hal_msp.o
LOAD ./Core/Src/stm32f4xx_it.o
LOAD ./Core/Src/syscalls.o
LOAD ./Core/Src/sysmem.o
LOAD ./Core/Src/system_stm32f4xx.o
LOAD ./Core/Src/timer_management.o
LOAD ./Core/Startup/startup_stm32f429zitx.o
LOAD ./Drivers/STM32F4xx_HAL_Driver/Src/stm32f4xx_hal.o
LOAD ./Drivers/STM32F4xx_HAL_Driver/Src/stm32f4xx_hal_cortex.o
LOAD ./Drivers/STM32F4xx_HAL_Driver/Src/stm32f4xx_hal_dma.o
LOAD ./Drivers/STM32F4xx_HAL_Driver/Src/stm32f4xx_hal_dma_ex.o
LOAD ./Drivers/STM32F4xx_HAL_Driver/Src/stm32f4xx_hal_eth.o
LOAD ./Drivers/STM32F4xx_HAL_Driver/Src/stm32f4xx_hal_exti.o
LOAD ./Drivers/STM32F4xx_HAL_Driver/Src/stm32f4xx_hal_flash.o
LOAD ./Drivers/STM32F4xx_HAL_Driver/Src/stm32f4xx_hal_flash_ex.o
LOAD ./Drivers/STM32F4xx_HAL_Driver/Src/stm32f4xx_hal_flash_ramfunc.o
LOAD ./Drivers/STM32F4xx_HAL_Driver/Src/stm32f4xx_hal_gpio.o
LOAD ./Drivers/STM32F4xx_HAL_Driver/Src/stm32f4xx_hal_i2c.o
LOAD ./Drivers/STM32F4xx_HAL_Driver/Src/stm32f4xx_hal_i2c_ex.o
LOAD ./Drivers/STM32F4xx_HAL_Driver/Src/stm32f4xx_hal_pcd.o
LOAD ./Drivers/STM32F4xx_HAL_Driver/Src/stm32f4xx_hal_pcd_ex.o
LOAD ./Drivers/STM32F4xx_HAL_Driver/Src/stm32f4xx_hal_pwr.o
LOAD ./Drivers/STM32F4xx_HAL_Driver/Src/stm32f4xx_hal_pwr_ex.o
LOAD ./Drivers/STM32F4xx_HAL_Driver/Src/stm32f4xx_hal_rcc.o
LOAD ./Drivers/STM32F4xx_HAL_Driver/Src/stm32f4xx_hal_rcc_ex.o
LOAD ./Drivers/STM32F4xx_HAL_Driver/Src/stm32f4xx_hal_tim.o
LOAD ./Drivers/STM32F4xx_HAL_Driver/Src/stm32f4xx_hal_tim_ex.o
LOAD ./Drivers/STM32F4xx_HAL_Driver/Src/stm32f4xx_hal_uart.o
LOAD ./Drivers/STM32F4xx_HAL_Driver/Src/stm32f4xx_ll_usb.o
START GROUP
LOAD C:/ST/STM32CubeIDE_1.12.0/STM32CubeIDE/plugins/com.st.stm32cube.ide.mcu.externaltools.gnu-tools-for-stm32.11.3.rel1.win32_1.1.100.202309141235/tools/bin/../lib/gcc/arm-none-eabi/11.3.1/../../../../arm-none-eabi/lib/thumb/v7e-m+fp/hard\libc_nano.a
LOAD C:/ST/STM32CubeIDE_1.12.0/STM32CubeIDE/plugins/com.st.stm32cube.ide.mcu.externaltools.gnu-tools-for-stm32.11.3.rel1.win32_1.1.100.202309141235/tools/bin/../lib/gcc/arm-none-eabi/11.3.1/../../../../arm-none-eabi/lib/thumb/v7e-m+fp/hard\libm.a
END GROUP
START GROUP
LOAD C:/ST/STM32CubeIDE_1.12.0/STM32CubeIDE/plugins/com.st.stm32cube.ide.mcu.externaltools.gnu-tools-for-stm32.11.3.rel1.win32_1.1.100.202309141235/tools/bin/../lib/gcc/arm-none-eabi/11.3.1/thumb/v7e-m+fp/hard\libgcc.a
LOAD C:/ST/STM32CubeIDE_1.12.0/STM32CubeIDE/plugins/com.st.stm32cube.ide.mcu.externaltools.gnu-tools-for-stm32.11.3.rel1.win32_1.1.100.202309141235/tools/bin/../lib/gcc/arm-none-eabi/11.3.1/../../../../arm-none-eabi/lib/thumb/v7e-m+fp/hard\libc_nano.a
END GROUP
START GROUP
LOAD C:/ST/STM32CubeIDE_1.12.0/STM32CubeIDE/plugins/com.st.stm32cube.ide.mcu.externaltools.gnu-tools-for-stm32.11.3.rel1.win32_1.1.100.202309141235/tools/bin/../lib/gcc/arm-none-eabi/11.3.1/thumb/v7e-m+fp/hard\libgcc.a
LOAD C:/ST/STM32CubeIDE_1.12.0/STM32CubeIDE/plugins/com.st.stm32cube.ide.mcu.externaltools.gnu-tools-for-stm32.11.3.rel1.win32_1.1.100.202309141235/tools/bin/../lib/gcc/arm-none-eabi/11.3.1/../../../../arm-none-eabi/lib/thumb/v7e-m+fp/hard\libc_nano.a
LOAD C:/ST/STM32CubeIDE_1.12.0/STM32CubeIDE/plugins/com.st.stm32cube.ide.mcu.externaltools.gnu-tools-for-stm32.11.3.rel1.win32_1.1.100.202309141235/tools/bin/../lib/gcc/arm-none-eabi/11.3.1/../../../../arm-none-eabi/lib/thumb/v7e-m+fp/hard\libnosys.a
END GROUP
START GROUP
LOAD C:/ST/STM32CubeIDE_1.12.0/STM32CubeIDE/plugins/com.st.stm32cube.ide.mcu.externaltools.gnu-tools-for-stm32.11.3.rel1.win32_1.1.100.202309141235/tools/bin/../lib/gcc/arm-none-eabi/11.3.1/thumb/v7e-m+fp/hard\libgcc.a
LOAD C:/ST/STM32CubeIDE_1.12.0/STM32CubeIDE/plugins/com.st.stm32cube.ide.mcu.externaltools.gnu-tools-for-stm32.11.3.rel1.win32_1.1.100.202309141235/tools/bin/../lib/gcc/arm-none-eabi/11.3.1/../../../../arm-none-eabi/lib/thumb/v7e-m+fp/hard\libc_nano.a
LOAD C:/ST/STM32CubeIDE_1.12.0/STM32CubeIDE/plugins/com.st.stm32cube.ide.mcu.externaltools.gnu-tools-for-stm32.11.3.rel1.win32_1.1.100.202309141235/tools/bin/../lib/gcc/arm-none-eabi/11.3.1/../../../../arm-none-eabi/lib/thumb/v7e-m+fp/hard\libnosys.a
END GROUP
LOAD C:/ST/STM32CubeIDE_1.12.0/STM32CubeIDE/plugins/com.st.stm32cube.ide.mcu.externaltools.gnu-tools-for-stm32.11.3.rel1.win32_1.1.100.202309141235/tools/bin/../lib/gcc/arm-none-eabi/11.3.1/thumb/v7e-m+fp/hard/crtend.o
LOAD C:/ST/STM32CubeIDE_1.12.0/STM32CubeIDE/plugins/com.st.stm32cube.ide.mcu.externaltools.gnu-tools-for-stm32.11.3.rel1.win32_1.1.100.202309141235/tools/bin/../lib/gcc/arm-none-eabi/11.3.1/thumb/v7e-m+fp/hard/crtn.o
                0x0000000020030000                _estack = (ORIGIN (RAM) + LENGTH (RAM))
                0x0000000000000200                _Min_Heap_Size = 0x200
                0x0000000000000400                _Min_Stack_Size = 0x400

.isr_vector     0x0000000008000000      0x1ac
                0x0000000008000000                . = ALIGN (0x4)
 *(.isr_vector)
 .isr_vector    0x0000000008000000      0x1ac ./Core/Startup/startup_stm32f429zitx.o
                0x0000000008000000                g_pfnVectors
                0x00000000080001ac                . = ALIGN (0x4)

.text           0x00000000080001ac     0x42e0
                0x00000000080001ac                . = ALIGN (0x4)
 *(.text)
 .text          0x00000000080001ac       0x40 C:/ST/STM32CubeIDE_1.12.0/STM32CubeIDE/plugins/com.st.stm32cube.ide.mcu.externaltools.gnu-tools-for-stm32.11.3.rel1.win32_1.1.100.202309141235/tools/bin/../lib/gcc/arm-none-eabi/11.3.1/thumb/v7e-m+fp/hard/crtbegin.o
 .text          0x00000000080001ec       0x30 C:/ST/STM32CubeIDE_1.12.0/STM32CubeIDE/plugins/com.st.stm32cube.ide.mcu.externaltools.gnu-tools-for-stm32.11.3.rel1.win32_1.1.100.202309141235/tools/bin/../lib/gcc/arm-none-eabi/11.3.1/thumb/v7e-m+fp/hard\libgcc.a(_aeabi_uldivmod.o)
                0x00000000080001ec                __aeabi_uldivmod
 .text          0x000000000800021c      0x2c8 C:/ST/STM32CubeIDE_1.12.0/STM32CubeIDE/plugins/com.st.stm32cube.ide.mcu.externaltools.gnu-tools-for-stm32.11.3.rel1.win32_1.1.100.202309141235/tools/bin/../lib/gcc/arm-none-eabi/11.3.1/thumb/v7e-m+fp/hard\libgcc.a(_udivmoddi4.o)
                0x000000000800021c                __udivmoddi4
 .text          0x00000000080004e4        0x4 C:/ST/STM32CubeIDE_1.12.0/STM32CubeIDE/plugins/com.st.stm32cube.ide.mcu.externaltools.gnu-tools-for-stm32.11.3.rel1.win32_1.1.100.202309141235/tools/bin/../lib/gcc/arm-none-eabi/11.3.1/thumb/v7e-m+fp/hard\libgcc.a(_dvmd_tls.o)
                0x00000000080004e4                __aeabi_idiv0
                0x00000000080004e4                __aeabi_ldiv0
 *(.text*)
 .text.HAL_GPIO_EXTI_Callback
                0x00000000080004e8       0x16 ./Core/Src/gpio_callback_management.o
                0x00000000080004e8                HAL_GPIO_EXTI_Callback
 *fill*         0x00000000080004fe        0x2 
 .text.lcd_command
                0x0000000008000500       0x68 ./Core/Src/i2c_lcd.o
                0x0000000008000500                lcd_command
 .text.lcd_data
                0x0000000008000568       0x68 ./Core/Src/i2c_lcd.o
                0x0000000008000568                lcd_data
 .text.i2c_lcd_init
                0x00000000080005d0       0x32 ./Core/Src/i2c_lcd.o
                0x00000000080005d0                i2c_lcd_init
 .text.lcd_string
                0x0000000008000602       0x2a ./Core/Src/i2c_lcd.o
                0x0000000008000602                lcd_string
 .text.main     0x000000000800062c       0x48 ./Core/Src/main.o
                0x000000000800062c                main
 .text.SystemClock_Config
                0x0000000008000674       0xd4 ./Core/Src/main.o
                0x0000000008000674                SystemClock_Config
 .text.MX_ETH_Init
                0x0000000008000748       0x9c ./Core/Src/main.o
 .text.MX_I2C1_Init
                0x00000000080007e4       0x80 ./Core/Src/main.o
 .text.MX_TIM11_Init
                0x0000000008000864       0x48 ./Core/Src/main.o
 .text.MX_USART3_UART_Init
                0x00000000080008ac       0x54 ./Core/Src/main.o
 .text.MX_USB_OTG_FS_PCD_Init
                0x0000000008000900       0x5c ./Core/Src/main.o
 .text.MX_GPIO_Init
                0x000000000800095c      0x270 ./Core/Src/main.o
 .text.Error_Handler
                0x0000000008000bcc        0xa ./Core/Src/main.o
                0x0000000008000bcc                Error_Handler
 *fill*         0x0000000008000bd6        0x2 
 .text.HAL_MspInit
                0x0000000008000bd8       0x50 ./Core/Src/stm32f4xx_hal_msp.o
                0x0000000008000bd8                HAL_MspInit
 .text.HAL_ETH_MspInit
                0x0000000008000c28      0x18c ./Core/Src/stm32f4xx_hal_msp.o
                0x0000000008000c28                HAL_ETH_MspInit
 .text.HAL_I2C_MspInit
                0x0000000008000db4       0x90 ./Core/Src/stm32f4xx_hal_msp.o
                0x0000000008000db4                HAL_I2C_MspInit
 .text.HAL_TIM_Base_MspInit
                0x0000000008000e44       0x50 ./Core/Src/stm32f4xx_hal_msp.o
                0x0000000008000e44                HAL_TIM_Base_MspInit
 .text.HAL_UART_MspInit
                0x0000000008000e94       0x90 ./Core/Src/stm32f4xx_hal_msp.o
                0x0000000008000e94                HAL_UART_MspInit
 .text.HAL_PCD_MspInit
                0x0000000008000f24       0xb4 ./Core/Src/stm32f4xx_hal_msp.o
                0x0000000008000f24                HAL_PCD_MspInit
 .text.NMI_Handler
                0x0000000008000fd8        0x6 ./Core/Src/stm32f4xx_it.o
                0x0000000008000fd8                NMI_Handler
 .text.HardFault_Handler
                0x0000000008000fde        0x6 ./Core/Src/stm32f4xx_it.o
                0x0000000008000fde                HardFault_Handler
 .text.MemManage_Handler
                0x0000000008000fe4        0x6 ./Core/Src/stm32f4xx_it.o
                0x0000000008000fe4                MemManage_Handler
 .text.BusFault_Handler
                0x0000000008000fea        0x6 ./Core/Src/stm32f4xx_it.o
                0x0000000008000fea                BusFault_Handler
 .text.UsageFault_Handler
                0x0000000008000ff0        0x6 ./Core/Src/stm32f4xx_it.o
                0x0000000008000ff0                UsageFault_Handler
 .text.SVC_Handler
                0x0000000008000ff6        0xe ./Core/Src/stm32f4xx_it.o
                0x0000000008000ff6                SVC_Handler
 .text.DebugMon_Handler
                0x0000000008001004        0xe ./Core/Src/stm32f4xx_it.o
                0x0000000008001004                DebugMon_Handler
 .text.PendSV_Handler
                0x0000000008001012        0xe ./Core/Src/stm32f4xx_it.o
                0x0000000008001012                PendSV_Handler
 .text.SysTick_Handler
                0x0000000008001020        0xc ./Core/Src/stm32f4xx_it.o
                0x0000000008001020                SysTick_Handler
 .text.EXTI0_IRQHandler
                0x000000000800102c        0xe ./Core/Src/stm32f4xx_it.o
                0x000000000800102c                EXTI0_IRQHandler
 .text.EXTI2_IRQHandler
                0x000000000800103a        0xe ./Core/Src/stm32f4xx_it.o
                0x000000000800103a                EXTI2_IRQHandler
 .text.EXTI3_IRQHandler
                0x0000000008001048        0xe ./Core/Src/stm32f4xx_it.o
                0x0000000008001048                EXTI3_IRQHandler
 *fill*         0x0000000008001056        0x2 
 .text.TIM1_TRG_COM_TIM11_IRQHandler
                0x0000000008001058       0x14 ./Core/Src/stm32f4xx_it.o
                0x0000000008001058                TIM1_TRG_COM_TIM11_IRQHandler
 .text.SystemInit
                0x000000000800106c       0x24 ./Core/Src/system_stm32f4xx.o
                0x000000000800106c                SystemInit
 .text.Reset_Handler
                0x0000000008001090       0x50 ./Core/Startup/startup_stm32f429zitx.o
                0x0000000008001090                Reset_Handler
 .text.Default_Handler
                0x00000000080010e0        0x2 ./Core/Startup/startup_stm32f429zitx.o
                0x00000000080010e0                RTC_Alarm_IRQHandler
                0x00000000080010e0                HASH_RNG_IRQHandler
                0x00000000080010e0                TIM8_CC_IRQHandler
                0x00000000080010e0                UART8_IRQHandler
                0x00000000080010e0                SPI4_IRQHandler
                0x00000000080010e0                TIM1_CC_IRQHandler
                0x00000000080010e0                DMA2_Stream5_IRQHandler
                0x00000000080010e0                DMA1_Stream5_IRQHandler
                0x00000000080010e0                PVD_IRQHandler
                0x00000000080010e0                SDIO_IRQHandler
                0x00000000080010e0                TAMP_STAMP_IRQHandler
                0x00000000080010e0                CAN2_RX1_IRQHandler
                0x00000000080010e0                TIM8_TRG_COM_TIM14_IRQHandler
                0x00000000080010e0                TIM1_UP_TIM10_IRQHandler
                0x00000000080010e0                TIM8_UP_TIM13_IRQHandler
                0x00000000080010e0                I2C3_ER_IRQHandler
                0x00000000080010e0                I2C2_EV_IRQHandler
                0x00000000080010e0                DMA1_Stream2_IRQHandler
                0x00000000080010e0                CAN1_RX0_IRQHandler
                0x00000000080010e0                FPU_IRQHandler
                0x00000000080010e0                OTG_HS_WKUP_IRQHandler
                0x00000000080010e0                LTDC_ER_IRQHandler
                0x00000000080010e0                CAN2_SCE_IRQHandler
                0x00000000080010e0                DMA2_Stream2_IRQHandler
                0x00000000080010e0                SPI1_IRQHandler
                0x00000000080010e0                TIM6_DAC_IRQHandler
                0x00000000080010e0                TIM1_BRK_TIM9_IRQHandler
                0x00000000080010e0                DCMI_IRQHandler
                0x00000000080010e0                CAN2_RX0_IRQHandler
                0x00000000080010e0                DMA2_Stream3_IRQHandler
                0x00000000080010e0                USART6_IRQHandler
                0x00000000080010e0                USART3_IRQHandler
                0x00000000080010e0                CAN1_RX1_IRQHandler
                0x00000000080010e0                UART5_IRQHandler
                0x00000000080010e0                DMA2_Stream0_IRQHandler
                0x00000000080010e0                TIM4_IRQHandler
                0x00000000080010e0                I2C1_EV_IRQHandler
                0x00000000080010e0                DMA1_Stream6_IRQHandler
                0x00000000080010e0                DMA1_Stream1_IRQHandler
                0x00000000080010e0                UART4_IRQHandler
                0x00000000080010e0                TIM3_IRQHandler
                0x00000000080010e0                RCC_IRQHandler
                0x00000000080010e0                TIM8_BRK_TIM12_IRQHandler
                0x00000000080010e0                Default_Handler
                0x00000000080010e0                EXTI15_10_IRQHandler
                0x00000000080010e0                ADC_IRQHandler
                0x00000000080010e0                DMA1_Stream7_IRQHandler
                0x00000000080010e0                SPI5_IRQHandler
                0x00000000080010e0                TIM7_IRQHandler
                0x00000000080010e0                CAN2_TX_IRQHandler
                0x00000000080010e0                TIM5_IRQHandler
                0x00000000080010e0                DMA2_Stream7_IRQHandler
                0x00000000080010e0                I2C3_EV_IRQHandler
                0x00000000080010e0                EXTI9_5_IRQHandler
                0x00000000080010e0                RTC_WKUP_IRQHandler
                0x00000000080010e0                LTDC_IRQHandler
                0x00000000080010e0                ETH_WKUP_IRQHandler
                0x00000000080010e0                SPI2_IRQHandler
                0x00000000080010e0                OTG_HS_EP1_IN_IRQHandler
                0x00000000080010e0                DMA1_Stream0_IRQHandler
                0x00000000080010e0                CAN1_TX_IRQHandler
                0x00000000080010e0                EXTI4_IRQHandler
                0x00000000080010e0                ETH_IRQHandler
                0x00000000080010e0                OTG_HS_EP1_OUT_IRQHandler
                0x00000000080010e0                WWDG_IRQHandler
                0x00000000080010e0                SPI6_IRQHandler
                0x00000000080010e0                TIM2_IRQHandler
                0x00000000080010e0                OTG_FS_WKUP_IRQHandler
                0x00000000080010e0                OTG_HS_IRQHandler
                0x00000000080010e0                DMA2D_IRQHandler
                0x00000000080010e0                EXTI1_IRQHandler
                0x00000000080010e0                UART7_IRQHandler
                0x00000000080010e0                USART2_IRQHandler
                0x00000000080010e0                I2C2_ER_IRQHandler
                0x00000000080010e0                DMA2_Stream1_IRQHandler
                0x00000000080010e0                CAN1_SCE_IRQHandler
                0x00000000080010e0                FLASH_IRQHandler
                0x00000000080010e0                DMA2_Stream4_IRQHandler
                0x00000000080010e0                USART1_IRQHandler
                0x00000000080010e0                OTG_FS_IRQHandler
                0x00000000080010e0                SPI3_IRQHandler
                0x00000000080010e0                DMA1_Stream4_IRQHandler
                0x00000000080010e0                I2C1_ER_IRQHandler
                0x00000000080010e0                FMC_IRQHandler
                0x00000000080010e0                DMA2_Stream6_IRQHandler
                0x00000000080010e0                SAI1_IRQHandler
                0x00000000080010e0                DMA1_Stream3_IRQHandler
 *fill*         0x00000000080010e2        0x2 
 .text.HAL_Init
                0x00000000080010e4       0x44 ./Drivers/STM32F4xx_HAL_Driver/Src/stm32f4xx_hal.o
                0x00000000080010e4                HAL_Init
 .text.HAL_InitTick
                0x0000000008001128       0x60 ./Drivers/STM32F4xx_HAL_Driver/Src/stm32f4xx_hal.o
                0x0000000008001128                HAL_InitTick
 .text.HAL_IncTick
                0x0000000008001188       0x28 ./Drivers/STM32F4xx_HAL_Driver/Src/stm32f4xx_hal.o
                0x0000000008001188                HAL_IncTick
 .text.HAL_GetTick
                0x00000000080011b0       0x18 ./Drivers/STM32F4xx_HAL_Driver/Src/stm32f4xx_hal.o
                0x00000000080011b0                HAL_GetTick
 .text.HAL_Delay
                0x00000000080011c8       0x48 ./Drivers/STM32F4xx_HAL_Driver/Src/stm32f4xx_hal.o
                0x00000000080011c8                HAL_Delay
 .text.__NVIC_SetPriorityGrouping
                0x0000000008001210       0x48 ./Drivers/STM32F4xx_HAL_Driver/Src/stm32f4xx_hal_cortex.o
 .text.__NVIC_GetPriorityGrouping
                0x0000000008001258       0x1c ./Drivers/STM32F4xx_HAL_Driver/Src/stm32f4xx_hal_cortex.o
 .text.__NVIC_EnableIRQ
                0x0000000008001274       0x3c ./Drivers/STM32F4xx_HAL_Driver/Src/stm32f4xx_hal_cortex.o
 .text.__NVIC_SetPriority
                0x00000000080012b0       0x54 ./Drivers/STM32F4xx_HAL_Driver/Src/stm32f4xx_hal_cortex.o
 .text.NVIC_EncodePriority
                0x0000000008001304       0x66 ./Drivers/STM32F4xx_HAL_Driver/Src/stm32f4xx_hal_cortex.o
 *fill*         0x000000000800136a        0x2 
 .text.SysTick_Config
                0x000000000800136c       0x44 ./Drivers/STM32F4xx_HAL_Driver/Src/stm32f4xx_hal_cortex.o
 .text.HAL_NVIC_SetPriorityGrouping
                0x00000000080013b0       0x16 ./Drivers/STM32F4xx_HAL_Driver/Src/stm32f4xx_hal_cortex.o
                0x00000000080013b0                HAL_NVIC_SetPriorityGrouping
 .text.HAL_NVIC_SetPriority
                0x00000000080013c6       0x38 ./Drivers/STM32F4xx_HAL_Driver/Src/stm32f4xx_hal_cortex.o
                0x00000000080013c6                HAL_NVIC_SetPriority
 .text.HAL_NVIC_EnableIRQ
                0x00000000080013fe       0x1c ./Drivers/STM32F4xx_HAL_Driver/Src/stm32f4xx_hal_cortex.o
                0x00000000080013fe                HAL_NVIC_EnableIRQ
 .text.HAL_SYSTICK_Config
                0x000000000800141a       0x18 ./Drivers/STM32F4xx_HAL_Driver/Src/stm32f4xx_hal_cortex.o
                0x000000000800141a                HAL_SYSTICK_Config
 *fill*         0x0000000008001432        0x2 
 .text.HAL_ETH_Init
                0x0000000008001434       0xfc ./Drivers/STM32F4xx_HAL_Driver/Src/stm32f4xx_hal_eth.o
                0x0000000008001434                HAL_ETH_Init
 .text.ETH_SetMACConfig
                0x0000000008001530      0x160 ./Drivers/STM32F4xx_HAL_Driver/Src/stm32f4xx_hal_eth.o
 .text.ETH_SetDMAConfig
                0x0000000008001690      0x114 ./Drivers/STM32F4xx_HAL_Driver/Src/stm32f4xx_hal_eth.o
 .text.ETH_MACDMAConfig
                0x00000000080017a4       0xe4 ./Drivers/STM32F4xx_HAL_Driver/Src/stm32f4xx_hal_eth.o
 .text.ETH_MACAddressConfig
                0x0000000008001888       0x70 ./Drivers/STM32F4xx_HAL_Driver/Src/stm32f4xx_hal_eth.o
 .text.ETH_DMATxDescListInit
                0x00000000080018f8       0xb2 ./Drivers/STM32F4xx_HAL_Driver/Src/stm32f4xx_hal_eth.o
 .text.ETH_DMARxDescListInit
                0x00000000080019aa       0xda ./Drivers/STM32F4xx_HAL_Driver/Src/stm32f4xx_hal_eth.o
 .text.HAL_GPIO_Init
                0x0000000008001a84      0x358 ./Drivers/STM32F4xx_HAL_Driver/Src/stm32f4xx_hal_gpio.o
                0x0000000008001a84                HAL_GPIO_Init
 .text.HAL_GPIO_WritePin
                0x0000000008001ddc       0x32 ./Drivers/STM32F4xx_HAL_Driver/Src/stm32f4xx_hal_gpio.o
                0x0000000008001ddc                HAL_GPIO_WritePin
 *fill*         0x0000000008001e0e        0x2 
 .text.HAL_GPIO_EXTI_IRQHandler
                0x0000000008001e10       0x30 ./Drivers/STM32F4xx_HAL_Driver/Src/stm32f4xx_hal_gpio.o
                0x0000000008001e10                HAL_GPIO_EXTI_IRQHandler
 .text.HAL_I2C_Init
                0x0000000008001e40      0x288 ./Drivers/STM32F4xx_HAL_Driver/Src/stm32f4xx_hal_i2c.o
                0x0000000008001e40                HAL_I2C_Init
 .text.HAL_I2C_Master_Transmit
                0x00000000080020c8      0x1fc ./Drivers/STM32F4xx_HAL_Driver/Src/stm32f4xx_hal_i2c.o
                0x00000000080020c8                HAL_I2C_Master_Transmit
 .text.I2C_MasterRequestWrite
                0x00000000080022c4      0x104 ./Drivers/STM32F4xx_HAL_Driver/Src/stm32f4xx_hal_i2c.o
 .text.I2C_WaitOnFlagUntilTimeout
                0x00000000080023c8       0xae ./Drivers/STM32F4xx_HAL_Driver/Src/stm32f4xx_hal_i2c.o
 .text.I2C_WaitOnMasterAddressFlagUntilTimeout
                0x0000000008002476       0xfe ./Drivers/STM32F4xx_HAL_Driver/Src/stm32f4xx_hal_i2c.o
 .text.I2C_WaitOnTXEFlagUntilTimeout
                0x0000000008002574       0x82 ./Drivers/STM32F4xx_HAL_Driver/Src/stm32f4xx_hal_i2c.o
 .text.I2C_WaitOnBTFFlagUntilTimeout
                0x00000000080025f6       0x82 ./Drivers/STM32F4xx_HAL_Driver/Src/stm32f4xx_hal_i2c.o
 .text.I2C_IsAcknowledgeFailed
                0x0000000008002678       0x5e ./Drivers/STM32F4xx_HAL_Driver/Src/stm32f4xx_hal_i2c.o
 .text.HAL_I2CEx_ConfigAnalogFilter
                0x00000000080026d6       0x78 ./Drivers/STM32F4xx_HAL_Driver/Src/stm32f4xx_hal_i2c_ex.o
                0x00000000080026d6                HAL_I2CEx_ConfigAnalogFilter
 .text.HAL_I2CEx_ConfigDigitalFilter
                0x000000000800274e       0x7e ./Drivers/STM32F4xx_HAL_Driver/Src/stm32f4xx_hal_i2c_ex.o
                0x000000000800274e                HAL_I2CEx_ConfigDigitalFilter
 .text.HAL_PCD_Init
                0x00000000080027cc      0x23a ./Drivers/STM32F4xx_HAL_Driver/Src/stm32f4xx_hal_pcd.o
                0x00000000080027cc                HAL_PCD_Init
 *fill*         0x0000000008002a06        0x2 
 .text.HAL_RCC_OscConfig
                0x0000000008002a08      0x4f0 ./Drivers/STM32F4xx_HAL_Driver/Src/stm32f4xx_hal_rcc.o
                0x0000000008002a08                HAL_RCC_OscConfig
 .text.HAL_RCC_ClockConfig
                0x0000000008002ef8      0x1cc ./Drivers/STM32F4xx_HAL_Driver/Src/stm32f4xx_hal_rcc.o
                0x0000000008002ef8                HAL_RCC_ClockConfig
 .text.HAL_RCC_GetSysClockFreq
                0x00000000080030c4      0x20c ./Drivers/STM32F4xx_HAL_Driver/Src/stm32f4xx_hal_rcc.o
                0x00000000080030c4                HAL_RCC_GetSysClockFreq
 .text.HAL_RCC_GetHCLKFreq
                0x00000000080032d0       0x18 ./Drivers/STM32F4xx_HAL_Driver/Src/stm32f4xx_hal_rcc.o
                0x00000000080032d0                HAL_RCC_GetHCLKFreq
 .text.HAL_RCC_GetPCLK1Freq
                0x00000000080032e8       0x28 ./Drivers/STM32F4xx_HAL_Driver/Src/stm32f4xx_hal_rcc.o
                0x00000000080032e8                HAL_RCC_GetPCLK1Freq
 .text.HAL_RCC_GetPCLK2Freq
                0x0000000008003310       0x28 ./Drivers/STM32F4xx_HAL_Driver/Src/stm32f4xx_hal_rcc.o
                0x0000000008003310                HAL_RCC_GetPCLK2Freq
 .text.HAL_TIM_Base_Init
                0x0000000008003338       0x9e ./Drivers/STM32F4xx_HAL_Driver/Src/stm32f4xx_hal_tim.o
                0x0000000008003338                HAL_TIM_Base_Init
 *fill*         0x00000000080033d6        0x2 
 .text.HAL_TIM_Base_Start_IT
                0x00000000080033d8       0xe0 ./Drivers/STM32F4xx_HAL_Driver/Src/stm32f4xx_hal_tim.o
                0x00000000080033d8                HAL_TIM_Base_Start_IT
 .text.HAL_TIM_IRQHandler
                0x00000000080034b8      0x210 ./Drivers/STM32F4xx_HAL_Driver/Src/stm32f4xx_hal_tim.o
                0x00000000080034b8                HAL_TIM_IRQHandler
 .text.HAL_TIM_PeriodElapsedCallback
                0x00000000080036c8       0x14 ./Drivers/STM32F4xx_HAL_Driver/Src/stm32f4xx_hal_tim.o
                0x00000000080036c8                HAL_TIM_PeriodElapsedCallback
 .text.HAL_TIM_OC_DelayElapsedCallback
                0x00000000080036dc       0x14 ./Drivers/STM32F4xx_HAL_Driver/Src/stm32f4xx_hal_tim.o
                0x00000000080036dc                HAL_TIM_OC_DelayElapsedCallback
 .text.HAL_TIM_IC_CaptureCallback
                0x00000000080036f0       0x14 ./Drivers/STM32F4xx_HAL_Driver/Src/stm32f4xx_hal_tim.o
                0x00000000080036f0                HAL_TIM_IC_CaptureCallback
 .text.HAL_TIM_PWM_PulseFinishedCallback
                0x0000000008003704       0x14 ./Drivers/STM32F4xx_HAL_Driver/Src/stm32f4xx_hal_tim.o
                0x0000000008003704                HAL_TIM_PWM_PulseFinishedCallback
 .text.HAL_TIM_TriggerCallback
                0x0000000008003718       0x14 ./Drivers/STM32F4xx_HAL_Driver/Src/stm32f4xx_hal_tim.o
                0x0000000008003718                HAL_TIM_TriggerCallback
 .text.TIM_Base_SetConfig
                0x000000000800372c      0x140 ./Drivers/STM32F4xx_HAL_Driver/Src/stm32f4xx_hal_tim.o
                0x000000000800372c                TIM_Base_SetConfig
 .text.HAL_TIMEx_CommutCallback
                0x000000000800386c       0x14 ./Drivers/STM32F4xx_HAL_Driver/Src/stm32f4xx_hal_tim_ex.o
                0x000000000800386c                HAL_TIMEx_CommutCallback
 .text.HAL_TIMEx_BreakCallback
                0x0000000008003880       0x14 ./Drivers/STM32F4xx_HAL_Driver/Src/stm32f4xx_hal_tim_ex.o
                0x0000000008003880                HAL_TIMEx_BreakCallback
 .text.HAL_UART_Init
                0x0000000008003894       0x9a ./Drivers/STM32F4xx_HAL_Driver/Src/stm32f4xx_hal_uart.o
                0x0000000008003894                HAL_UART_Init
 *fill*         0x000000000800392e        0x2 
 .text.UART_SetConfig
                0x0000000008003930      0x4e8 ./Drivers/STM32F4xx_HAL_Driver/Src/stm32f4xx_hal_uart.o
 .text.USB_CoreInit
                0x0000000008003e18       0xc2 ./Drivers/STM32F4xx_HAL_Driver/Src/stm32f4xx_ll_usb.o
                0x0000000008003e18                USB_CoreInit
 .text.USB_DisableGlobalInt
                0x0000000008003eda       0x22 ./Drivers/STM32F4xx_HAL_Driver/Src/stm32f4xx_ll_usb.o
                0x0000000008003eda                USB_DisableGlobalInt
 .text.USB_SetCurrentMode
                0x0000000008003efc       0x98 ./Drivers/STM32F4xx_HAL_Driver/Src/stm32f4xx_ll_usb.o
                0x0000000008003efc                USB_SetCurrentMode
 .text.USB_DevInit
                0x0000000008003f94      0x2c8 ./Drivers/STM32F4xx_HAL_Driver/Src/stm32f4xx_ll_usb.o
                0x0000000008003f94                USB_DevInit
 .text.USB_FlushTxFifo
                0x000000000800425c       0x68 ./Drivers/STM32F4xx_HAL_Driver/Src/stm32f4xx_ll_usb.o
                0x000000000800425c                USB_FlushTxFifo
 .text.USB_FlushRxFifo
                0x00000000080042c4       0x60 ./Drivers/STM32F4xx_HAL_Driver/Src/stm32f4xx_ll_usb.o
                0x00000000080042c4                USB_FlushRxFifo
 .text.USB_SetDevSpeed
                0x0000000008004324       0x32 ./Drivers/STM32F4xx_HAL_Driver/Src/stm32f4xx_ll_usb.o
                0x0000000008004324                USB_SetDevSpeed
 .text.USB_DevDisconnect
                0x0000000008004356       0x42 ./Drivers/STM32F4xx_HAL_Driver/Src/stm32f4xx_ll_usb.o
                0x0000000008004356                USB_DevDisconnect
 .text.USB_GetMode
                0x0000000008004398       0x1c ./Drivers/STM32F4xx_HAL_Driver/Src/stm32f4xx_ll_usb.o
                0x0000000008004398                USB_GetMode
 .text.USB_CoreReset
                0x00000000080043b4       0x68 ./Drivers/STM32F4xx_HAL_Driver/Src/stm32f4xx_ll_usb.o
 .text.memset   0x000000000800441c       0x10 C:/ST/STM32CubeIDE_1.12.0/STM32CubeIDE/plugins/com.st.stm32cube.ide.mcu.externaltools.gnu-tools-for-stm32.11.3.rel1.win32_1.1.100.202309141235/tools/bin/../lib/gcc/arm-none-eabi/11.3.1/../../../../arm-none-eabi/lib/thumb/v7e-m+fp/hard\libc_nano.a(libc_a-memset.o)
                0x000000000800441c                memset
 .text.__libc_init_array
                0x000000000800442c       0x48 C:/ST/STM32CubeIDE_1.12.0/STM32CubeIDE/plugins/com.st.stm32cube.ide.mcu.externaltools.gnu-tools-for-stm32.11.3.rel1.win32_1.1.100.202309141235/tools/bin/../lib/gcc/arm-none-eabi/11.3.1/../../../../arm-none-eabi/lib/thumb/v7e-m+fp/hard\libc_nano.a(libc_a-init.o)
                0x000000000800442c                __libc_init_array
 *(.glue_7)
 .glue_7        0x0000000008004474        0x0 linker stubs
 *(.glue_7t)
 .glue_7t       0x0000000008004474        0x0 linker stubs
 *(.eh_frame)
 .eh_frame      0x0000000008004474        0x0 C:/ST/STM32CubeIDE_1.12.0/STM32CubeIDE/plugins/com.st.stm32cube.ide.mcu.externaltools.gnu-tools-for-stm32.11.3.rel1.win32_1.1.100.202309141235/tools/bin/../lib/gcc/arm-none-eabi/11.3.1/thumb/v7e-m+fp/hard/crtbegin.o
 *(.init)
 .init          0x0000000008004474        0x4 C:/ST/STM32CubeIDE_1.12.0/STM32CubeIDE/plugins/com.st.stm32cube.ide.mcu.externaltools.gnu-tools-for-stm32.11.3.rel1.win32_1.1.100.202309141235/tools/bin/../lib/gcc/arm-none-eabi/11.3.1/thumb/v7e-m+fp/hard/crti.o
                0x0000000008004474                _init
 .init          0x0000000008004478        0x8 C:/ST/STM32CubeIDE_1.12.0/STM32CubeIDE/plugins/com.st.stm32cube.ide.mcu.externaltools.gnu-tools-for-stm32.11.3.rel1.win32_1.1.100.202309141235/tools/bin/../lib/gcc/arm-none-eabi/11.3.1/thumb/v7e-m+fp/hard/crtn.o
 *(.fini)
 .fini          0x0000000008004480        0x4 C:/ST/STM32CubeIDE_1.12.0/STM32CubeIDE/plugins/com.st.stm32cube.ide.mcu.externaltools.gnu-tools-for-stm32.11.3.rel1.win32_1.1.100.202309141235/tools/bin/../lib/gcc/arm-none-eabi/11.3.1/thumb/v7e-m+fp/hard/crti.o
                0x0000000008004480                _fini
 .fini          0x0000000008004484        0x8 C:/ST/STM32CubeIDE_1.12.0/STM32CubeIDE/plugins/com.st.stm32cube.ide.mcu.externaltools.gnu-tools-for-stm32.11.3.rel1.win32_1.1.100.202309141235/tools/bin/../lib/gcc/arm-none-eabi/11.3.1/thumb/v7e-m+fp/hard/crtn.o
                0x000000000800448c                . = ALIGN (0x4)
                0x000000000800448c                _etext = .

.vfp11_veneer   0x000000000800448c        0x0
 .vfp11_veneer  0x000000000800448c        0x0 linker stubs

.v4_bx          0x000000000800448c        0x0
 .v4_bx         0x000000000800448c        0x0 linker stubs

.iplt           0x000000000800448c        0x0
 .iplt          0x000000000800448c        0x0 C:/ST/STM32CubeIDE_1.12.0/STM32CubeIDE/plugins/com.st.stm32cube.ide.mcu.externaltools.gnu-tools-for-stm32.11.3.rel1.win32_1.1.100.202309141235/tools/bin/../lib/gcc/arm-none-eabi/11.3.1/thumb/v7e-m+fp/hard/crtbegin.o

.rodata         0x000000000800448c       0x2c
                0x000000000800448c                . = ALIGN (0x4)
 *(.rodata)
 .rodata        0x000000000800448c       0x13 ./Core/Src/main.o
 *(.rodata*)
 *fill*         0x000000000800449f        0x1 
 .rodata.AHBPrescTable
                0x00000000080044a0       0x10 ./Core/Src/system_stm32f4xx.o
                0x00000000080044a0                AHBPrescTable
 .rodata.APBPrescTable
                0x00000000080044b0        0x8 ./Core/Src/system_stm32f4xx.o
                0x00000000080044b0                APBPrescTable
                0x00000000080044b8                . = ALIGN (0x4)

.ARM.extab      0x00000000080044b8        0x0
                0x00000000080044b8                . = ALIGN (0x4)
 *(.ARM.extab* .gnu.linkonce.armextab.*)
                0x00000000080044b8                . = ALIGN (0x4)

.ARM            0x00000000080044b8        0x8
                0x00000000080044b8                . = ALIGN (0x4)
                0x00000000080044b8                __exidx_start = .
 *(.ARM.exidx*)
 .ARM.exidx     0x00000000080044b8        0x8 C:/ST/STM32CubeIDE_1.12.0/STM32CubeIDE/plugins/com.st.stm32cube.ide.mcu.externaltools.gnu-tools-for-stm32.11.3.rel1.win32_1.1.100.202309141235/tools/bin/../lib/gcc/arm-none-eabi/11.3.1/thumb/v7e-m+fp/hard\libgcc.a(_udivmoddi4.o)
                0x00000000080044c0                __exidx_end = .
                0x00000000080044c0                . = ALIGN (0x4)

.rel.dyn        0x00000000080044c0        0x0
 .rel.iplt      0x00000000080044c0        0x0 C:/ST/STM32CubeIDE_1.12.0/STM32CubeIDE/plugins/com.st.stm32cube.ide.mcu.externaltools.gnu-tools-for-stm32.11.3.rel1.win32_1.1.100.202309141235/tools/bin/../lib/gcc/arm-none-eabi/11.3.1/thumb/v7e-m+fp/hard/crtbegin.o

.preinit_array  0x00000000080044c0        0x0
                0x00000000080044c0                . = ALIGN (0x4)
                0x00000000080044c0                PROVIDE (__preinit_array_start = .)
 *(.preinit_array*)
                0x00000000080044c0                PROVIDE (__preinit_array_end = .)
                0x00000000080044c0                . = ALIGN (0x4)

.init_array     0x00000000080044c0        0x4
                0x00000000080044c0                . = ALIGN (0x4)
                0x00000000080044c0                PROVIDE (__init_array_start = .)
 *(SORT_BY_NAME(.init_array.*))
 *(.init_array*)
 .init_array    0x00000000080044c0        0x4 C:/ST/STM32CubeIDE_1.12.0/STM32CubeIDE/plugins/com.st.stm32cube.ide.mcu.externaltools.gnu-tools-for-stm32.11.3.rel1.win32_1.1.100.202309141235/tools/bin/../lib/gcc/arm-none-eabi/11.3.1/thumb/v7e-m+fp/hard/crtbegin.o
                0x00000000080044c4                PROVIDE (__init_array_end = .)
                0x00000000080044c4                . = ALIGN (0x4)

.fini_array     0x00000000080044c4        0x4
                0x00000000080044c4                . = ALIGN (0x4)
                [!provide]                        PROVIDE (__fini_array_start = .)
 *(SORT_BY_NAME(.fini_array.*))
 *(.fini_array*)
 .fini_array    0x00000000080044c4        0x4 C:/ST/STM32CubeIDE_1.12.0/STM32CubeIDE/plugins/com.st.stm32cube.ide.mcu.externaltools.gnu-tools-for-stm32.11.3.rel1.win32_1.1.100.202309141235/tools/bin/../lib/gcc/arm-none-eabi/11.3.1/thumb/v7e-m+fp/hard/crtbegin.o
                [!provide]                        PROVIDE (__fini_array_end = .)
                0x00000000080044c8                . = ALIGN (0x4)
                0x00000000080044c8                _sidata = LOADADDR (.data)

.data           0x0000000020000000        0xc load address 0x00000000080044c8
                0x0000000020000000                . = ALIGN (0x4)
                0x0000000020000000                _sdata = .
 *(.data)
 *(.data*)
 .data.SystemCoreClock
                0x0000000020000000        0x4 ./Core/Src/system_stm32f4xx.o
                0x0000000020000000                SystemCoreClock
 .data.uwTickPrio
                0x0000000020000004        0x4 ./Drivers/STM32F4xx_HAL_Driver/Src/stm32f4xx_hal.o
                0x0000000020000004                uwTickPrio
 .data.uwTickFreq
                0x0000000020000008        0x1 ./Drivers/STM32F4xx_HAL_Driver/Src/stm32f4xx_hal.o
                0x0000000020000008                uwTickFreq
 *(.RamFunc)
 *(.RamFunc*)
                0x000000002000000c                . = ALIGN (0x4)
 *fill*         0x0000000020000009        0x3 
                0x000000002000000c                _edata = .
                0x00000000080044d4                _siccmram = LOADADDR (.ccmram)

.igot.plt       0x000000002000000c        0x0 load address 0x00000000080044d4
 .igot.plt      0x000000002000000c        0x0 C:/ST/STM32CubeIDE_1.12.0/STM32CubeIDE/plugins/com.st.stm32cube.ide.mcu.externaltools.gnu-tools-for-stm32.11.3.rel1.win32_1.1.100.202309141235/tools/bin/../lib/gcc/arm-none-eabi/11.3.1/thumb/v7e-m+fp/hard/crtbegin.o

.ccmram         0x0000000010000000        0x0 load address 0x00000000080044d4
                0x0000000010000000                . = ALIGN (0x4)
                0x0000000010000000                _sccmram = .
 *(.ccmram)
 *(.ccmram*)
                0x0000000010000000                . = ALIGN (0x4)
                0x0000000010000000                _eccmram = .
                0x0000000010000000                . = ALIGN (0x4)

.bss            0x000000002000000c      0x83c
                0x000000002000000c                _sbss = .
                0x000000002000000c                __bss_start__ = _sbss
 *(.bss)
 .bss           0x000000002000000c       0x1c C:/ST/STM32CubeIDE_1.12.0/STM32CubeIDE/plugins/com.st.stm32cube.ide.mcu.externaltools.gnu-tools-for-stm32.11.3.rel1.win32_1.1.100.202309141235/tools/bin/../lib/gcc/arm-none-eabi/11.3.1/thumb/v7e-m+fp/hard/crtbegin.o
 *(.bss*)
 .bss.TxConfig  0x0000000020000028       0x38 ./Core/Src/main.o
                0x0000000020000028                TxConfig
 .bss.DMARxDscrTab
                0x0000000020000060       0xa0 ./Core/Src/main.o
                0x0000000020000060                DMARxDscrTab
 .bss.DMATxDscrTab
                0x0000000020000100       0xa0 ./Core/Src/main.o
                0x0000000020000100                DMATxDscrTab
 .bss.heth      0x00000000200001a0       0xb0 ./Core/Src/main.o
                0x00000000200001a0                heth
 .bss.hi2c1     0x0000000020000250       0x54 ./Core/Src/main.o
                0x0000000020000250                hi2c1
 .bss.htim11    0x00000000200002a4       0x48 ./Core/Src/main.o
                0x00000000200002a4                htim11
 .bss.huart3    0x00000000200002ec       0x44 ./Core/Src/main.o
                0x00000000200002ec                huart3
 .bss.hpcd_USB_OTG_FS
                0x0000000020000330      0x50c ./Core/Src/main.o
                0x0000000020000330                hpcd_USB_OTG_FS
 .bss.MACAddr.0
                0x000000002000083c        0x6 ./Core/Src/main.o
 *fill*         0x0000000020000842        0x2 
 .bss.uwTick    0x0000000020000844        0x4 ./Drivers/STM32F4xx_HAL_Driver/Src/stm32f4xx_hal.o
                0x0000000020000844                uwTick
 *(COMMON)
                0x0000000020000848                . = ALIGN (0x4)
                0x0000000020000848                _ebss = .
                0x0000000020000848                __bss_end__ = _ebss

._user_heap_stack
                0x0000000020000848      0x600
                0x0000000020000848                . = ALIGN (0x8)
                [!provide]                        PROVIDE (end = .)
                0x0000000020000848                PROVIDE (_end = .)
                0x0000000020000a48                . = (. + _Min_Heap_Size)
 *fill*         0x0000000020000848      0x200 
                0x0000000020000e48                . = (. + _Min_Stack_Size)
 *fill*         0x0000000020000a48      0x400 
                0x0000000020000e48                . = ALIGN (0x8)

/DISCARD/
 libc.a(*)
 libm.a(*)
 libgcc.a(*)

.ARM.attributes
                0x0000000000000000       0x30
 *(.ARM.attributes)
 .ARM.attributes
                0x0000000000000000       0x1e C:/ST/STM32CubeIDE_1.12.0/STM32CubeIDE/plugins/com.st.stm32cube.ide.mcu.externaltools.gnu-tools-for-stm32.11.3.rel1.win32_1.1.100.202309141235/tools/bin/../lib/gcc/arm-none-eabi/11.3.1/thumb/v7e-m+fp/hard/crti.o
 .ARM.attributes
                0x000000000000001e       0x34 C:/ST/STM32CubeIDE_1.12.0/STM32CubeIDE/plugins/com.st.stm32cube.ide.mcu.externaltools.gnu-tools-for-stm32.11.3.rel1.win32_1.1.100.202309141235/tools/bin/../lib/gcc/arm-none-eabi/11.3.1/thumb/v7e-m+fp/hard/crtbegin.o
 .ARM.attributes
                0x0000000000000052       0x34 ./Core/Src/gpio_callback_management.o
 .ARM.attributes
                0x0000000000000086       0x34 ./Core/Src/i2c_lcd.o
 .ARM.attributes
                0x00000000000000ba       0x34 ./Core/Src/main.o
 .ARM.attributes
                0x00000000000000ee       0x34 ./Core/Src/stm32f4xx_hal_msp.o
 .ARM.attributes
                0x0000000000000122       0x34 ./Core/Src/stm32f4xx_it.o
 .ARM.attributes
                0x0000000000000156       0x34 ./Core/Src/system_stm32f4xx.o
 .ARM.attributes
                0x000000000000018a       0x21 ./Core/Startup/startup_stm32f429zitx.o
 .ARM.attributes
                0x00000000000001ab       0x34 ./Drivers/STM32F4xx_HAL_Driver/Src/stm32f4xx_hal.o
 .ARM.attributes
                0x00000000000001df       0x34 ./Drivers/STM32F4xx_HAL_Driver/Src/stm32f4xx_hal_cortex.o
 .ARM.attributes
                0x0000000000000213       0x34 ./Drivers/STM32F4xx_HAL_Driver/Src/stm32f4xx_hal_eth.o
 .ARM.attributes
                0x0000000000000247       0x34 ./Drivers/STM32F4xx_HAL_Driver/Src/stm32f4xx_hal_gpio.o
 .ARM.attributes
                0x000000000000027b       0x34 ./Drivers/STM32F4xx_HAL_Driver/Src/stm32f4xx_hal_i2c.o
 .ARM.attributes
                0x00000000000002af       0x34 ./Drivers/STM32F4xx_HAL_Driver/Src/stm32f4xx_hal_i2c_ex.o
 .ARM.attributes
                0x00000000000002e3       0x34 ./Drivers/STM32F4xx_HAL_Driver/Src/stm32f4xx_hal_pcd.o
 .ARM.attributes
                0x0000000000000317       0x34 ./Drivers/STM32F4xx_HAL_Driver/Src/stm32f4xx_hal_rcc.o
 .ARM.attributes
                0x000000000000034b       0x34 ./Drivers/STM32F4xx_HAL_Driver/Src/stm32f4xx_hal_tim.o
 .ARM.attributes
                0x000000000000037f       0x34 ./Drivers/STM32F4xx_HAL_Driver/Src/stm32f4xx_hal_tim_ex.o
 .ARM.attributes
                0x00000000000003b3       0x34 ./Drivers/STM32F4xx_HAL_Driver/Src/stm32f4xx_hal_uart.o
 .ARM.attributes
                0x00000000000003e7       0x34 ./Drivers/STM32F4xx_HAL_Driver/Src/stm32f4xx_ll_usb.o
 .ARM.attributes
                0x000000000000041b       0x34 C:/ST/STM32CubeIDE_1.12.0/STM32CubeIDE/plugins/com.st.stm32cube.ide.mcu.externaltools.gnu-tools-for-stm32.11.3.rel1.win32_1.1.100.202309141235/tools/bin/../lib/gcc/arm-none-eabi/11.3.1/../../../../arm-none-eabi/lib/thumb/v7e-m+fp/hard\libc_nano.a(libc_a-memset.o)
 .ARM.attributes
                0x000000000000044f       0x34 C:/ST/STM32CubeIDE_1.12.0/STM32CubeIDE/plugins/com.st.stm32cube.ide.mcu.externaltools.gnu-tools-for-stm32.11.3.rel1.win32_1.1.100.202309141235/tools/bin/../lib/gcc/arm-none-eabi/11.3.1/../../../../arm-none-eabi/lib/thumb/v7e-m+fp/hard\libc_nano.a(libc_a-init.o)
 .ARM.attributes
                0x0000000000000483       0x1e C:/ST/STM32CubeIDE_1.12.0/STM32CubeIDE/plugins/com.st.stm32cube.ide.mcu.externaltools.gnu-tools-for-stm32.11.3.rel1.win32_1.1.100.202309141235/tools/bin/../lib/gcc/arm-none-eabi/11.3.1/thumb/v7e-m+fp/hard\libgcc.a(_aeabi_uldivmod.o)
 .ARM.attributes
                0x00000000000004a1       0x34 C:/ST/STM32CubeIDE_1.12.0/STM32CubeIDE/plugins/com.st.stm32cube.ide.mcu.externaltools.gnu-tools-for-stm32.11.3.rel1.win32_1.1.100.202309141235/tools/bin/../lib/gcc/arm-none-eabi/11.3.1/thumb/v7e-m+fp/hard\libgcc.a(_udivmoddi4.o)
 .ARM.attributes
                0x00000000000004d5       0x1e C:/ST/STM32CubeIDE_1.12.0/STM32CubeIDE/plugins/com.st.stm32cube.ide.mcu.externaltools.gnu-tools-for-stm32.11.3.rel1.win32_1.1.100.202309141235/tools/bin/../lib/gcc/arm-none-eabi/11.3.1/thumb/v7e-m+fp/hard\libgcc.a(_dvmd_tls.o)
 .ARM.attributes
                0x00000000000004f3       0x1e C:/ST/STM32CubeIDE_1.12.0/STM32CubeIDE/plugins/com.st.stm32cube.ide.mcu.externaltools.gnu-tools-for-stm32.11.3.rel1.win32_1.1.100.202309141235/tools/bin/../lib/gcc/arm-none-eabi/11.3.1/thumb/v7e-m+fp/hard/crtn.o
OUTPUT(STM32F429ZI_Elevator.elf elf32-littlearm)
LOAD linker stubs
LOAD C:/ST/STM32CubeIDE_1.12.0/STM32CubeIDE/plugins/com.st.stm32cube.ide.mcu.externaltools.gnu-tools-for-stm32.11.3.rel1.win32_1.1.100.202309141235/tools/bin/../lib/gcc/arm-none-eabi/11.3.1/../../../../arm-none-eabi/lib/thumb/v7e-m+fp/hard\libc.a
LOAD C:/ST/STM32CubeIDE_1.12.0/STM32CubeIDE/plugins/com.st.stm32cube.ide.mcu.externaltools.gnu-tools-for-stm32.11.3.rel1.win32_1.1.100.202309141235/tools/bin/../lib/gcc/arm-none-eabi/11.3.1/../../../../arm-none-eabi/lib/thumb/v7e-m+fp/hard\libm.a
LOAD C:/ST/STM32CubeIDE_1.12.0/STM32CubeIDE/plugins/com.st.stm32cube.ide.mcu.externaltools.gnu-tools-for-stm32.11.3.rel1.win32_1.1.100.202309141235/tools/bin/../lib/gcc/arm-none-eabi/11.3.1/thumb/v7e-m+fp/hard\libgcc.a

.comment        0x0000000000000000       0x43
 .comment       0x0000000000000000       0x43 C:/ST/STM32CubeIDE_1.12.0/STM32CubeIDE/plugins/com.st.stm32cube.ide.mcu.externaltools.gnu-tools-for-stm32.11.3.rel1.win32_1.1.100.202309141235/tools/bin/../lib/gcc/arm-none-eabi/11.3.1/thumb/v7e-m+fp/hard/crtbegin.o
                                         0x44 (size before relaxing)
 .comment       0x0000000000000043       0x44 ./Core/Src/gpio_callback_management.o
 .comment       0x0000000000000043       0x44 ./Core/Src/i2c_lcd.o
 .comment       0x0000000000000043       0x44 ./Core/Src/main.o
 .comment       0x0000000000000043       0x44 ./Core/Src/stm32f4xx_hal_msp.o
 .comment       0x0000000000000043       0x44 ./Core/Src/stm32f4xx_it.o
 .comment       0x0000000000000043       0x44 ./Core/Src/system_stm32f4xx.o
 .comment       0x0000000000000043       0x44 ./Drivers/STM32F4xx_HAL_Driver/Src/stm32f4xx_hal.o
 .comment       0x0000000000000043       0x44 ./Drivers/STM32F4xx_HAL_Driver/Src/stm32f4xx_hal_cortex.o
 .comment       0x0000000000000043       0x44 ./Drivers/STM32F4xx_HAL_Driver/Src/stm32f4xx_hal_eth.o
 .comment       0x0000000000000043       0x44 ./Drivers/STM32F4xx_HAL_Driver/Src/stm32f4xx_hal_gpio.o
 .comment       0x0000000000000043       0x44 ./Drivers/STM32F4xx_HAL_Driver/Src/stm32f4xx_hal_i2c.o
 .comment       0x0000000000000043       0x44 ./Drivers/STM32F4xx_HAL_Driver/Src/stm32f4xx_hal_i2c_ex.o
 .comment       0x0000000000000043       0x44 ./Drivers/STM32F4xx_HAL_Driver/Src/stm32f4xx_hal_pcd.o
 .comment       0x0000000000000043       0x44 ./Drivers/STM32F4xx_HAL_Driver/Src/stm32f4xx_hal_rcc.o
 .comment       0x0000000000000043       0x44 ./Drivers/STM32F4xx_HAL_Driver/Src/stm32f4xx_hal_tim.o
 .comment       0x0000000000000043       0x44 ./Drivers/STM32F4xx_HAL_Driver/Src/stm32f4xx_hal_tim_ex.o
 .comment       0x0000000000000043       0x44 ./Drivers/STM32F4xx_HAL_Driver/Src/stm32f4xx_hal_uart.o
 .comment       0x0000000000000043       0x44 ./Drivers/STM32F4xx_HAL_Driver/Src/stm32f4xx_ll_usb.o

.debug_info     0x0000000000000000    0x16763
 .debug_info    0x0000000000000000       0xc9 ./Core/Src/gpio_callback_management.o
 .debug_info    0x00000000000000c9      0x765 ./Core/Src/i2c_lcd.o
 .debug_info    0x000000000000082e     0x2460 ./Core/Src/main.o
 .debug_info    0x0000000000002c8e     0x20be ./Core/Src/stm32f4xx_hal_msp.o
 .debug_info    0x0000000000004d4c      0x73b ./Core/Src/stm32f4xx_it.o
 .debug_info    0x0000000000005487      0x52e ./Core/Src/system_stm32f4xx.o
 .debug_info    0x00000000000059b5       0x23 ./Core/Startup/startup_stm32f429zitx.o
 .debug_info    0x00000000000059d8      0x9be ./Drivers/STM32F4xx_HAL_Driver/Src/stm32f4xx_hal.o
 .debug_info    0x0000000000006396      0xd7c ./Drivers/STM32F4xx_HAL_Driver/Src/stm32f4xx_hal_cortex.o
 .debug_info    0x0000000000007112     0x2069 ./Drivers/STM32F4xx_HAL_Driver/Src/stm32f4xx_hal_eth.o
 .debug_info    0x000000000000917b      0x6db ./Drivers/STM32F4xx_HAL_Driver/Src/stm32f4xx_hal_gpio.o
 .debug_info    0x0000000000009856     0x23ed ./Drivers/STM32F4xx_HAL_Driver/Src/stm32f4xx_hal_i2c.o
 .debug_info    0x000000000000bc43      0x672 ./Drivers/STM32F4xx_HAL_Driver/Src/stm32f4xx_hal_i2c_ex.o
 .debug_info    0x000000000000c2b5     0x1541 ./Drivers/STM32F4xx_HAL_Driver/Src/stm32f4xx_hal_pcd.o
 .debug_info    0x000000000000d7f6      0x8c9 ./Drivers/STM32F4xx_HAL_Driver/Src/stm32f4xx_hal_rcc.o
 .debug_info    0x000000000000e0bf     0x2948 ./Drivers/STM32F4xx_HAL_Driver/Src/stm32f4xx_hal_tim.o
 .debug_info    0x0000000000010a07     0x14ae ./Drivers/STM32F4xx_HAL_Driver/Src/stm32f4xx_hal_tim_ex.o
 .debug_info    0x0000000000011eb5     0x2fb8 ./Drivers/STM32F4xx_HAL_Driver/Src/stm32f4xx_hal_uart.o
 .debug_info    0x0000000000014e6d     0x18f6 ./Drivers/STM32F4xx_HAL_Driver/Src/stm32f4xx_ll_usb.o

.debug_abbrev   0x0000000000000000     0x28d0
 .debug_abbrev  0x0000000000000000       0x7f ./Core/Src/gpio_callback_management.o
 .debug_abbrev  0x000000000000007f      0x1bc ./Core/Src/i2c_lcd.o
 .debug_abbrev  0x000000000000023b      0x323 ./Core/Src/main.o
 .debug_abbrev  0x000000000000055e      0x274 ./Core/Src/stm32f4xx_hal_msp.o
 .debug_abbrev  0x00000000000007d2      0x1a7 ./Core/Src/stm32f4xx_it.o
 .debug_abbrev  0x0000000000000979      0x11a ./Core/Src/system_stm32f4xx.o
 .debug_abbrev  0x0000000000000a93       0x12 ./Core/Startup/startup_stm32f429zitx.o
 .debug_abbrev  0x0000000000000aa5      0x213 ./Drivers/STM32F4xx_HAL_Driver/Src/stm32f4xx_hal.o
 .debug_abbrev  0x0000000000000cb8      0x327 ./Drivers/STM32F4xx_HAL_Driver/Src/stm32f4xx_hal_cortex.o
 .debug_abbrev  0x0000000000000fdf      0x2ec ./Drivers/STM32F4xx_HAL_Driver/Src/stm32f4xx_hal_eth.o
 .debug_abbrev  0x00000000000012cb      0x1d4 ./Drivers/STM32F4xx_HAL_Driver/Src/stm32f4xx_hal_gpio.o
 .debug_abbrev  0x000000000000149f      0x2ad ./Drivers/STM32F4xx_HAL_Driver/Src/stm32f4xx_hal_i2c.o
 .debug_abbrev  0x000000000000174c      0x157 ./Drivers/STM32F4xx_HAL_Driver/Src/stm32f4xx_hal_i2c_ex.o
 .debug_abbrev  0x00000000000018a3      0x2d0 ./Drivers/STM32F4xx_HAL_Driver/Src/stm32f4xx_hal_pcd.o
 .debug_abbrev  0x0000000000001b73      0x2b6 ./Drivers/STM32F4xx_HAL_Driver/Src/stm32f4xx_hal_rcc.o
 .debug_abbrev  0x0000000000001e29      0x271 ./Drivers/STM32F4xx_HAL_Driver/Src/stm32f4xx_hal_tim.o
 .debug_abbrev  0x000000000000209a      0x27c ./Drivers/STM32F4xx_HAL_Driver/Src/stm32f4xx_hal_tim_ex.o
 .debug_abbrev  0x0000000000002316      0x30e ./Drivers/STM32F4xx_HAL_Driver/Src/stm32f4xx_hal_uart.o
 .debug_abbrev  0x0000000000002624      0x2ac ./Drivers/STM32F4xx_HAL_Driver/Src/stm32f4xx_ll_usb.o

.debug_aranges  0x0000000000000000     0x13c8
 .debug_aranges
                0x0000000000000000       0x20 ./Core/Src/gpio_callback_management.o
 .debug_aranges
                0x0000000000000020       0x48 ./Core/Src/i2c_lcd.o
 .debug_aranges
                0x0000000000000068       0x60 ./Core/Src/main.o
 .debug_aranges
                0x00000000000000c8       0x70 ./Core/Src/stm32f4xx_hal_msp.o
 .debug_aranges
                0x0000000000000138       0x80 ./Core/Src/stm32f4xx_it.o
 .debug_aranges
                0x00000000000001b8       0x28 ./Core/Src/system_stm32f4xx.o
 .debug_aranges
                0x00000000000001e0       0x28 ./Core/Startup/startup_stm32f429zitx.o
 .debug_aranges
                0x0000000000000208      0x100 ./Drivers/STM32F4xx_HAL_Driver/Src/stm32f4xx_hal.o
 .debug_aranges
                0x0000000000000308      0x118 ./Drivers/STM32F4xx_HAL_Driver/Src/stm32f4xx_hal_cortex.o
 .debug_aranges
                0x0000000000000420      0x1e0 ./Drivers/STM32F4xx_HAL_Driver/Src/stm32f4xx_hal_eth.o
 .debug_aranges
                0x0000000000000600       0x58 ./Drivers/STM32F4xx_HAL_Driver/Src/stm32f4xx_hal_gpio.o
 .debug_aranges
                0x0000000000000658      0x2a0 ./Drivers/STM32F4xx_HAL_Driver/Src/stm32f4xx_hal_i2c.o
 .debug_aranges
                0x00000000000008f8       0x28 ./Drivers/STM32F4xx_HAL_Driver/Src/stm32f4xx_hal_i2c_ex.o
 .debug_aranges
                0x0000000000000920      0x148 ./Drivers/STM32F4xx_HAL_Driver/Src/stm32f4xx_hal_pcd.o
 .debug_aranges
                0x0000000000000a68       0x88 ./Drivers/STM32F4xx_HAL_Driver/Src/stm32f4xx_hal_rcc.o
 .debug_aranges
                0x0000000000000af0      0x3d0 ./Drivers/STM32F4xx_HAL_Driver/Src/stm32f4xx_hal_tim.o
 .debug_aranges
                0x0000000000000ec0      0x168 ./Drivers/STM32F4xx_HAL_Driver/Src/stm32f4xx_hal_tim_ex.o
 .debug_aranges
                0x0000000000001028      0x200 ./Drivers/STM32F4xx_HAL_Driver/Src/stm32f4xx_hal_uart.o
 .debug_aranges
                0x0000000000001228      0x1a0 ./Drivers/STM32F4xx_HAL_Driver/Src/stm32f4xx_ll_usb.o

.debug_rnglists
                0x0000000000000000      0xf9e
 .debug_rnglists
                0x0000000000000000       0x13 ./Core/Src/gpio_callback_management.o
 .debug_rnglists
                0x0000000000000013       0x31 ./Core/Src/i2c_lcd.o
 .debug_rnglists
                0x0000000000000044       0x47 ./Core/Src/main.o
 .debug_rnglists
                0x000000000000008b       0x53 ./Core/Src/stm32f4xx_hal_msp.o
 .debug_rnglists
                0x00000000000000de       0x5b ./Core/Src/stm32f4xx_it.o
 .debug_rnglists
                0x0000000000000139       0x1a ./Core/Src/system_stm32f4xx.o
 .debug_rnglists
                0x0000000000000153       0x19 ./Core/Startup/startup_stm32f429zitx.o
 .debug_rnglists
                0x000000000000016c       0xbb ./Drivers/STM32F4xx_HAL_Driver/Src/stm32f4xx_hal.o
 .debug_rnglists
                0x0000000000000227       0xce ./Drivers/STM32F4xx_HAL_Driver/Src/stm32f4xx_hal_cortex.o
 .debug_rnglists
                0x00000000000002f5      0x17c ./Drivers/STM32F4xx_HAL_Driver/Src/stm32f4xx_hal_eth.o
 .debug_rnglists
                0x0000000000000471       0x3f ./Drivers/STM32F4xx_HAL_Driver/Src/stm32f4xx_hal_gpio.o
 .debug_rnglists
                0x00000000000004b0      0x235 ./Drivers/STM32F4xx_HAL_Driver/Src/stm32f4xx_hal_i2c.o
 .debug_rnglists
                0x00000000000006e5       0x19 ./Drivers/STM32F4xx_HAL_Driver/Src/stm32f4xx_hal_i2c_ex.o
 .debug_rnglists
                0x00000000000006fe       0xfc ./Drivers/STM32F4xx_HAL_Driver/Src/stm32f4xx_hal_pcd.o
 .debug_rnglists
                0x00000000000007fa       0x66 ./Drivers/STM32F4xx_HAL_Driver/Src/stm32f4xx_hal_rcc.o
 .debug_rnglists
                0x0000000000000860      0x31a ./Drivers/STM32F4xx_HAL_Driver/Src/stm32f4xx_hal_tim.o
 .debug_rnglists
                0x0000000000000b7a      0x125 ./Drivers/STM32F4xx_HAL_Driver/Src/stm32f4xx_hal_tim_ex.o
 .debug_rnglists
                0x0000000000000c9f      0x1b7 ./Drivers/STM32F4xx_HAL_Driver/Src/stm32f4xx_hal_uart.o
 .debug_rnglists
                0x0000000000000e56      0x148 ./Drivers/STM32F4xx_HAL_Driver/Src/stm32f4xx_ll_usb.o

.debug_macro    0x0000000000000000     0x3360
 .debug_macro   0x0000000000000000      0x22e ./Core/Src/gpio_callback_management.o
 .debug_macro   0x000000000000022e      0x32f ./Core/Src/i2c_lcd.o
 .debug_macro   0x000000000000055d       0x2e ./Core/Src/i2c_lcd.o
 .debug_macro   0x000000000000058b       0x61 ./Core/Src/i2c_lcd.o
 .debug_macro   0x00000000000005ec       0x2a ./Core/Src/i2c_lcd.o
 .debug_macro   0x0000000000000616       0x43 ./Core/Src/i2c_lcd.o
 .debug_macro   0x0000000000000659       0x34 ./Core/Src/i2c_lcd.o
 .debug_macro   0x000000000000068d       0x16 ./Core/Src/i2c_lcd.o
 .debug_macro   0x00000000000006a3       0x43 ./Core/Src/i2c_lcd.o
 .debug_macro   0x00000000000006e6       0x34 ./Core/Src/i2c_lcd.o
 .debug_macro   0x000000000000071a       0x10 ./Core/Src/i2c_lcd.o
 .debug_macro   0x000000000000072a       0x58 ./Core/Src/i2c_lcd.o
 .debug_macro   0x0000000000000782       0x8e ./Core/Src/i2c_lcd.o
 .debug_macro   0x0000000000000810       0x1c ./Core/Src/i2c_lcd.o
 .debug_macro   0x000000000000082c      0x177 ./Core/Src/i2c_lcd.o
 .debug_macro   0x00000000000009a3      0x369 ./Core/Src/i2c_lcd.o
 .debug_macro   0x0000000000000d0c       0x10 ./Core/Src/i2c_lcd.o
 .debug_macro   0x0000000000000d1c       0x35 ./Core/Src/i2c_lcd.o
 .debug_macro   0x0000000000000d51       0x20 ./Core/Src/i2c_lcd.o
 .debug_macro   0x0000000000000d71       0x1c ./Core/Src/i2c_lcd.o
 .debug_macro   0x0000000000000d8d       0x10 ./Core/Src/i2c_lcd.o
 .debug_macro   0x0000000000000d9d       0x1c ./Core/Src/i2c_lcd.o
 .debug_macro   0x0000000000000db9       0x16 ./Core/Src/i2c_lcd.o
 .debug_macro   0x0000000000000dcf      0x147 ./Core/Src/i2c_lcd.o
 .debug_macro   0x0000000000000f16      0x32e ./Core/Src/main.o
 .debug_macro   0x0000000000001244      0x224 ./Core/Src/stm32f4xx_hal_msp.o
 .debug_macro   0x0000000000001468      0x22e ./Core/Src/stm32f4xx_it.o
 .debug_macro   0x0000000000001696      0x215 ./Core/Src/system_stm32f4xx.o
 .debug_macro   0x00000000000018ab      0x275 ./Drivers/STM32F4xx_HAL_Driver/Src/stm32f4xx_hal.o
 .debug_macro   0x0000000000001b20      0x215 ./Drivers/STM32F4xx_HAL_Driver/Src/stm32f4xx_hal_cortex.o
 .debug_macro   0x0000000000001d35      0x2ef ./Drivers/STM32F4xx_HAL_Driver/Src/stm32f4xx_hal_eth.o
 .debug_macro   0x0000000000002024      0x21b ./Drivers/STM32F4xx_HAL_Driver/Src/stm32f4xx_hal_gpio.o
 .debug_macro   0x000000000000223f      0x25c ./Drivers/STM32F4xx_HAL_Driver/Src/stm32f4xx_hal_i2c.o
 .debug_macro   0x000000000000249b      0x215 ./Drivers/STM32F4xx_HAL_Driver/Src/stm32f4xx_hal_i2c_ex.o
 .debug_macro   0x00000000000026b0      0x221 ./Drivers/STM32F4xx_HAL_Driver/Src/stm32f4xx_hal_pcd.o
 .debug_macro   0x00000000000028d1      0x239 ./Drivers/STM32F4xx_HAL_Driver/Src/stm32f4xx_hal_rcc.o
 .debug_macro   0x0000000000002b0a      0x216 ./Drivers/STM32F4xx_HAL_Driver/Src/stm32f4xx_hal_tim.o
 .debug_macro   0x0000000000002d20      0x215 ./Drivers/STM32F4xx_HAL_Driver/Src/stm32f4xx_hal_tim_ex.o
 .debug_macro   0x0000000000002f35      0x216 ./Drivers/STM32F4xx_HAL_Driver/Src/stm32f4xx_hal_uart.o
 .debug_macro   0x000000000000314b      0x215 ./Drivers/STM32F4xx_HAL_Driver/Src/stm32f4xx_ll_usb.o

.debug_line     0x0000000000000000    0x1788a
 .debug_line    0x0000000000000000      0x7fe ./Core/Src/gpio_callback_management.o
 .debug_line    0x00000000000007fe      0xa40 ./Core/Src/i2c_lcd.o
 .debug_line    0x000000000000123e      0xbef ./Core/Src/main.o
 .debug_line    0x0000000000001e2d      0x997 ./Core/Src/stm32f4xx_hal_msp.o
 .debug_line    0x00000000000027c4      0x900 ./Core/Src/stm32f4xx_it.o
 .debug_line    0x00000000000030c4      0x85f ./Core/Src/system_stm32f4xx.o
 .debug_line    0x0000000000003923       0x7a ./Core/Startup/startup_stm32f429zitx.o
 .debug_line    0x000000000000399d      0xafb ./Drivers/STM32F4xx_HAL_Driver/Src/stm32f4xx_hal.o
 .debug_line    0x0000000000004498      0xd74 ./Drivers/STM32F4xx_HAL_Driver/Src/stm32f4xx_hal_cortex.o
 .debug_line    0x000000000000520c     0x1a34 ./Drivers/STM32F4xx_HAL_Driver/Src/stm32f4xx_hal_eth.o
 .debug_line    0x0000000000006c40      0xc61 ./Drivers/STM32F4xx_HAL_Driver/Src/stm32f4xx_hal_gpio.o
 .debug_line    0x00000000000078a1     0x3a87 ./Drivers/STM32F4xx_HAL_Driver/Src/stm32f4xx_hal_i2c.o
 .debug_line    0x000000000000b328      0x858 ./Drivers/STM32F4xx_HAL_Driver/Src/stm32f4xx_hal_i2c_ex.o
 .debug_line    0x000000000000bb80     0x156c ./Drivers/STM32F4xx_HAL_Driver/Src/stm32f4xx_hal_pcd.o
 .debug_line    0x000000000000d0ec      0xe3e ./Drivers/STM32F4xx_HAL_Driver/Src/stm32f4xx_hal_rcc.o
 .debug_line    0x000000000000df2a     0x37b1 ./Drivers/STM32F4xx_HAL_Driver/Src/stm32f4xx_hal_tim.o
 .debug_line    0x00000000000116db     0x1ac2 ./Drivers/STM32F4xx_HAL_Driver/Src/stm32f4xx_hal_tim_ex.o
 .debug_line    0x000000000001319d     0x2b67 ./Drivers/STM32F4xx_HAL_Driver/Src/stm32f4xx_hal_uart.o
 .debug_line    0x0000000000015d04     0x1b86 ./Drivers/STM32F4xx_HAL_Driver/Src/stm32f4xx_ll_usb.o

.debug_str      0x0000000000000000    0xe526e
 .debug_str     0x0000000000000000    0xdac27 ./Core/Src/gpio_callback_management.o
                                      0xdae98 (size before relaxing)
 .debug_str     0x00000000000dac27     0x3d84 ./Core/Src/i2c_lcd.o
                                      0xdec32 (size before relaxing)
 .debug_str     0x00000000000de9ab     0x16ff ./Core/Src/main.o
                                      0xdfdf2 (size before relaxing)
 .debug_str     0x00000000000e00aa      0x120 ./Core/Src/stm32f4xx_hal_msp.o
                                      0xdc861 (size before relaxing)
 .debug_str     0x00000000000e01ca      0x146 ./Core/Src/stm32f4xx_it.o
                                      0xdb4a0 (size before relaxing)
 .debug_str     0x00000000000e0310       0xdb ./Core/Src/system_stm32f4xx.o
                                      0xda570 (size before relaxing)
 .debug_str     0x00000000000e03eb       0x34 ./Core/Startup/startup_stm32f429zitx.o
                                         0x5f (size before relaxing)
 .debug_str     0x00000000000e041f      0x648 ./Drivers/STM32F4xx_HAL_Driver/Src/stm32f4xx_hal.o
                                      0xdb193 (size before relaxing)
 .debug_str     0x00000000000e0a67      0x321 ./Drivers/STM32F4xx_HAL_Driver/Src/stm32f4xx_hal_cortex.o
                                      0xdae78 (size before relaxing)
 .debug_str     0x00000000000e0d88     0x11ea ./Drivers/STM32F4xx_HAL_Driver/Src/stm32f4xx_hal_eth.o
                                      0xdbdfd (size before relaxing)
 .debug_str     0x00000000000e1f72       0xa8 ./Drivers/STM32F4xx_HAL_Driver/Src/stm32f4xx_hal_gpio.o
                                      0xda6eb (size before relaxing)
 .debug_str     0x00000000000e201a      0xad5 ./Drivers/STM32F4xx_HAL_Driver/Src/stm32f4xx_hal_i2c.o
                                      0xdb52d (size before relaxing)
 .debug_str     0x00000000000e2aef       0x3b ./Drivers/STM32F4xx_HAL_Driver/Src/stm32f4xx_hal_i2c_ex.o
                                      0xda93f (size before relaxing)
 .debug_str     0x00000000000e2b2a      0x7fd ./Drivers/STM32F4xx_HAL_Driver/Src/stm32f4xx_hal_pcd.o
                                      0xdb01f (size before relaxing)
 .debug_str     0x00000000000e3327      0x1ff ./Drivers/STM32F4xx_HAL_Driver/Src/stm32f4xx_hal_rcc.o
                                      0xda9a4 (size before relaxing)
 .debug_str     0x00000000000e3526      0xe19 ./Drivers/STM32F4xx_HAL_Driver/Src/stm32f4xx_hal_tim.o
                                      0xdb8d7 (size before relaxing)
 .debug_str     0x00000000000e433f      0x503 ./Drivers/STM32F4xx_HAL_Driver/Src/stm32f4xx_hal_tim_ex.o
                                      0xdb0f3 (size before relaxing)
 .debug_str     0x00000000000e4842      0x5f7 ./Drivers/STM32F4xx_HAL_Driver/Src/stm32f4xx_hal_uart.o
                                      0xdaf30 (size before relaxing)
 .debug_str     0x00000000000e4e39      0x435 ./Drivers/STM32F4xx_HAL_Driver/Src/stm32f4xx_ll_usb.o
                                      0xdae87 (size before relaxing)

.debug_frame    0x0000000000000000     0x55c8
 .debug_frame   0x0000000000000000       0x38 ./Core/Src/gpio_callback_management.o
 .debug_frame   0x0000000000000038       0xd8 ./Core/Src/i2c_lcd.o
 .debug_frame   0x0000000000000110      0x11c ./Core/Src/main.o
 .debug_frame   0x000000000000022c      0x1a0 ./Core/Src/stm32f4xx_hal_msp.o
 .debug_frame   0x00000000000003cc      0x174 ./Core/Src/stm32f4xx_it.o
 .debug_frame   0x0000000000000540       0x58 ./Core/Src/system_stm32f4xx.o
 .debug_frame   0x0000000000000598      0x3b4 ./Drivers/STM32F4xx_HAL_Driver/Src/stm32f4xx_hal.o
 .debug_frame   0x000000000000094c      0x498 ./Drivers/STM32F4xx_HAL_Driver/Src/stm32f4xx_hal_cortex.o
 .debug_frame   0x0000000000000de4      0x898 ./Drivers/STM32F4xx_HAL_Driver/Src/stm32f4xx_hal_eth.o
 .debug_frame   0x000000000000167c      0x14c ./Drivers/STM32F4xx_HAL_Driver/Src/stm32f4xx_hal_gpio.o
 .debug_frame   0x00000000000017c8      0xc5c ./Drivers/STM32F4xx_HAL_Driver/Src/stm32f4xx_hal_i2c.o
 .debug_frame   0x0000000000002424       0x60 ./Drivers/STM32F4xx_HAL_Driver/Src/stm32f4xx_hal_i2c_ex.o
 .debug_frame   0x0000000000002484      0x5bc ./Drivers/STM32F4xx_HAL_Driver/Src/stm32f4xx_hal_pcd.o
 .debug_frame   0x0000000000002a40      0x1f4 ./Drivers/STM32F4xx_HAL_Driver/Src/stm32f4xx_hal_rcc.o
 .debug_frame   0x0000000000002c34     0x11c4 ./Drivers/STM32F4xx_HAL_Driver/Src/stm32f4xx_hal_tim.o
 .debug_frame   0x0000000000003df8      0x638 ./Drivers/STM32F4xx_HAL_Driver/Src/stm32f4xx_hal_tim_ex.o
 .debug_frame   0x0000000000004430      0x92c ./Drivers/STM32F4xx_HAL_Driver/Src/stm32f4xx_hal_uart.o
 .debug_frame   0x0000000000004d5c      0x7c0 ./Drivers/STM32F4xx_HAL_Driver/Src/stm32f4xx_ll_usb.o
 .debug_frame   0x000000000000551c       0x20 C:/ST/STM32CubeIDE_1.12.0/STM32CubeIDE/plugins/com.st.stm32cube.ide.mcu.externaltools.gnu-tools-for-stm32.11.3.rel1.win32_1.1.100.202309141235/tools/bin/../lib/gcc/arm-none-eabi/11.3.1/../../../../arm-none-eabi/lib/thumb/v7e-m+fp/hard\libc_nano.a(libc_a-memset.o)
 .debug_frame   0x000000000000553c       0x2c C:/ST/STM32CubeIDE_1.12.0/STM32CubeIDE/plugins/com.st.stm32cube.ide.mcu.externaltools.gnu-tools-for-stm32.11.3.rel1.win32_1.1.100.202309141235/tools/bin/../lib/gcc/arm-none-eabi/11.3.1/../../../../arm-none-eabi/lib/thumb/v7e-m+fp/hard\libc_nano.a(libc_a-init.o)
 .debug_frame   0x0000000000005568       0x2c C:/ST/STM32CubeIDE_1.12.0/STM32CubeIDE/plugins/com.st.stm32cube.ide.mcu.externaltools.gnu-tools-for-stm32.11.3.rel1.win32_1.1.100.202309141235/tools/bin/../lib/gcc/arm-none-eabi/11.3.1/thumb/v7e-m+fp/hard\libgcc.a(_aeabi_uldivmod.o)
 .debug_frame   0x0000000000005594       0x34 C:/ST/STM32CubeIDE_1.12.0/STM32CubeIDE/plugins/com.st.stm32cube.ide.mcu.externaltools.gnu-tools-for-stm32.11.3.rel1.win32_1.1.100.202309141235/tools/bin/../lib/gcc/arm-none-eabi/11.3.1/thumb/v7e-m+fp/hard\libgcc.a(_udivmoddi4.o)

.debug_line_str
                0x0000000000000000       0x53
 .debug_line_str
                0x0000000000000000       0x53 ./Core/Startup/startup_stm32f429zitx.o
                                         0x6b (size before relaxing)
