../Core/Src/led.c:18:6:button0_led_all_on_off_toggle	8	static
../Core/Src/led.c:38:6:button0_toggle	8	static
../Core/Src/led.c:61:6:led_main	8	static
../Core/Src/led.c:124:6:led_all_on	8	static
../Core/Src/led.c:131:6:led_all_off	8	static
../Core/Src/led.c:145:6:flower_on_simple	16	static
../Core/Src/led.c:156:6:flower_off_simple	16	static
../Core/Src/led.c:167:6:flower_on	24	static
../Core/Src/led.c:180:6:flower_off	24	static
../Core/Src/led.c:193:6:led_keep_on_up	16	static
../Core/Src/led.c:210:6:led_keep_on_down	16	static
../Core/Src/led.c:227:6:led_on_up	16	static
../Core/Src/led.c:238:6:led_on_down	16	static
../Core/Src/led.c:249:6:led_on_sequential	8	static
../Core/Src/led.c:269:6:led_off_sequential	8	static
