../Core/Src/main.c:110:6:HAL_SYSTICK_Handler	4	static
../Core/Src/main.c:127:1:__io_putchar	16	static
../Core/Src/main.c:140:6:HAL_TIM_PeriodElapsedCallback	16	static
../Core/Src/main.c:149:6:delay_us	16	static
../Core/Src/main.c:161:5:main	8	static
../Core/Src/main.c:237:6:SystemClock_Config	88	static
../Core/Src/main.c:283:13:MX_ETH_Init	8	static
../Core/Src/main.c:332:13:MX_I2C1_Init	8	static
../Core/Src/main.c:380:13:MX_TIM2_Init	48	static
../Core/Src/main.c:429:13:MX_TIM3_Init	32	static
../Core/Src/main.c:477:13:MX_TIM4_Init	64	static
../Core/Src/main.c:536:13:MX_TIM10_Init	8	static
../Core/Src/main.c:567:13:MX_TIM11_Init	8	static
../Core/Src/main.c:598:13:MX_USART3_UART_Init	8	static
../Core/Src/main.c:631:13:MX_USART6_UART_Init	8	static
../Core/Src/main.c:664:13:MX_USB_OTG_FS_PCD_Init	8	static
../Core/Src/main.c:699:13:MX_GPIO_Init	64	static
../Core/Src/main.c:808:6:Error_Handler	4	static,ignoring_inline_asm
