../Core/Src/stm32f4xx_hal_msp.c:66:6:HAL_MspInit	16	static
../Core/Src/stm32f4xx_hal_msp.c:88:6:HAL_ETH_MspInit	64	static
../Core/Src/stm32f4xx_hal_msp.c:155:6:HAL_ETH_MspDeInit	16	static
../Core/Src/stm32f4xx_hal_msp.c:197:6:HAL_I2C_MspInit	48	static
../Core/Src/stm32f4xx_hal_msp.c:233:6:HAL_I2C_MspDeInit	16	static
../Core/Src/stm32f4xx_hal_msp.c:264:6:HAL_TIM_PWM_MspInit	24	static
../Core/Src/stm32f4xx_hal_msp.c:289:6:HAL_TIM_IC_MspInit	48	static
../Core/Src/stm32f4xx_hal_msp.c:327:6:HAL_TIM_Base_MspInit	32	static
../Core/Src/stm32f4xx_hal_msp.c:374:6:HAL_TIM_MspPostInit	48	static
../Core/Src/stm32f4xx_hal_msp.c:426:6:HAL_TIM_PWM_MspDeInit	16	static
../Core/Src/stm32f4xx_hal_msp.c:451:6:HAL_TIM_IC_MspDeInit	16	static
../Core/Src/stm32f4xx_hal_msp.c:481:6:HAL_TIM_Base_MspDeInit	16	static
../Core/Src/stm32f4xx_hal_msp.c:534:6:HAL_UART_MspInit	56	static
../Core/Src/stm32f4xx_hal_msp.c:600:6:HAL_UART_MspDeInit	16	static
../Core/Src/stm32f4xx_hal_msp.c:651:6:HAL_PCD_MspInit	48	static
../Core/Src/stm32f4xx_hal_msp.c:695:6:HAL_PCD_MspDeInit	16	static
