Archive member included to satisfy reference by file (symbol)

C:/ST/STM32CubeIDE_1.12.0/STM32CubeIDE/plugins/com.st.stm32cube.ide.mcu.externaltools.gnu-tools-for-stm32.11.3.rel1.win32_1.1.1.202309131626/tools/bin/../lib/gcc/arm-none-eabi/11.3.1/../../../../arm-none-eabi/lib/thumb/v7e-m+fp/hard\libc_nano.a(libc_a-atoi.o)
                              ./Core/Src/internal_rtc.o (atoi)
C:/ST/STM32CubeIDE_1.12.0/STM32CubeIDE/plugins/com.st.stm32cube.ide.mcu.externaltools.gnu-tools-for-stm32.11.3.rel1.win32_1.1.1.202309131626/tools/bin/../lib/gcc/arm-none-eabi/11.3.1/../../../../arm-none-eabi/lib/thumb/v7e-m+fp/hard\libc_nano.a(libc_a-exit.o)
                              C:/ST/STM32CubeIDE_1.12.0/STM32CubeIDE/plugins/com.st.stm32cube.ide.mcu.externaltools.gnu-tools-for-stm32.11.3.rel1.win32_1.1.1.202309131626/tools/bin/../lib/gcc/arm-none-eabi/11.3.1/../../../../arm-none-eabi/lib/thumb/v7e-m+fp/hard/crt0.o (exit)
C:/ST/STM32CubeIDE_1.12.0/STM32CubeIDE/plugins/com.st.stm32cube.ide.mcu.externaltools.gnu-tools-for-stm32.11.3.rel1.win32_1.1.1.202309131626/tools/bin/../lib/gcc/arm-none-eabi/11.3.1/../../../../arm-none-eabi/lib/thumb/v7e-m+fp/hard\libc_nano.a(libc_a-strtol.o)
                              C:/ST/STM32CubeIDE_1.12.0/STM32CubeIDE/plugins/com.st.stm32cube.ide.mcu.externaltools.gnu-tools-for-stm32.11.3.rel1.win32_1.1.1.202309131626/tools/bin/../lib/gcc/arm-none-eabi/11.3.1/../../../../arm-none-eabi/lib/thumb/v7e-m+fp/hard\libc_nano.a(libc_a-atoi.o) (_strtol_r)
C:/ST/STM32CubeIDE_1.12.0/STM32CubeIDE/plugins/com.st.stm32cube.ide.mcu.externaltools.gnu-tools-for-stm32.11.3.rel1.win32_1.1.1.202309131626/tools/bin/../lib/gcc/arm-none-eabi/11.3.1/../../../../arm-none-eabi/lib/thumb/v7e-m+fp/hard\libc_nano.a(libc_a-ctype_.o)
                              C:/ST/STM32CubeIDE_1.12.0/STM32CubeIDE/plugins/com.st.stm32cube.ide.mcu.externaltools.gnu-tools-for-stm32.11.3.rel1.win32_1.1.1.202309131626/tools/bin/../lib/gcc/arm-none-eabi/11.3.1/../../../../arm-none-eabi/lib/thumb/v7e-m+fp/hard\libc_nano.a(libc_a-strtol.o) (_ctype_)
C:/ST/STM32CubeIDE_1.12.0/STM32CubeIDE/plugins/com.st.stm32cube.ide.mcu.externaltools.gnu-tools-for-stm32.11.3.rel1.win32_1.1.1.202309131626/tools/bin/../lib/gcc/arm-none-eabi/11.3.1/../../../../arm-none-eabi/lib/thumb/v7e-m+fp/hard\libc_nano.a(libc_a-findfp.o)
                              C:/ST/STM32CubeIDE_1.12.0/STM32CubeIDE/plugins/com.st.stm32cube.ide.mcu.externaltools.gnu-tools-for-stm32.11.3.rel1.win32_1.1.1.202309131626/tools/bin/../lib/gcc/arm-none-eabi/11.3.1/../../../../arm-none-eabi/lib/thumb/v7e-m+fp/hard\libc_nano.a(libc_a-exit.o) (__stdio_exit_handler)
C:/ST/STM32CubeIDE_1.12.0/STM32CubeIDE/plugins/com.st.stm32cube.ide.mcu.externaltools.gnu-tools-for-stm32.11.3.rel1.win32_1.1.1.202309131626/tools/bin/../lib/gcc/arm-none-eabi/11.3.1/../../../../arm-none-eabi/lib/thumb/v7e-m+fp/hard\libc_nano.a(libc_a-fwalk.o)
                              C:/ST/STM32CubeIDE_1.12.0/STM32CubeIDE/plugins/com.st.stm32cube.ide.mcu.externaltools.gnu-tools-for-stm32.11.3.rel1.win32_1.1.1.202309131626/tools/bin/../lib/gcc/arm-none-eabi/11.3.1/../../../../arm-none-eabi/lib/thumb/v7e-m+fp/hard\libc_nano.a(libc_a-findfp.o) (_fwalk_sglue)
C:/ST/STM32CubeIDE_1.12.0/STM32CubeIDE/plugins/com.st.stm32cube.ide.mcu.externaltools.gnu-tools-for-stm32.11.3.rel1.win32_1.1.1.202309131626/tools/bin/../lib/gcc/arm-none-eabi/11.3.1/../../../../arm-none-eabi/lib/thumb/v7e-m+fp/hard\libc_nano.a(libc_a-printf.o)
                              ./Core/Src/DHT11.o (printf)
C:/ST/STM32CubeIDE_1.12.0/STM32CubeIDE/plugins/com.st.stm32cube.ide.mcu.externaltools.gnu-tools-for-stm32.11.3.rel1.win32_1.1.1.202309131626/tools/bin/../lib/gcc/arm-none-eabi/11.3.1/../../../../arm-none-eabi/lib/thumb/v7e-m+fp/hard\libc_nano.a(libc_a-puts.o)
                              ./Core/Src/DHT11.o (puts)
C:/ST/STM32CubeIDE_1.12.0/STM32CubeIDE/plugins/com.st.stm32cube.ide.mcu.externaltools.gnu-tools-for-stm32.11.3.rel1.win32_1.1.1.202309131626/tools/bin/../lib/gcc/arm-none-eabi/11.3.1/../../../../arm-none-eabi/lib/thumb/v7e-m+fp/hard\libc_nano.a(libc_a-sprintf.o)
                              ./Core/Src/DHT11.o (sprintf)
C:/ST/STM32CubeIDE_1.12.0/STM32CubeIDE/plugins/com.st.stm32cube.ide.mcu.externaltools.gnu-tools-for-stm32.11.3.rel1.win32_1.1.1.202309131626/tools/bin/../lib/gcc/arm-none-eabi/11.3.1/../../../../arm-none-eabi/lib/thumb/v7e-m+fp/hard\libc_nano.a(libc_a-stdio.o)
                              C:/ST/STM32CubeIDE_1.12.0/STM32CubeIDE/plugins/com.st.stm32cube.ide.mcu.externaltools.gnu-tools-for-stm32.11.3.rel1.win32_1.1.1.202309131626/tools/bin/../lib/gcc/arm-none-eabi/11.3.1/../../../../arm-none-eabi/lib/thumb/v7e-m+fp/hard\libc_nano.a(libc_a-findfp.o) (__sread)
C:/ST/STM32CubeIDE_1.12.0/STM32CubeIDE/plugins/com.st.stm32cube.ide.mcu.externaltools.gnu-tools-for-stm32.11.3.rel1.win32_1.1.1.202309131626/tools/bin/../lib/gcc/arm-none-eabi/11.3.1/../../../../arm-none-eabi/lib/thumb/v7e-m+fp/hard\libc_nano.a(libc_a-wbuf.o)
[...]
Memory Configuration

Name             Origin             Length             Attributes
CCMRAM           0x0000000010000000 0x0000000000010000 xrw
RAM              0x0000000020000000 0x0000000000030000 xrw
FLASH            0x0000000008000000 0x0000000000200000 xr
*default*        0x0000000000000000 0xffffffffffffffff

Linker script and memory map

LOAD C:/ST/STM32CubeIDE_1.12.0/STM32CubeIDE/plugins/com.st.stm32cube.ide.mcu.externaltools.gnu-tools-for-stm32.11.3.rel1.win32_1.1.1.202309131626/tools/bin/../lib/gcc/arm-none-eabi/11.3.1/thumb/v7e-m+fp/hard/crti.o
LOAD C:/ST/STM32CubeIDE_1.12.0/STM32CubeIDE/plugins/com.st.stm32cube.ide.mcu.externaltools.gnu-tools-for-stm32.11.3.rel1.win32_1.1.1.202309131626/tools/bin/../lib/gcc/arm-none-eabi/11.3.1/thumb/v7e-m+fp/hard/crtbegin.o
LOAD C:/ST/STM32CubeIDE_1.12.0/STM32CubeIDE/plugins/com.st.stm32cube.ide.mcu.externaltools.gnu-tools-for-stm32.11.3.rel1.win32_1.1.1.202309131626/tools/bin/../lib/gcc/arm-none-eabi/11.3.1/../../../../arm-none-eabi/lib/thumb/v7e-m+fp/hard/crt0.o
LOAD ./Core/Cmp/button_cmp.o
LOAD ./Core/Cmp/internal_rtc_cmp.o
LOAD ./Core/Cmp/main_cmp.o
LOAD ./Core/Src/DHT11.o
LOAD ./Core/Src/button.o
LOAD ./Core/Src/dcmotor.o
LOAD ./Core/Src/i2c_lcd.o
LOAD ./Core/Src/internal_rtc.o
LOAD ./Core/Src/led.o
LOAD ./Core/Src/main.o
LOAD ./Core/Src/servo_motor.o
LOAD ./Core/Src/stm32f4xx_hal_msp.o
LOAD ./Core/Src/stm32f4xx_it.o
LOAD ./Core/Src/syscalls.o
LOAD ./Core/Src/sysmem.o
LOAD ./Core/Src/system_stm32f4xx.o
LOAD ./Core/Src/uart.o
LOAD ./Core/Src/ultrasonic.o
LOAD ./Core/Startup/startup_stm32f429zitx.o
LOAD ./Drivers/STM32F4xx_HAL_Driver/Src/stm32f4xx_hal.o
LOAD ./Drivers/STM32F4xx_HAL_Driver/Src/stm32f4xx_hal_cortex.o
LOAD ./Drivers/STM32F4xx_HAL_Driver/Src/stm32f4xx_hal_dma.o
LOAD ./Drivers/STM32F4xx_HAL_Driver/Src/stm32f4xx_hal_dma_ex.o
LOAD ./Drivers/STM32F4xx_HAL_Driver/Src/stm32f4xx_hal_eth.o
LOAD ./Drivers/STM32F4xx_HAL_Driver/Src/stm32f4xx_hal_exti.o
LOAD ./Drivers/STM32F4xx_HAL_Driver/Src/stm32f4xx_hal_flash.o
LOAD ./Drivers/STM32F4xx_HAL_Driver/Src/stm32f4xx_hal_flash_ex.o
LOAD ./Drivers/STM32F4xx_HAL_Driver/Src/stm32f4xx_hal_flash_ramfunc.o
LOAD ./Drivers/STM32F4xx_HAL_Driver/Src/stm32f4xx_hal_gpio.o
LOAD ./Drivers/STM32F4xx_HAL_Driver/Src/stm32f4xx_hal_i2c.o
LOAD ./Drivers/STM32F4xx_HAL_Driver/Src/stm32f4xx_hal_i2c_ex.o
LOAD ./Drivers/STM32F4xx_HAL_Driver/Src/stm32f4xx_hal_pcd.o
LOAD ./Drivers/STM32F4xx_HAL_Driver/Src/stm32f4xx_hal_pcd_ex.o
LOAD ./Drivers/STM32F4xx_HAL_Driver/Src/stm32f4xx_hal_pwr.o
LOAD ./Drivers/STM32F4xx_HAL_Driver/Src/stm32f4xx_hal_pwr_ex.o
LOAD ./Drivers/STM32F4xx_HAL_Driver/Src/stm32f4xx_hal_rcc.o
LOAD ./Drivers/STM32F4xx_HAL_Driver/Src/stm32f4xx_hal_rcc_ex.o
LOAD ./Drivers/STM32F4xx_HAL_Driver/Src/stm32f4xx_hal_rtc.o
LOAD ./Drivers/STM32F4xx_HAL_Driver/Src/stm32f4xx_hal_rtc_ex.o
LOAD ./Drivers/STM32F4xx_HAL_Driver/Src/stm32f4xx_hal_tim.o
LOAD ./Drivers/STM32F4xx_HAL_Driver/Src/stm32f4xx_hal_tim_ex.o
LOAD ./Drivers/STM32F4xx_HAL_Driver/Src/stm32f4xx_hal_uart.o
LOAD ./Drivers/STM32F4xx_HAL_Driver/Src/stm32f4xx_ll_usb.o
START GROUP
LOAD C:/ST/STM32CubeIDE_1.12.0/STM32CubeIDE/plugins/com.st.stm32cube.ide.mcu.externaltools.gnu-tools-for-stm32.11.3.rel1.win32_1.1.1.202309131626/tools/bin/../lib/gcc/arm-none-eabi/11.3.1/../../../../arm-none-eabi/lib/thumb/v7e-m+fp/hard\libc_nano.a
LOAD C:/ST/STM32CubeIDE_1.12.0/STM32CubeIDE/plugins/com.st.stm32cube.ide.mcu.externaltools.gnu-tools-for-stm32.11.3.rel1.win32_1.1.1.202309131626/tools/bin/../lib/gcc/arm-none-eabi/11.3.1/../../../../arm-none-eabi/lib/thumb/v7e-m+fp/hard\libm.a
END GROUP
START GROUP
LOAD C:/ST/STM32CubeIDE_1.12.0/STM32CubeIDE/plugins/com.st.stm32cube.ide.mcu.externaltools.gnu-tools-for-stm32.11.3.rel1.win32_1.1.1.202309131626/tools/bin/../lib/gcc/arm-none-eabi/11.3.1/thumb/v7e-m+fp/hard\libgcc.a
LOAD C:/ST/STM32CubeIDE_1.12.0/STM32CubeIDE/plugins/com.st.stm32cube.ide.mcu.externaltools.gnu-tools-for-stm32.11.3.rel1.win32_1.1.1.202309131626/tools/bin/../lib/gcc/arm-none-eabi/11.3.1/../../../../arm-none-eabi/lib/thumb/v7e-m+fp/hard\libc_nano.a
END GROUP
START GROUP
LOAD C:/ST/STM32CubeIDE_1.12.0/STM32CubeIDE/plugins/com.st.stm32cube.ide.mcu.externaltools.gnu-tools-for-stm32.11.3.rel1.win32_1.1.1.202309131626/tools/bin/../lib/gcc/arm-none-eabi/11.3.1/thumb/v7e-m+fp/hard\libgcc.a
LOAD C:/ST/STM32CubeIDE_1.12.0/STM32CubeIDE/plugins/com.st.stm32cube.ide.mcu.externaltools.gnu-tools-for-stm32.11.3.rel1.win32_1.1.1.202309131626/tools/bin/../lib/gcc/arm-none-eabi/11.3.1/../../../../arm-none-eabi/lib/thumb/v7e-m+fp/hard\libc_nano.a
LOAD C:/ST/STM32CubeIDE_1.12.0/STM32CubeIDE/plugins/com.st.stm32cube.ide.mcu.externaltools.gnu-tools-for-stm32.11.3.rel1.win32_1.1.1.202309131626/tools/bin/../lib/gcc/arm-none-eabi/11.3.1/../../../../arm-none-eabi/lib/thumb/v7e-m+fp/hard\libnosys.a
END GROUP
START GROUP
LOAD C:/ST/STM32CubeIDE_1.12.0/STM32CubeIDE/plugins/com.st.stm32cube.ide.mcu.externaltools.gnu-tools-for-stm32.11.3.rel1.win32_1.1.1.202309131626/tools/bin/../lib/gcc/arm-none-eabi/11.3.1/thumb/v7e-m+fp/hard\libgcc.a
LOAD C:/ST/STM32CubeIDE_1.12.0/STM32CubeIDE/plugins/com.st.stm32cube.ide.mcu.externaltools.gnu-tools-for-stm32.11.3.rel1.win32_1.1.1.202309131626/tools/bin/../lib/gcc/arm-none-eabi/11.3.1/../../../../arm-none-eabi/lib/thumb/v7e-m+fp/hard\libc_nano.a
LOAD C:/ST/STM32CubeIDE_1.12.0/STM32CubeIDE/plugins/com.st.stm32cube.ide.mcu.externaltools.gnu-tools-for-stm32.11.3.rel1.win32_1.1.1.202309131626/tools/bin/../lib/gcc/arm-none-eabi/11.3.1/../../../../arm-none-eabi/lib/thumb/v7e-m+fp/hard\libnosys.a
END GROUP
LOAD C:/ST/STM32CubeIDE_1.12.0/STM32CubeIDE/plugins/com.st.stm32cube.ide.mcu.externaltools.gnu-tools-for-stm32.11.3.rel1.win32_1.1.1.202309131626/tools/bin/../lib/gcc/arm-none-eabi/11.3.1/thumb/v7e-m+fp/hard/crtend.o
LOAD C:/ST/STM32CubeIDE_1.12.0/STM32CubeIDE/plugins/com.st.stm32cube.ide.mcu.externaltools.gnu-tools-for-stm32.11.3.rel1.win32_1.1.1.202309131626/tools/bin/../lib/gcc/arm-none-eabi/11.3.1/thumb/v7e-m+fp/hard/crtn.o
                0x0000000020030000                _estack = (ORIGIN (RAM) + LENGTH (RAM))
                0x0000000000000200                _Min_Heap_Size = 0x200
                0x0000000000000400                _Min_Stack_Size = 0x400

.isr_vector     0x0000000008000000      0x1ac
                0x0000000008000000                . = ALIGN (0x4)
 *(.isr_vector)
 .isr_vector    0x0000000008000000      0x1ac ./Core/Startup/startup_stm32f429zitx.o
                0x0000000008000000                g_pfnVectors
                0x00000000080001ac                . = ALIGN (0x4)

.text           0x00000000080001b0     0xa18c
                0x00000000080001b0                . = ALIGN (0x4)
 *(.text)
 .text          0x00000000080001b0       0x40 C:/ST/STM32CubeIDE_1.12.0/STM32CubeIDE/plugins/com.st.stm32cube.ide.mcu.externaltools.gnu-tools-for-stm32.11.3.rel1.win32_1.1.1.202309131626/tools/bin/../lib/gcc/arm-none-eabi/11.3.1/thumb/v7e-m+fp/hard/crtbegin.o
 .text          0x00000000080001f0       0xa0 C:/ST/STM32CubeIDE_1.12.0/STM32CubeIDE/plugins/com.st.stm32cube.ide.mcu.externaltools.gnu-tools-for-stm32.11.3.rel1.win32_1.1.1.202309131626/tools/bin/../lib/gcc/arm-none-eabi/11.3.1/../../../../arm-none-eabi/lib/thumb/v7e-m+fp/hard\libc_nano.a(libc_a-memchr.o)
                0x00000000080001f0                memchr
 .text          0x0000000008000290      0x378 C:/ST/STM32CubeIDE_1.12.0/STM32CubeIDE/plugins/com.st.stm32cube.ide.mcu.externaltools.gnu-tools-for-stm32.11.3.rel1.win32_1.1.1.202309131626/tools/bin/../lib/gcc/arm-none-eabi/11.3.1/thumb/v7e-m+fp/hard\libgcc.a(_arm_addsubdf3.o)
                0x0000000008000290                __aeabi_drsub
                0x0000000008000298                __aeabi_dsub
                0x0000000008000298                __subdf3
                0x000000000800029c                __aeabi_dadd
                0x000000000800029c                __adddf3
                0x0000000008000514                __floatunsidf
                0x0000000008000514                __aeabi_ui2d
                0x0000000008000534                __floatsidf
                0x0000000008000534                __aeabi_i2d
                0x0000000008000558                __aeabi_f2d
                0x0000000008000558                __extendsfdf2
                0x000000000800059c                __floatundidf
                0x000000000800059c                __aeabi_ul2d
                0x00000000080005ac                __floatdidf
                0x00000000080005ac                __aeabi_l2d
 .text          0x0000000008000608      0x424 C:/ST/STM32CubeIDE_1.12.0/STM32CubeIDE/plugins/com.st.stm32cube.ide.mcu.externaltools.gnu-tools-for-stm32.11.3.rel1.win32_1.1.1.202309131626/tools/bin/../lib/gcc/arm-none-eabi/11.3.1/thumb/v7e-m+fp/hard\libgcc.a(_arm_muldivdf3.o)
                0x0000000008000608                __aeabi_dmul
                0x0000000008000608                __muldf3
                0x000000000800085c                __divdf3
                0x000000000800085c                __aeabi_ddiv
 .text          0x0000000008000a2c       0x50 C:/ST/STM32CubeIDE_1.12.0/STM32CubeIDE/plugins/com.st.stm32cube.ide.mcu.externaltools.gnu-tools-for-stm32.11.3.rel1.win32_1.1.1.202309131626/tools/bin/../lib/gcc/arm-none-eabi/11.3.1/thumb/v7e-m+fp/hard\libgcc.a(_arm_fixdfsi.o)
                0x0000000008000a2c                __aeabi_d2iz
                0x0000000008000a2c                __fixdfsi
 .text          0x0000000008000a7c       0x30 C:/ST/STM32CubeIDE_1.12.0/STM32CubeIDE/plugins/com.st.stm32cube.ide.mcu.externaltools.gnu-tools-for-stm32.11.3.rel1.win32_1.1.1.202309131626/tools/bin/../lib/gcc/arm-none-eabi/11.3.1/thumb/v7e-m+fp/hard\libgcc.a(_aeabi_uldivmod.o)
                0x0000000008000a7c                __aeabi_uldivmod
 .text          0x0000000008000aac      0x2c8 C:/ST/STM32CubeIDE_1.12.0/STM32CubeIDE/plugins/com.st.stm32cube.ide.mcu.externaltools.gnu-tools-for-stm32.11.3.rel1.win32_1.1.1.202309131626/tools/bin/../lib/gcc/arm-none-eabi/11.3.1/thumb/v7e-m+fp/hard\libgcc.a(_udivmoddi4.o)
                0x0000000008000aac                __udivmoddi4
 .text          0x0000000008000d74        0x4 C:/ST/STM32CubeIDE_1.12.0/STM32CubeIDE/plugins/com.st.stm32cube.ide.mcu.externaltools.gnu-tools-for-stm32.11.3.rel1.win32_1.1.1.202309131626/tools/bin/../lib/gcc/arm-none-eabi/11.3.1/thumb/v7e-m+fp/hard\libgcc.a(_dvmd_tls.o)
                0x0000000008000d74                __aeabi_idiv0
                0x0000000008000d74                __aeabi_ldiv0
 *(.text*)
 .text.DHT11_processing
                0x0000000008000d78       0xbc ./Core/Src/DHT11.o
                0x0000000008000d78                DHT11_processing
 .text.DHT11_Init
                0x0000000008000e34       0x20 ./Core/Src/DHT11.o
                0x0000000008000e34                DHT11_Init
 .text.DHT11_trriger
                0x0000000008000e54       0x2c ./Core/Src/DHT11.o
                0x0000000008000e54                DHT11_trriger
 .text.DHT11_DataLine_Input
                0x0000000008000e80       0x38 ./Core/Src/DHT11.o
                0x0000000008000e80                DHT11_DataLine_Input
 .text.DHT11_DataLine_Output
                0x0000000008000eb8       0x3c ./Core/Src/DHT11.o
                0x0000000008000eb8                DHT11_DataLine_Output
 .text.DHT11_rx_Data
                0x0000000008000ef4       0x6c ./Core/Src/DHT11.o
                0x0000000008000ef4                DHT11_rx_Data
 .text.DHT11_dumi_read
                0x0000000008000f60       0x3c ./Core/Src/DHT11.o
                0x0000000008000f60                DHT11_dumi_read
 .text.lcd_display_mode_select
                0x0000000008000f9c       0xb0 ./Core/Src/button.o
                0x0000000008000f9c                lcd_display_mode_select
 .text.get_button
                0x000000000800104c       0x70 ./Core/Src/button.o
                0x000000000800104c                get_button
 .text.lcd_command
                0x00000000080010bc       0x68 ./Core/Src/i2c_lcd.o
                0x00000000080010bc                lcd_command
 .text.lcd_data
                0x0000000008001124       0x68 ./Core/Src/i2c_lcd.o
                0x0000000008001124                lcd_data
 .text.i2c_lcd_init
                0x000000000800118c       0x32 ./Core/Src/i2c_lcd.o
                0x000000000800118c                i2c_lcd_init
 .text.lcd_string
                0x00000000080011be       0x2a ./Core/Src/i2c_lcd.o
                0x00000000080011be                lcd_string
 .text.move_cursor
                0x00000000080011e8       0x30 ./Core/Src/i2c_lcd.o
                0x00000000080011e8                move_cursor
 .text.bin2dec  0x0000000008001218       0x36 ./Core/Src/internal_rtc.o
                0x0000000008001218                bin2dec
 *fill*         0x000000000800124e        0x2 
 .text.dec2bin  0x0000000008001250       0x50 ./Core/Src/internal_rtc.o
                0x0000000008001250                dec2bin
 .text.get_rtc  0x00000000080012a0      0x158 ./Core/Src/internal_rtc.o
                0x00000000080012a0                get_rtc
 .text.set_rtc  0x00000000080013f8      0x138 ./Core/Src/internal_rtc.o
                0x00000000080013f8                set_rtc
 .text.set_time_button_ui
                0x0000000008001530      0x120 ./Core/Src/internal_rtc.o
                0x0000000008001530                set_time_button_ui
 .text.flower_on
                0x0000000008001650       0x60 ./Core/Src/led.o
                0x0000000008001650                flower_on
 .text.flower_off
                0x00000000080016b0       0x60 ./Core/Src/led.o
                0x00000000080016b0                flower_off
 .text.led_keepon_up
                0x0000000008001710       0x40 ./Core/Src/led.o
                0x0000000008001710                led_keepon_up
 .text.led_keepon_down
                0x0000000008001750       0x40 ./Core/Src/led.o
                0x0000000008001750                led_keepon_down
 .text.led_on_up
                0x0000000008001790       0x60 ./Core/Src/led.o
                0x0000000008001790                led_on_up
 .text.led_on_down
                0x00000000080017f0       0x60 ./Core/Src/led.o
                0x00000000080017f0                led_on_down
 .text.led_all_on
                0x0000000008001850       0x18 ./Core/Src/led.o
                0x0000000008001850                led_all_on
 .text.led_all_off
                0x0000000008001868       0x18 ./Core/Src/led.o
                0x0000000008001868                led_all_off
 .text.HAL_SYSTICK_Handler
                0x0000000008001880       0x1c ./Core/Src/main.o
                0x0000000008001880                HAL_SYSTICK_Handler
 .text.__io_putchar
                0x000000000800189c       0x24 ./Core/Src/main.o
                0x000000000800189c                __io_putchar
 .text.HAL_TIM_PeriodElapsedCallback
                0x00000000080018c0       0x40 ./Core/Src/main.o
                0x00000000080018c0                HAL_TIM_PeriodElapsedCallback
 .text.delay_us
                0x0000000008001900       0x30 ./Core/Src/main.o
                0x0000000008001900                delay_us
 .text.main     0x0000000008001930       0xc8 ./Core/Src/main.o
                0x0000000008001930                main
 .text.SystemClock_Config
                0x00000000080019f8       0xd8 ./Core/Src/main.o
                0x00000000080019f8                SystemClock_Config
 .text.MX_ETH_Init
                0x0000000008001ad0       0x9c ./Core/Src/main.o
 .text.MX_I2C1_Init
                0x0000000008001b6c       0x80 ./Core/Src/main.o
 .text.MX_RTC_Init
                0x0000000008001bec       0xb4 ./Core/Src/main.o
 .text.MX_TIM2_Init
                0x0000000008001ca0       0xb4 ./Core/Src/main.o
 .text.MX_TIM3_Init
                0x0000000008001d54       0xa8 ./Core/Src/main.o
 .text.MX_TIM4_Init
                0x0000000008001dfc       0xec ./Core/Src/main.o
 .text.MX_TIM10_Init
                0x0000000008001ee8       0x48 ./Core/Src/main.o
 .text.MX_TIM11_Init
                0x0000000008001f30       0x48 ./Core/Src/main.o
 .text.MX_USART3_UART_Init
                0x0000000008001f78       0x54 ./Core/Src/main.o
 .text.MX_USART6_UART_Init
                0x0000000008001fcc       0x54 ./Core/Src/main.o
 .text.MX_USB_OTG_FS_PCD_Init
                0x0000000008002020       0x5c ./Core/Src/main.o
 .text.MX_GPIO_Init
                0x000000000800207c      0x25c ./Core/Src/main.o
 .text.Error_Handler
                0x00000000080022d8        0xa ./Core/Src/main.o
                0x00000000080022d8                Error_Handler
 *fill*         0x00000000080022e2        0x2 
 .text.HAL_MspInit
                0x00000000080022e4       0x50 ./Core/Src/stm32f4xx_hal_msp.o
                0x00000000080022e4                HAL_MspInit
 .text.HAL_ETH_MspInit
                0x0000000008002334      0x18c ./Core/Src/stm32f4xx_hal_msp.o
                0x0000000008002334                HAL_ETH_MspInit
 .text.HAL_I2C_MspInit
                0x00000000080024c0       0x90 ./Core/Src/stm32f4xx_hal_msp.o
                0x00000000080024c0                HAL_I2C_MspInit
 .text.HAL_RTC_MspInit
                0x0000000008002550       0x54 ./Core/Src/stm32f4xx_hal_msp.o
                0x0000000008002550                HAL_RTC_MspInit
 .text.HAL_TIM_PWM_MspInit
                0x00000000080025a4       0x4c ./Core/Src/stm32f4xx_hal_msp.o
                0x00000000080025a4                HAL_TIM_PWM_MspInit
 .text.HAL_TIM_IC_MspInit
                0x00000000080025f0       0xa0 ./Core/Src/stm32f4xx_hal_msp.o
                0x00000000080025f0                HAL_TIM_IC_MspInit
 .text.HAL_TIM_Base_MspInit
                0x0000000008002690       0xc8 ./Core/Src/stm32f4xx_hal_msp.o
                0x0000000008002690                HAL_TIM_Base_MspInit
 .text.HAL_TIM_MspPostInit
                0x0000000008002758       0xc0 ./Core/Src/stm32f4xx_hal_msp.o
                0x0000000008002758                HAL_TIM_MspPostInit
 .text.HAL_UART_MspInit
                0x0000000008002818      0x11c ./Core/Src/stm32f4xx_hal_msp.o
                0x0000000008002818                HAL_UART_MspInit
 .text.HAL_PCD_MspInit
                0x0000000008002934       0xb4 ./Core/Src/stm32f4xx_hal_msp.o
                0x0000000008002934                HAL_PCD_MspInit
 .text.NMI_Handler
                0x00000000080029e8        0x6 ./Core/Src/stm32f4xx_it.o
                0x00000000080029e8                NMI_Handler
 .text.HardFault_Handler
                0x00000000080029ee        0x6 ./Core/Src/stm32f4xx_it.o
                0x00000000080029ee                HardFault_Handler
 .text.MemManage_Handler
                0x00000000080029f4        0x6 ./Core/Src/stm32f4xx_it.o
                0x00000000080029f4                MemManage_Handler
 .text.BusFault_Handler
                0x00000000080029fa        0x6 ./Core/Src/stm32f4xx_it.o
                0x00000000080029fa                BusFault_Handler
 .text.UsageFault_Handler
                0x0000000008002a00        0x6 ./Core/Src/stm32f4xx_it.o
                0x0000000008002a00                UsageFault_Handler
 .text.SVC_Handler
                0x0000000008002a06        0xe ./Core/Src/stm32f4xx_it.o
                0x0000000008002a06                SVC_Handler
 .text.DebugMon_Handler
                0x0000000008002a14        0xe ./Core/Src/stm32f4xx_it.o
                0x0000000008002a14                DebugMon_Handler
 .text.PendSV_Handler
                0x0000000008002a22        0xe ./Core/Src/stm32f4xx_it.o
                0x0000000008002a22                PendSV_Handler
 .text.SysTick_Handler
                0x0000000008002a30       0x10 ./Core/Src/stm32f4xx_it.o
                0x0000000008002a30                SysTick_Handler
 .text.TIM1_UP_TIM10_IRQHandler
                0x0000000008002a40       0x14 ./Core/Src/stm32f4xx_it.o
                0x0000000008002a40                TIM1_UP_TIM10_IRQHandler
 .text.TIM1_TRG_COM_TIM11_IRQHandler
                0x0000000008002a54       0x14 ./Core/Src/stm32f4xx_it.o
                0x0000000008002a54                TIM1_TRG_COM_TIM11_IRQHandler
 .text.TIM2_IRQHandler
                0x0000000008002a68       0x14 ./Core/Src/stm32f4xx_it.o
                0x0000000008002a68                TIM2_IRQHandler
 .text.TIM3_IRQHandler
                0x0000000008002a7c       0x14 ./Core/Src/stm32f4xx_it.o
                0x0000000008002a7c                TIM3_IRQHandler
 .text.TIM4_IRQHandler
                0x0000000008002a90       0x14 ./Core/Src/stm32f4xx_it.o
                0x0000000008002a90                TIM4_IRQHandler
 .text.USART3_IRQHandler
                0x0000000008002aa4       0x14 ./Core/Src/stm32f4xx_it.o
                0x0000000008002aa4                USART3_IRQHandler
 .text.USART6_IRQHandler
                0x0000000008002ab8       0x14 ./Core/Src/stm32f4xx_it.o
                0x0000000008002ab8                USART6_IRQHandler
 .text._read    0x0000000008002acc       0x3a ./Core/Src/syscalls.o
                0x0000000008002acc                _read
 .text._write   0x0000000008002b06       0x38 ./Core/Src/syscalls.o
                0x0000000008002b06                _write
 .text._close   0x0000000008002b3e       0x18 ./Core/Src/syscalls.o
                0x0000000008002b3e                _close
 .text._fstat   0x0000000008002b56       0x20 ./Core/Src/syscalls.o
                0x0000000008002b56                _fstat
 .text._isatty  0x0000000008002b76       0x16 ./Core/Src/syscalls.o
                0x0000000008002b76                _isatty
 .text._lseek   0x0000000008002b8c       0x1a ./Core/Src/syscalls.o
                0x0000000008002b8c                _lseek
 *fill*         0x0000000008002ba6        0x2 
 .text._sbrk    0x0000000008002ba8       0x6c ./Core/Src/sysmem.o
                0x0000000008002ba8                _sbrk
 .text.SystemInit
                0x0000000008002c14       0x24 ./Core/Src/system_stm32f4xx.o
                0x0000000008002c14                SystemInit
 .text.HAL_UART_RxCpltCallback
                0x0000000008002c38      0x104 ./Core/Src/uart.o
                0x0000000008002c38                HAL_UART_RxCpltCallback
 .text.pc_command_processing
                0x0000000008002d3c      0x188 ./Core/Src/uart.o
                0x0000000008002d3c                pc_command_processing
 .text.bt_command_processing
                0x0000000008002ec4       0xf4 ./Core/Src/uart.o
                0x0000000008002ec4                bt_command_processing
 .text.HAL_TIM_IC_CaptureCallback
                0x0000000008002fb8       0x6c ./Core/Src/ultrasonic.o
                0x0000000008002fb8                HAL_TIM_IC_CaptureCallback
 *fill*         0x0000000008003024        0x4 
 .text.ultrasonic_processing
                0x0000000008003028       0xc4 ./Core/Src/ultrasonic.o
                0x0000000008003028                ultrasonic_processing
 .text.make_trigger
                0x00000000080030ec       0x3c ./Core/Src/ultrasonic.o
                0x00000000080030ec                make_trigger
 .text.Reset_Handler
                0x0000000008003128       0x50 ./Core/Startup/startup_stm32f429zitx.o
                0x0000000008003128                Reset_Handler
 .text.Default_Handler
                0x0000000008003178        0x2 ./Core/Startup/startup_stm32f429zitx.o
                0x0000000008003178                RTC_Alarm_IRQHandler
                0x0000000008003178                HASH_RNG_IRQHandler
                0x0000000008003178                EXTI2_IRQHandler
                0x0000000008003178                TIM8_CC_IRQHandler
                0x0000000008003178                UART8_IRQHandler
                0x0000000008003178                SPI4_IRQHandler
                0x0000000008003178                TIM1_CC_IRQHandler
                0x0000000008003178                DMA2_Stream5_IRQHandler
                0x0000000008003178                DMA1_Stream5_IRQHandler
                0x0000000008003178                PVD_IRQHandler
                0x0000000008003178                SDIO_IRQHandler
                0x0000000008003178                TAMP_STAMP_IRQHandler
                0x0000000008003178                CAN2_RX1_IRQHandler
                0x0000000008003178                EXTI3_IRQHandler
                0x0000000008003178                TIM8_TRG_COM_TIM14_IRQHandler
                0x0000000008003178                TIM8_UP_TIM13_IRQHandler
                0x0000000008003178                I2C3_ER_IRQHandler
                0x0000000008003178                EXTI0_IRQHandler
                0x0000000008003178                I2C2_EV_IRQHandler
                0x0000000008003178                DMA1_Stream2_IRQHandler
                0x0000000008003178                CAN1_RX0_IRQHandler
                0x0000000008003178                FPU_IRQHandler
                0x0000000008003178                OTG_HS_WKUP_IRQHandler
                0x0000000008003178                LTDC_ER_IRQHandler
                0x0000000008003178                CAN2_SCE_IRQHandler
                0x0000000008003178                DMA2_Stream2_IRQHandler
                0x0000000008003178                SPI1_IRQHandler
                0x0000000008003178                TIM6_DAC_IRQHandler
                0x0000000008003178                TIM1_BRK_TIM9_IRQHandler
                0x0000000008003178                DCMI_IRQHandler
                0x0000000008003178                CAN2_RX0_IRQHandler
                0x0000000008003178                DMA2_Stream3_IRQHandler
                0x0000000008003178                CAN1_RX1_IRQHandler
                0x0000000008003178                UART5_IRQHandler
                0x0000000008003178                DMA2_Stream0_IRQHandler
                0x0000000008003178                I2C1_EV_IRQHandler
                0x0000000008003178                DMA1_Stream6_IRQHandler
                0x0000000008003178                DMA1_Stream1_IRQHandler
                0x0000000008003178                UART4_IRQHandler
                0x0000000008003178                RCC_IRQHandler
                0x0000000008003178                TIM8_BRK_TIM12_IRQHandler
                0x0000000008003178                Default_Handler
                0x0000000008003178                EXTI15_10_IRQHandler
                0x0000000008003178                ADC_IRQHandler
                0x0000000008003178                DMA1_Stream7_IRQHandler
                0x0000000008003178                SPI5_IRQHandler
                0x0000000008003178                TIM7_IRQHandler
                0x0000000008003178                CAN2_TX_IRQHandler
                0x0000000008003178                TIM5_IRQHandler
                0x0000000008003178                DMA2_Stream7_IRQHandler
                0x0000000008003178                I2C3_EV_IRQHandler
                0x0000000008003178                EXTI9_5_IRQHandler
                0x0000000008003178                RTC_WKUP_IRQHandler
                0x0000000008003178                LTDC_IRQHandler
                0x0000000008003178                ETH_WKUP_IRQHandler
                0x0000000008003178                SPI2_IRQHandler
                0x0000000008003178                OTG_HS_EP1_IN_IRQHandler
                0x0000000008003178                DMA1_Stream0_IRQHandler
                0x0000000008003178                CAN1_TX_IRQHandler
                0x0000000008003178                EXTI4_IRQHandler
                0x0000000008003178                ETH_IRQHandler
                0x0000000008003178                OTG_HS_EP1_OUT_IRQHandler
                0x0000000008003178                WWDG_IRQHandler
                0x0000000008003178                SPI6_IRQHandler
                0x0000000008003178                OTG_FS_WKUP_IRQHandler
                0x0000000008003178                OTG_HS_IRQHandler
                0x0000000008003178                DMA2D_IRQHandler
                0x0000000008003178                EXTI1_IRQHandler
                0x0000000008003178                UART7_IRQHandler
                0x0000000008003178                USART2_IRQHandler
                0x0000000008003178                I2C2_ER_IRQHandler
                0x0000000008003178                DMA2_Stream1_IRQHandler
                0x0000000008003178                CAN1_SCE_IRQHandler
                0x0000000008003178                FLASH_IRQHandler
                0x0000000008003178                DMA2_Stream4_IRQHandler
                0x0000000008003178                USART1_IRQHandler
                0x0000000008003178                OTG_FS_IRQHandler
                0x0000000008003178                SPI3_IRQHandler
                0x0000000008003178                DMA1_Stream4_IRQHandler
                0x0000000008003178                I2C1_ER_IRQHandler
                0x0000000008003178                FMC_IRQHandler
                0x0000000008003178                DMA2_Stream6_IRQHandler
                0x0000000008003178                SAI1_IRQHandler
                0x0000000008003178                DMA1_Stream3_IRQHandler
 *fill*         0x000000000800317a        0x2 
 .text.HAL_Init
                0x000000000800317c       0x44 ./Drivers/STM32F4xx_HAL_Driver/Src/stm32f4xx_hal.o
                0x000000000800317c                HAL_Init
 .text.HAL_InitTick
                0x00000000080031c0       0x60 ./Drivers/STM32F4xx_HAL_Driver/Src/stm32f4xx_hal.o
                0x00000000080031c0                HAL_InitTick
 .text.HAL_IncTick
                0x0000000008003220       0x28 ./Drivers/STM32F4xx_HAL_Driver/Src/stm32f4xx_hal.o
                0x0000000008003220                HAL_IncTick
 .text.HAL_GetTick
                0x0000000008003248       0x18 ./Drivers/STM32F4xx_HAL_Driver/Src/stm32f4xx_hal.o
                0x0000000008003248                HAL_GetTick
 .text.HAL_Delay
                0x0000000008003260       0x48 ./Drivers/STM32F4xx_HAL_Driver/Src/stm32f4xx_hal.o
                0x0000000008003260                HAL_Delay
 .text.__NVIC_SetPriorityGrouping
                0x00000000080032a8       0x48 ./Drivers/STM32F4xx_HAL_Driver/Src/stm32f4xx_hal_cortex.o
 .text.__NVIC_GetPriorityGrouping
                0x00000000080032f0       0x1c ./Drivers/STM32F4xx_HAL_Driver/Src/stm32f4xx_hal_cortex.o
 .text.__NVIC_EnableIRQ
                0x000000000800330c       0x3c ./Drivers/STM32F4xx_HAL_Driver/Src/stm32f4xx_hal_cortex.o
 .text.__NVIC_SetPriority
                0x0000000008003348       0x54 ./Drivers/STM32F4xx_HAL_Driver/Src/stm32f4xx_hal_cortex.o
 .text.NVIC_EncodePriority
                0x000000000800339c       0x66 ./Drivers/STM32F4xx_HAL_Driver/Src/stm32f4xx_hal_cortex.o
 *fill*         0x0000000008003402        0x2 
 .text.SysTick_Config
                0x0000000008003404       0x44 ./Drivers/STM32F4xx_HAL_Driver/Src/stm32f4xx_hal_cortex.o
 .text.HAL_NVIC_SetPriorityGrouping
                0x0000000008003448       0x16 ./Drivers/STM32F4xx_HAL_Driver/Src/stm32f4xx_hal_cortex.o
                0x0000000008003448                HAL_NVIC_SetPriorityGrouping
 .text.HAL_NVIC_SetPriority
                0x000000000800345e       0x38 ./Drivers/STM32F4xx_HAL_Driver/Src/stm32f4xx_hal_cortex.o
                0x000000000800345e                HAL_NVIC_SetPriority
 .text.HAL_NVIC_EnableIRQ
                0x0000000008003496       0x1c ./Drivers/STM32F4xx_HAL_Driver/Src/stm32f4xx_hal_cortex.o
                0x0000000008003496                HAL_NVIC_EnableIRQ
 .text.HAL_SYSTICK_Config
                0x00000000080034b2       0x18 ./Drivers/STM32F4xx_HAL_Driver/Src/stm32f4xx_hal_cortex.o
                0x00000000080034b2                HAL_SYSTICK_Config
 .text.HAL_DMA_Abort
                0x00000000080034ca       0xe0 ./Drivers/STM32F4xx_HAL_Driver/Src/stm32f4xx_hal_dma.o
                0x00000000080034ca                HAL_DMA_Abort
 .text.HAL_DMA_Abort_IT
                0x00000000080035aa       0x44 ./Drivers/STM32F4xx_HAL_Driver/Src/stm32f4xx_hal_dma.o
                0x00000000080035aa                HAL_DMA_Abort_IT
 *fill*         0x00000000080035ee        0x2 
 .text.HAL_ETH_Init
                0x00000000080035f0       0xfc ./Drivers/STM32F4xx_HAL_Driver/Src/stm32f4xx_hal_eth.o
                0x00000000080035f0                HAL_ETH_Init
 .text.ETH_SetMACConfig
                0x00000000080036ec      0x160 ./Drivers/STM32F4xx_HAL_Driver/Src/stm32f4xx_hal_eth.o
 .text.ETH_SetDMAConfig
                0x000000000800384c      0x114 ./Drivers/STM32F4xx_HAL_Driver/Src/stm32f4xx_hal_eth.o
 .text.ETH_MACDMAConfig
                0x0000000008003960       0xe4 ./Drivers/STM32F4xx_HAL_Driver/Src/stm32f4xx_hal_eth.o
 .text.ETH_MACAddressConfig
                0x0000000008003a44       0x70 ./Drivers/STM32F4xx_HAL_Driver/Src/stm32f4xx_hal_eth.o
 .text.ETH_DMATxDescListInit
                0x0000000008003ab4       0xb2 ./Drivers/STM32F4xx_HAL_Driver/Src/stm32f4xx_hal_eth.o
 .text.ETH_DMARxDescListInit
                0x0000000008003b66       0xda ./Drivers/STM32F4xx_HAL_Driver/Src/stm32f4xx_hal_eth.o
 .text.HAL_GPIO_Init
                0x0000000008003c40      0x358 ./Drivers/STM32F4xx_HAL_Driver/Src/stm32f4xx_hal_gpio.o
                0x0000000008003c40                HAL_GPIO_Init
 .text.HAL_GPIO_ReadPin
                0x0000000008003f98       0x30 ./Drivers/STM32F4xx_HAL_Driver/Src/stm32f4xx_hal_gpio.o
                0x0000000008003f98                HAL_GPIO_ReadPin
 .text.HAL_GPIO_WritePin
                0x0000000008003fc8       0x32 ./Drivers/STM32F4xx_HAL_Driver/Src/stm32f4xx_hal_gpio.o
                0x0000000008003fc8                HAL_GPIO_WritePin
 *fill*         0x0000000008003ffa        0x2 
 .text.HAL_I2C_Init
                0x0000000008003ffc      0x288 ./Drivers/STM32F4xx_HAL_Driver/Src/stm32f4xx_hal_i2c.o
                0x0000000008003ffc                HAL_I2C_Init
 .text.HAL_I2C_Master_Transmit
                0x0000000008004284      0x1fc ./Drivers/STM32F4xx_HAL_Driver/Src/stm32f4xx_hal_i2c.o
                0x0000000008004284                HAL_I2C_Master_Transmit
 .text.I2C_MasterRequestWrite
                0x0000000008004480      0x104 ./Drivers/STM32F4xx_HAL_Driver/Src/stm32f4xx_hal_i2c.o
 .text.I2C_WaitOnFlagUntilTimeout
                0x0000000008004584       0xae ./Drivers/STM32F4xx_HAL_Driver/Src/stm32f4xx_hal_i2c.o
 .text.I2C_WaitOnMasterAddressFlagUntilTimeout
                0x0000000008004632       0xfe ./Drivers/STM32F4xx_HAL_Driver/Src/stm32f4xx_hal_i2c.o
 .text.I2C_WaitOnTXEFlagUntilTimeout
                0x0000000008004730       0x82 ./Drivers/STM32F4xx_HAL_Driver/Src/stm32f4xx_hal_i2c.o
 .text.I2C_WaitOnBTFFlagUntilTimeout
                0x00000000080047b2       0x82 ./Drivers/STM32F4xx_HAL_Driver/Src/stm32f4xx_hal_i2c.o
 .text.I2C_IsAcknowledgeFailed
                0x0000000008004834       0x5e ./Drivers/STM32F4xx_HAL_Driver/Src/stm32f4xx_hal_i2c.o
 .text.HAL_I2CEx_ConfigAnalogFilter
                0x0000000008004892       0x78 ./Drivers/STM32F4xx_HAL_Driver/Src/stm32f4xx_hal_i2c_ex.o
                0x0000000008004892                HAL_I2CEx_ConfigAnalogFilter
 .text.HAL_I2CEx_ConfigDigitalFilter
                0x000000000800490a       0x7e ./Drivers/STM32F4xx_HAL_Driver/Src/stm32f4xx_hal_i2c_ex.o
                0x000000000800490a                HAL_I2CEx_ConfigDigitalFilter
 .text.HAL_PCD_Init
                0x0000000008004988      0x23a ./Drivers/STM32F4xx_HAL_Driver/Src/stm32f4xx_hal_pcd.o
                0x0000000008004988                HAL_PCD_Init
 *fill*         0x0000000008004bc2        0x2 
 .text.HAL_RCC_OscConfig
                0x0000000008004bc4      0x4f0 ./Drivers/STM32F4xx_HAL_Driver/Src/stm32f4xx_hal_rcc.o
                0x0000000008004bc4                HAL_RCC_OscConfig
 .text.HAL_RCC_ClockConfig
                0x00000000080050b4      0x1cc ./Drivers/STM32F4xx_HAL_Driver/Src/stm32f4xx_hal_rcc.o
                0x00000000080050b4                HAL_RCC_ClockConfig
 .text.HAL_RCC_GetSysClockFreq
                0x0000000008005280      0x20c ./Drivers/STM32F4xx_HAL_Driver/Src/stm32f4xx_hal_rcc.o
                0x0000000008005280                HAL_RCC_GetSysClockFreq
 .text.HAL_RCC_GetHCLKFreq
                0x000000000800548c       0x18 ./Drivers/STM32F4xx_HAL_Driver/Src/stm32f4xx_hal_rcc.o
                0x000000000800548c                HAL_RCC_GetHCLKFreq
 .text.HAL_RCC_GetPCLK1Freq
                0x00000000080054a4       0x28 ./Drivers/STM32F4xx_HAL_Driver/Src/stm32f4xx_hal_rcc.o
                0x00000000080054a4                HAL_RCC_GetPCLK1Freq
 .text.HAL_RCC_GetPCLK2Freq
                0x00000000080054cc       0x28 ./Drivers/STM32F4xx_HAL_Driver/Src/stm32f4xx_hal_rcc.o
                0x00000000080054cc                HAL_RCC_GetPCLK2Freq
 .text.HAL_RCCEx_PeriphCLKConfig
                0x00000000080054f4      0x380 ./Drivers/STM32F4xx_HAL_Driver/Src/stm32f4xx_hal_rcc_ex.o
                0x00000000080054f4                HAL_RCCEx_PeriphCLKConfig
 .text.HAL_RTC_Init
                0x0000000008005874       0xec ./Drivers/STM32F4xx_HAL_Driver/Src/stm32f4xx_hal_rtc.o
                0x0000000008005874                HAL_RTC_Init
 .text.HAL_RTC_SetTime
                0x0000000008005960      0x134 ./Drivers/STM32F4xx_HAL_Driver/Src/stm32f4xx_hal_rtc.o
                0x0000000008005960                HAL_RTC_SetTime
 .text.HAL_RTC_GetTime
                0x0000000008005a94       0xbc ./Drivers/STM32F4xx_HAL_Driver/Src/stm32f4xx_hal_rtc.o
                0x0000000008005a94                HAL_RTC_GetTime
 .text.HAL_RTC_SetDate
                0x0000000008005b50      0x108 ./Drivers/STM32F4xx_HAL_Driver/Src/stm32f4xx_hal_rtc.o
                0x0000000008005b50                HAL_RTC_SetDate
 .text.HAL_RTC_GetDate
                0x0000000008005c58       0x9e ./Drivers/STM32F4xx_HAL_Driver/Src/stm32f4xx_hal_rtc.o
                0x0000000008005c58                HAL_RTC_GetDate
 .text.HAL_RTC_WaitForSynchro
                0x0000000008005cf6       0x50 ./Drivers/STM32F4xx_HAL_Driver/Src/stm32f4xx_hal_rtc.o
                0x0000000008005cf6                HAL_RTC_WaitForSynchro
 .text.RTC_EnterInitMode
                0x0000000008005d46       0x6e ./Drivers/STM32F4xx_HAL_Driver/Src/stm32f4xx_hal_rtc.o
                0x0000000008005d46                RTC_EnterInitMode
 .text.RTC_ExitInitMode
                0x0000000008005db4       0x4a ./Drivers/STM32F4xx_HAL_Driver/Src/stm32f4xx_hal_rtc.o
                0x0000000008005db4                RTC_ExitInitMode
 .text.RTC_ByteToBcd2
                0x0000000008005dfe       0x3a ./Drivers/STM32F4xx_HAL_Driver/Src/stm32f4xx_hal_rtc.o
                0x0000000008005dfe                RTC_ByteToBcd2
 .text.RTC_Bcd2ToByte
                0x0000000008005e38       0x38 ./Drivers/STM32F4xx_HAL_Driver/Src/stm32f4xx_hal_rtc.o
                0x0000000008005e38                RTC_Bcd2ToByte
 .text.HAL_TIM_Base_Init
                0x0000000008005e70       0x9e ./Drivers/STM32F4xx_HAL_Driver/Src/stm32f4xx_hal_tim.o
                0x0000000008005e70                HAL_TIM_Base_Init
 *fill*         0x0000000008005f0e        0x2 
 .text.HAL_TIM_Base_Start_IT
                0x0000000008005f10       0xe0 ./Drivers/STM32F4xx_HAL_Driver/Src/stm32f4xx_hal_tim.o
                0x0000000008005f10                HAL_TIM_Base_Start_IT
 .text.HAL_TIM_PWM_Init
                0x0000000008005ff0       0x9e ./Drivers/STM32F4xx_HAL_Driver/Src/stm32f4xx_hal_tim.o
                0x0000000008005ff0                HAL_TIM_PWM_Init
 *fill*         0x000000000800608e        0x2 
 .text.HAL_TIM_PWM_Start
                0x0000000008006090      0x190 ./Drivers/STM32F4xx_HAL_Driver/Src/stm32f4xx_hal_tim.o
                0x0000000008006090                HAL_TIM_PWM_Start
 .text.HAL_TIM_PWM_Start_IT
                0x0000000008006220      0x22c ./Drivers/STM32F4xx_HAL_Driver/Src/stm32f4xx_hal_tim.o
                0x0000000008006220                HAL_TIM_PWM_Start_IT
 .text.HAL_TIM_IC_Init
                0x000000000800644c       0x9e ./Drivers/STM32F4xx_HAL_Driver/Src/stm32f4xx_hal_tim.o
                0x000000000800644c                HAL_TIM_IC_Init
 *fill*         0x00000000080064ea        0x2 
 .text.HAL_TIM_IC_Start_IT
                0x00000000080064ec      0x250 ./Drivers/STM32F4xx_HAL_Driver/Src/stm32f4xx_hal_tim.o
                0x00000000080064ec                HAL_TIM_IC_Start_IT
 .text.HAL_TIM_IRQHandler
                0x000000000800673c      0x210 ./Drivers/STM32F4xx_HAL_Driver/Src/stm32f4xx_hal_tim.o
                0x000000000800673c                HAL_TIM_IRQHandler
 .text.HAL_TIM_IC_ConfigChannel
                0x000000000800694c      0x138 ./Drivers/STM32F4xx_HAL_Driver/Src/stm32f4xx_hal_tim.o
                0x000000000800694c                HAL_TIM_IC_ConfigChannel
 .text.HAL_TIM_PWM_ConfigChannel
                0x0000000008006a84      0x184 ./Drivers/STM32F4xx_HAL_Driver/Src/stm32f4xx_hal_tim.o
                0x0000000008006a84                HAL_TIM_PWM_ConfigChannel
 .text.HAL_TIM_ConfigClockSource
                0x0000000008006c08      0x18e ./Drivers/STM32F4xx_HAL_Driver/Src/stm32f4xx_hal_tim.o
                0x0000000008006c08                HAL_TIM_ConfigClockSource
 *fill*         0x0000000008006d96        0x2 
 .text.HAL_TIM_ReadCapturedValue
                0x0000000008006d98       0x88 ./Drivers/STM32F4xx_HAL_Driver/Src/stm32f4xx_hal_tim.o
                0x0000000008006d98                HAL_TIM_ReadCapturedValue
 .text.HAL_TIM_OC_DelayElapsedCallback
                0x0000000008006e20       0x14 ./Drivers/STM32F4xx_HAL_Driver/Src/stm32f4xx_hal_tim.o
                0x0000000008006e20                HAL_TIM_OC_DelayElapsedCallback
 .text.HAL_TIM_PWM_PulseFinishedCallback
                0x0000000008006e34       0x14 ./Drivers/STM32F4xx_HAL_Driver/Src/stm32f4xx_hal_tim.o
                0x0000000008006e34                HAL_TIM_PWM_PulseFinishedCallback
 .text.HAL_TIM_TriggerCallback
                0x0000000008006e48       0x14 ./Drivers/STM32F4xx_HAL_Driver/Src/stm32f4xx_hal_tim.o
                0x0000000008006e48                HAL_TIM_TriggerCallback
 .text.TIM_Base_SetConfig
                0x0000000008006e5c      0x140 ./Drivers/STM32F4xx_HAL_Driver/Src/stm32f4xx_hal_tim.o
                0x0000000008006e5c                TIM_Base_SetConfig
 .text.TIM_OC1_SetConfig
                0x0000000008006f9c       0xe0 ./Drivers/STM32F4xx_HAL_Driver/Src/stm32f4xx_hal_tim.o
 .text.TIM_OC2_SetConfig
                0x000000000800707c       0xec ./Drivers/STM32F4xx_HAL_Driver/Src/stm32f4xx_hal_tim.o
                0x000000000800707c                TIM_OC2_SetConfig
 .text.TIM_OC3_SetConfig
                0x0000000008007168       0xe8 ./Drivers/STM32F4xx_HAL_Driver/Src/stm32f4xx_hal_tim.o
 .text.TIM_OC4_SetConfig
                0x0000000008007250       0xac ./Drivers/STM32F4xx_HAL_Driver/Src/stm32f4xx_hal_tim.o
 .text.TIM_TI1_SetConfig
                0x00000000080072fc       0xe8 ./Drivers/STM32F4xx_HAL_Driver/Src/stm32f4xx_hal_tim.o
                0x00000000080072fc                TIM_TI1_SetConfig
 .text.TIM_TI1_ConfigInputStage
                0x00000000080073e4       0x5e ./Drivers/STM32F4xx_HAL_Driver/Src/stm32f4xx_hal_tim.o
 .text.TIM_TI2_SetConfig
                0x0000000008007442       0x7a ./Drivers/STM32F4xx_HAL_Driver/Src/stm32f4xx_hal_tim.o
 .text.TIM_TI2_ConfigInputStage
                0x00000000080074bc       0x60 ./Drivers/STM32F4xx_HAL_Driver/Src/stm32f4xx_hal_tim.o
 .text.TIM_TI3_SetConfig
                0x000000000800751c       0x78 ./Drivers/STM32F4xx_HAL_Driver/Src/stm32f4xx_hal_tim.o
 .text.TIM_TI4_SetConfig
                0x0000000008007594       0x7a ./Drivers/STM32F4xx_HAL_Driver/Src/stm32f4xx_hal_tim.o
 .text.TIM_ITRx_SetConfig
                0x000000000800760e       0x36 ./Drivers/STM32F4xx_HAL_Driver/Src/stm32f4xx_hal_tim.o
 .text.TIM_ETR_SetConfig
                0x0000000008007644       0x40 ./Drivers/STM32F4xx_HAL_Driver/Src/stm32f4xx_hal_tim.o
                0x0000000008007644                TIM_ETR_SetConfig
 .text.TIM_CCxChannelCmd
                0x0000000008007684       0x4a ./Drivers/STM32F4xx_HAL_Driver/Src/stm32f4xx_hal_tim.o
                0x0000000008007684                TIM_CCxChannelCmd
 *fill*         0x00000000080076ce        0x2 
 .text.HAL_TIMEx_MasterConfigSynchronization
                0x00000000080076d0       0xf8 ./Drivers/STM32F4xx_HAL_Driver/Src/stm32f4xx_hal_tim_ex.o
                0x00000000080076d0                HAL_TIMEx_MasterConfigSynchronization
 .text.HAL_TIMEx_CommutCallback
                0x00000000080077c8       0x14 ./Drivers/STM32F4xx_HAL_Driver/Src/stm32f4xx_hal_tim_ex.o
                0x00000000080077c8                HAL_TIMEx_CommutCallback
 .text.HAL_TIMEx_BreakCallback
                0x00000000080077dc       0x14 ./Drivers/STM32F4xx_HAL_Driver/Src/stm32f4xx_hal_tim_ex.o
                0x00000000080077dc                HAL_TIMEx_BreakCallback
 .text.HAL_UART_Init
                0x00000000080077f0       0x9a ./Drivers/STM32F4xx_HAL_Driver/Src/stm32f4xx_hal_uart.o
                0x00000000080077f0                HAL_UART_Init
 .text.HAL_UART_Transmit
                0x000000000800788a      0x124 ./Drivers/STM32F4xx_HAL_Driver/Src/stm32f4xx_hal_uart.o
                0x000000000800788a                HAL_UART_Transmit
 .text.HAL_UART_Receive_IT
                0x00000000080079ae       0x60 ./Drivers/STM32F4xx_HAL_Driver/Src/stm32f4xx_hal_uart.o
                0x00000000080079ae                HAL_UART_Receive_IT
 *fill*         0x0000000008007a0e        0x2 
 .text.HAL_UART_IRQHandler
                0x0000000008007a10      0x51c ./Drivers/STM32F4xx_HAL_Driver/Src/stm32f4xx_hal_uart.o
                0x0000000008007a10                HAL_UART_IRQHandler
 .text.HAL_UART_TxCpltCallback
                0x0000000008007f2c       0x14 ./Drivers/STM32F4xx_HAL_Driver/Src/stm32f4xx_hal_uart.o
                0x0000000008007f2c                HAL_UART_TxCpltCallback
 .text.HAL_UART_ErrorCallback
                0x0000000008007f40       0x14 ./Drivers/STM32F4xx_HAL_Driver/Src/stm32f4xx_hal_uart.o
                0x0000000008007f40                HAL_UART_ErrorCallback
 .text.HAL_UARTEx_RxEventCallback
                0x0000000008007f54       0x18 ./Drivers/STM32F4xx_HAL_Driver/Src/stm32f4xx_hal_uart.o
                0x0000000008007f54                HAL_UARTEx_RxEventCallback
 .text.UART_WaitOnFlagUntilTimeout
                0x0000000008007f6c       0xdc ./Drivers/STM32F4xx_HAL_Driver/Src/stm32f4xx_hal_uart.o
 .text.UART_Start_Receive_IT
                0x0000000008008048       0x7c ./Drivers/STM32F4xx_HAL_Driver/Src/stm32f4xx_hal_uart.o
                0x0000000008008048                UART_Start_Receive_IT
 .text.UART_EndRxTransfer
                0x00000000080080c4       0xc6 ./Drivers/STM32F4xx_HAL_Driver/Src/stm32f4xx_hal_uart.o
 .text.UART_DMAAbortOnError
                0x000000000800818a       0x28 ./Drivers/STM32F4xx_HAL_Driver/Src/stm32f4xx_hal_uart.o
 .text.UART_Transmit_IT
                0x00000000080081b2       0xa0 ./Drivers/STM32F4xx_HAL_Driver/Src/stm32f4xx_hal_uart.o
 .text.UART_EndTransmit_IT
                0x0000000008008252       0x30 ./Drivers/STM32F4xx_HAL_Driver/Src/stm32f4xx_hal_uart.o
 .text.UART_Receive_IT
                0x0000000008008282      0x176 ./Drivers/STM32F4xx_HAL_Driver/Src/stm32f4xx_hal_uart.o
 .text.UART_SetConfig
                0x00000000080083f8      0x4e8 ./Drivers/STM32F4xx_HAL_Driver/Src/stm32f4xx_hal_uart.o
 .text.USB_CoreInit
                0x00000000080088e0       0xc2 ./Drivers/STM32F4xx_HAL_Driver/Src/stm32f4xx_ll_usb.o
                0x00000000080088e0                USB_CoreInit
 .text.USB_DisableGlobalInt
                0x00000000080089a2       0x22 ./Drivers/STM32F4xx_HAL_Driver/Src/stm32f4xx_ll_usb.o
                0x00000000080089a2                USB_DisableGlobalInt
 .text.USB_SetCurrentMode
                0x00000000080089c4       0x98 ./Drivers/STM32F4xx_HAL_Driver/Src/stm32f4xx_ll_usb.o
                0x00000000080089c4                USB_SetCurrentMode
 .text.USB_DevInit
                0x0000000008008a5c      0x2c8 ./Drivers/STM32F4xx_HAL_Driver/Src/stm32f4xx_ll_usb.o
                0x0000000008008a5c                USB_DevInit
 .text.USB_FlushTxFifo
                0x0000000008008d24       0x68 ./Drivers/STM32F4xx_HAL_Driver/Src/stm32f4xx_ll_usb.o
                0x0000000008008d24                USB_FlushTxFifo
 .text.USB_FlushRxFifo
                0x0000000008008d8c       0x60 ./Drivers/STM32F4xx_HAL_Driver/Src/stm32f4xx_ll_usb.o
                0x0000000008008d8c                USB_FlushRxFifo
 .text.USB_SetDevSpeed
                0x0000000008008dec       0x32 ./Drivers/STM32F4xx_HAL_Driver/Src/stm32f4xx_ll_usb.o
                0x0000000008008dec                USB_SetDevSpeed
 .text.USB_DevDisconnect
                0x0000000008008e1e       0x42 ./Drivers/STM32F4xx_HAL_Driver/Src/stm32f4xx_ll_usb.o
                0x0000000008008e1e                USB_DevDisconnect
 .text.USB_GetMode
                0x0000000008008e60       0x1c ./Drivers/STM32F4xx_HAL_Driver/Src/stm32f4xx_ll_usb.o
                0x0000000008008e60                USB_GetMode
 .text.USB_CoreReset
                0x0000000008008e7c       0x68 ./Drivers/STM32F4xx_HAL_Driver/Src/stm32f4xx_ll_usb.o
 .text.atoi     0x0000000008008ee4        0x8 C:/ST/STM32CubeIDE_1.12.0/STM32CubeIDE/plugins/com.st.stm32cube.ide.mcu.externaltools.gnu-tools-for-stm32.11.3.rel1.win32_1.1.1.202309131626/tools/bin/../lib/gcc/arm-none-eabi/11.3.1/../../../../arm-none-eabi/lib/thumb/v7e-m+fp/hard\libc_nano.a(libc_a-atoi.o)
                0x0000000008008ee4                atoi
 .text._strtol_l.constprop.0
                0x0000000008008eec      0x104 C:/ST/STM32CubeIDE_1.12.0/STM32CubeIDE/plugins/com.st.stm32cube.ide.mcu.externaltools.gnu-tools-for-stm32.11.3.rel1.win32_1.1.1.202309131626/tools/bin/../lib/gcc/arm-none-eabi/11.3.1/../../../../arm-none-eabi/lib/thumb/v7e-m+fp/hard\libc_nano.a(libc_a-strtol.o)
 .text.strtol   0x0000000008008ff0       0x14 C:/ST/STM32CubeIDE_1.12.0/STM32CubeIDE/plugins/com.st.stm32cube.ide.mcu.externaltools.gnu-tools-for-stm32.11.3.rel1.win32_1.1.1.202309131626/tools/bin/../lib/gcc/arm-none-eabi/11.3.1/../../../../arm-none-eabi/lib/thumb/v7e-m+fp/hard\libc_nano.a(libc_a-strtol.o)
                0x0000000008008ff0                strtol
 .text.std      0x0000000008009004       0x6c C:/ST/STM32CubeIDE_1.12.0/STM32CubeIDE/plugins/com.st.stm32cube.ide.mcu.externaltools.gnu-tools-for-stm32.11.3.rel1.win32_1.1.1.202309131626/tools/bin/../lib/gcc/arm-none-eabi/11.3.1/../../../../arm-none-eabi/lib/thumb/v7e-m+fp/hard\libc_nano.a(libc_a-findfp.o)
 .text.stdio_exit_handler
                0x0000000008009070       0x18 C:/ST/STM32CubeIDE_1.12.0/STM32CubeIDE/plugins/com.st.stm32cube.ide.mcu.externaltools.gnu-tools-for-stm32.11.3.rel1.win32_1.1.1.202309131626/tools/bin/../lib/gcc/arm-none-eabi/11.3.1/../../../../arm-none-eabi/lib/thumb/v7e-m+fp/hard\libc_nano.a(libc_a-findfp.o)
 .text.cleanup_stdio
                0x0000000008009088       0x40 C:/ST/STM32CubeIDE_1.12.0/STM32CubeIDE/plugins/com.st.stm32cube.ide.mcu.externaltools.gnu-tools-for-stm32.11.3.rel1.win32_1.1.1.202309131626/tools/bin/../lib/gcc/arm-none-eabi/11.3.1/../../../../arm-none-eabi/lib/thumb/v7e-m+fp/hard\libc_nano.a(libc_a-findfp.o)
 .text.global_stdio_init.part.0
                0x00000000080090c8       0x3c C:/ST/STM32CubeIDE_1.12.0/STM32CubeIDE/plugins/com.st.stm32cube.ide.mcu.externaltools.gnu-tools-for-stm32.11.3.rel1.win32_1.1.1.202309131626/tools/bin/../lib/gcc/arm-none-eabi/11.3.1/../../../../arm-none-eabi/lib/thumb/v7e-m+fp/hard\libc_nano.a(libc_a-findfp.o)
 .text.__sfp_lock_acquire
                0x0000000008009104        0xc C:/ST/STM32CubeIDE_1.12.0/STM32CubeIDE/plugins/com.st.stm32cube.ide.mcu.externaltools.gnu-tools-for-stm32.11.3.rel1.win32_1.1.1.202309131626/tools/bin/../lib/gcc/arm-none-eabi/11.3.1/../../../../arm-none-eabi/lib/thumb/v7e-m+fp/hard\libc_nano.a(libc_a-findfp.o)
                0x0000000008009104                __sfp_lock_acquire
 .text.__sfp_lock_release
                0x0000000008009110        0xc C:/ST/STM32CubeIDE_1.12.0/STM32CubeIDE/plugins/com.st.stm32cube.ide.mcu.externaltools.gnu-tools-for-stm32.11.3.rel1.win32_1.1.1.202309131626/tools/bin/../lib/gcc/arm-none-eabi/11.3.1/../../../../arm-none-eabi/lib/thumb/v7e-m+fp/hard\libc_nano.a(libc_a-findfp.o)
                0x0000000008009110                __sfp_lock_release
 .text.__sinit  0x000000000800911c       0x30 C:/ST/STM32CubeIDE_1.12.0/STM32CubeIDE/plugins/com.st.stm32cube.ide.mcu.externaltools.gnu-tools-for-stm32.11.3.rel1.win32_1.1.1.202309131626/tools/bin/../lib/gcc/arm-none-eabi/11.3.1/../../../../arm-none-eabi/lib/thumb/v7e-m+fp/hard\libc_nano.a(libc_a-findfp.o)
                0x000000000800911c                __sinit
 .text._fwalk_sglue
                0x000000000800914c       0x3c C:/ST/STM32CubeIDE_1.12.0/STM32CubeIDE/plugins/com.st.stm32cube.ide.mcu.externaltools.gnu-tools-for-stm32.11.3.rel1.win32_1.1.1.202309131626/tools/bin/../lib/gcc/arm-none-eabi/11.3.1/../../../../arm-none-eabi/lib/thumb/v7e-m+fp/hard\libc_nano.a(libc_a-fwalk.o)
                0x000000000800914c                _fwalk_sglue
 .text.printf   0x0000000008009188       0x24 C:/ST/STM32CubeIDE_1.12.0/STM32CubeIDE/plugins/com.st.stm32cube.ide.mcu.externaltools.gnu-tools-for-stm32.11.3.rel1.win32_1.1.1.202309131626/tools/bin/../lib/gcc/arm-none-eabi/11.3.1/../../../../arm-none-eabi/lib/thumb/v7e-m+fp/hard\libc_nano.a(libc_a-printf.o)
                0x0000000008009188                iprintf
                0x0000000008009188                printf
 .text._puts_r  0x00000000080091ac       0xa8 C:/ST/STM32CubeIDE_1.12.0/STM32CubeIDE/plugins/com.st.stm32cube.ide.mcu.externaltools.gnu-tools-for-stm32.11.3.rel1.win32_1.1.1.202309131626/tools/bin/../lib/gcc/arm-none-eabi/11.3.1/../../../../arm-none-eabi/lib/thumb/v7e-m+fp/hard\libc_nano.a(libc_a-puts.o)
                0x00000000080091ac                _puts_r
 .text.puts     0x0000000008009254       0x10 C:/ST/STM32CubeIDE_1.12.0/STM32CubeIDE/plugins/com.st.stm32cube.ide.mcu.externaltools.gnu-tools-for-stm32.11.3.rel1.win32_1.1.1.202309131626/tools/bin/../lib/gcc/arm-none-eabi/11.3.1/../../../../arm-none-eabi/lib/thumb/v7e-m+fp/hard\libc_nano.a(libc_a-puts.o)
                0x0000000008009254                puts
 .text.sprintf  0x0000000008009264       0x40 C:/ST/STM32CubeIDE_1.12.0/STM32CubeIDE/plugins/com.st.stm32cube.ide.mcu.externaltools.gnu-tools-for-stm32.11.3.rel1.win32_1.1.1.202309131626/tools/bin/../lib/gcc/arm-none-eabi/11.3.1/../../../../arm-none-eabi/lib/thumb/v7e-m+fp/hard\libc_nano.a(libc_a-sprintf.o)
                0x0000000008009264                siprintf
                0x0000000008009264                sprintf
 .text.__sread  0x00000000080092a4       0x22 C:/ST/STM32CubeIDE_1.12.0/STM32CubeIDE/plugins/com.st.stm32cube.ide.mcu.externaltools.gnu-tools-for-stm32.11.3.rel1.win32_1.1.1.202309131626/tools/bin/../lib/gcc/arm-none-eabi/11.3.1/../../../../arm-none-eabi/lib/thumb/v7e-m+fp/hard\libc_nano.a(libc_a-stdio.o)
                0x00000000080092a4                __sread
 .text.__swrite
                0x00000000080092c6       0x38 C:/ST/STM32CubeIDE_1.12.0/STM32CubeIDE/plugins/com.st.stm32cube.ide.mcu.externaltools.gnu-tools-for-stm32.11.3.rel1.win32_1.1.1.202309131626/tools/bin/../lib/gcc/arm-none-eabi/11.3.1/../../../../arm-none-eabi/lib/thumb/v7e-m+fp/hard\libc_nano.a(libc_a-stdio.o)
                0x00000000080092c6                __swrite
 .text.__sseek  0x00000000080092fe       0x24 C:/ST/STM32CubeIDE_1.12.0/STM32CubeIDE/plugins/com.st.stm32cube.ide.mcu.externaltools.gnu-tools-for-stm32.11.3.rel1.win32_1.1.1.202309131626/tools/bin/../lib/gcc/arm-none-eabi/11.3.1/../../../../arm-none-eabi/lib/thumb/v7e-m+fp/hard\libc_nano.a(libc_a-stdio.o)
                0x00000000080092fe                __sseek
 .text.__sclose
                0x0000000008009322        0x8 C:/ST/STM32CubeIDE_1.12.0/STM32CubeIDE/plugins/com.st.stm32cube.ide.mcu.externaltools.gnu-tools-for-stm32.11.3.rel1.win32_1.1.1.202309131626/tools/bin/../lib/gcc/arm-none-eabi/11.3.1/../../../../arm-none-eabi/lib/thumb/v7e-m+fp/hard\libc_nano.a(libc_a-stdio.o)
                0x0000000008009322                __sclose
 .text.__swbuf_r
                0x000000000800932a       0x7a C:/ST/STM32CubeIDE_1.12.0/STM32CubeIDE/plugins/com.st.stm32cube.ide.mcu.externaltools.gnu-tools-for-stm32.11.3.rel1.win32_1.1.1.202309131626/tools/bin/../lib/gcc/arm-none-eabi/11.3.1/../../../../arm-none-eabi/lib/thumb/v7e-m+fp/hard\libc_nano.a(libc_a-wbuf.o)
                0x000000000800932a                __swbuf_r
 .text.__swsetup_r
                0x00000000080093a4       0xb0 C:/ST/STM32CubeIDE_1.12.0/STM32CubeIDE/plugins/com.st.stm32cube.ide.mcu.externaltools.gnu-tools-for-stm32.11.3.rel1.win32_1.1.1.202309131626/tools/bin/../lib/gcc/arm-none-eabi/11.3.1/../../../../arm-none-eabi/lib/thumb/v7e-m+fp/hard\libc_nano.a(libc_a-wsetup.o)
                0x00000000080093a4                __swsetup_r
 .text.memset   0x0000000008009454       0x10 C:/ST/STM32CubeIDE_1.12.0/STM32CubeIDE/plugins/com.st.stm32cube.ide.mcu.externaltools.gnu-tools-for-stm32.11.3.rel1.win32_1.1.1.202309131626/tools/bin/../lib/gcc/arm-none-eabi/11.3.1/../../../../arm-none-eabi/lib/thumb/v7e-m+fp/hard\libc_nano.a(libc_a-memset.o)
                0x0000000008009454                memset
 .text.strncmp  0x0000000008009464       0x24 C:/ST/STM32CubeIDE_1.12.0/STM32CubeIDE/plugins/com.st.stm32cube.ide.mcu.externaltools.gnu-tools-for-stm32.11.3.rel1.win32_1.1.1.202309131626/tools/bin/../lib/gcc/arm-none-eabi/11.3.1/../../../../arm-none-eabi/lib/thumb/v7e-m+fp/hard\libc_nano.a(libc_a-strncmp.o)
                0x0000000008009464                strncmp
 .text.strncpy  0x0000000008009488       0x26 C:/ST/STM32CubeIDE_1.12.0/STM32CubeIDE/plugins/com.st.stm32cube.ide.mcu.externaltools.gnu-tools-for-stm32.11.3.rel1.win32_1.1.1.202309131626/tools/bin/../lib/gcc/arm-none-eabi/11.3.1/../../../../arm-none-eabi/lib/thumb/v7e-m+fp/hard\libc_nano.a(libc_a-strncpy.o)
                0x0000000008009488                strncpy
 *fill*         0x00000000080094ae        0x2 
 .text._close_r
                0x00000000080094b0       0x20 C:/ST/STM32CubeIDE_1.12.0/STM32CubeIDE/plugins/com.st.stm32cube.ide.mcu.externaltools.gnu-tools-for-stm32.11.3.rel1.win32_1.1.1.202309131626/tools/bin/../lib/gcc/arm-none-eabi/11.3.1/../../../../arm-none-eabi/lib/thumb/v7e-m+fp/hard\libc_nano.a(libc_a-closer.o)
                0x00000000080094b0                _close_r
 .text._lseek_r
                0x00000000080094d0       0x24 C:/ST/STM32CubeIDE_1.12.0/STM32CubeIDE/plugins/com.st.stm32cube.ide.mcu.externaltools.gnu-tools-for-stm32.11.3.rel1.win32_1.1.1.202309131626/tools/bin/../lib/gcc/arm-none-eabi/11.3.1/../../../../arm-none-eabi/lib/thumb/v7e-m+fp/hard\libc_nano.a(libc_a-lseekr.o)
                0x00000000080094d0                _lseek_r
 .text._read_r  0x00000000080094f4       0x24 C:/ST/STM32CubeIDE_1.12.0/STM32CubeIDE/plugins/com.st.stm32cube.ide.mcu.externaltools.gnu-tools-for-stm32.11.3.rel1.win32_1.1.1.202309131626/tools/bin/../lib/gcc/arm-none-eabi/11.3.1/../../../../arm-none-eabi/lib/thumb/v7e-m+fp/hard\libc_nano.a(libc_a-readr.o)
                0x00000000080094f4                _read_r
 .text._write_r
                0x0000000008009518       0x24 C:/ST/STM32CubeIDE_1.12.0/STM32CubeIDE/plugins/com.st.stm32cube.ide.mcu.externaltools.gnu-tools-for-stm32.11.3.rel1.win32_1.1.1.202309131626/tools/bin/../lib/gcc/arm-none-eabi/11.3.1/../../../../arm-none-eabi/lib/thumb/v7e-m+fp/hard\libc_nano.a(libc_a-writer.o)
                0x0000000008009518                _write_r
 .text.__errno  0x000000000800953c        0xc C:/ST/STM32CubeIDE_1.12.0/STM32CubeIDE/plugins/com.st.stm32cube.ide.mcu.externaltools.gnu-tools-for-stm32.11.3.rel1.win32_1.1.1.202309131626/tools/bin/../lib/gcc/arm-none-eabi/11.3.1/../../../../arm-none-eabi/lib/thumb/v7e-m+fp/hard\libc_nano.a(libc_a-errno.o)
                0x000000000800953c                __errno
 .text.__libc_init_array
                0x0000000008009548       0x48 C:/ST/STM32CubeIDE_1.12.0/STM32CubeIDE/plugins/com.st.stm32cube.ide.mcu.externaltools.gnu-tools-for-stm32.11.3.rel1.win32_1.1.1.202309131626/tools/bin/../lib/gcc/arm-none-eabi/11.3.1/../../../../arm-none-eabi/lib/thumb/v7e-m+fp/hard\libc_nano.a(libc_a-init.o)
                0x0000000008009548                __libc_init_array
 .text.__retarget_lock_init_recursive
                0x0000000008009590        0x2 C:/ST/STM32CubeIDE_1.12.0/STM32CubeIDE/plugins/com.st.stm32cube.ide.mcu.externaltools.gnu-tools-for-stm32.11.3.rel1.win32_1.1.1.202309131626/tools/bin/../lib/gcc/arm-none-eabi/11.3.1/../../../../arm-none-eabi/lib/thumb/v7e-m+fp/hard\libc_nano.a(libc_a-lock.o)
                0x0000000008009590                __retarget_lock_init_recursive
 .text.__retarget_lock_acquire_recursive
                0x0000000008009592        0x2 C:/ST/STM32CubeIDE_1.12.0/STM32CubeIDE/plugins/com.st.stm32cube.ide.mcu.externaltools.gnu-tools-for-stm32.11.3.rel1.win32_1.1.1.202309131626/tools/bin/../lib/gcc/arm-none-eabi/11.3.1/../../../../arm-none-eabi/lib/thumb/v7e-m+fp/hard\libc_nano.a(libc_a-lock.o)
                0x0000000008009592                __retarget_lock_acquire_recursive
 .text.__retarget_lock_release_recursive
                0x0000000008009594        0x2 C:/ST/STM32CubeIDE_1.12.0/STM32CubeIDE/plugins/com.st.stm32cube.ide.mcu.externaltools.gnu-tools-for-stm32.11.3.rel1.win32_1.1.1.202309131626/tools/bin/../lib/gcc/arm-none-eabi/11.3.1/../../../../arm-none-eabi/lib/thumb/v7e-m+fp/hard\libc_nano.a(libc_a-lock.o)
                0x0000000008009594                __retarget_lock_release_recursive
 *fill*         0x0000000008009596        0x2 
 .text._free_r  0x0000000008009598       0x98 C:/ST/STM32CubeIDE_1.12.0/STM32CubeIDE/plugins/com.st.stm32cube.ide.mcu.externaltools.gnu-tools-for-stm32.11.3.rel1.win32_1.1.1.202309131626/tools/bin/../lib/gcc/arm-none-eabi/11.3.1/../../../../arm-none-eabi/lib/thumb/v7e-m+fp/hard\libc_nano.a(libc_a-freer.o)
                0x0000000008009598                _free_r
 .text.sbrk_aligned
                0x0000000008009630       0x40 C:/ST/STM32CubeIDE_1.12.0/STM32CubeIDE/plugins/com.st.stm32cube.ide.mcu.externaltools.gnu-tools-for-stm32.11.3.rel1.win32_1.1.1.202309131626/tools/bin/../lib/gcc/arm-none-eabi/11.3.1/../../../../arm-none-eabi/lib/thumb/v7e-m+fp/hard\libc_nano.a(libc_a-mallocr.o)
 .text._malloc_r
                0x0000000008009670      0x100 C:/ST/STM32CubeIDE_1.12.0/STM32CubeIDE/plugins/com.st.stm32cube.ide.mcu.externaltools.gnu-tools-for-stm32.11.3.rel1.win32_1.1.1.202309131626/tools/bin/../lib/gcc/arm-none-eabi/11.3.1/../../../../arm-none-eabi/lib/thumb/v7e-m+fp/hard\libc_nano.a(libc_a-mallocr.o)
                0x0000000008009670                _malloc_r
 .text.__malloc_lock
                0x0000000008009770        0xc C:/ST/STM32CubeIDE_1.12.0/STM32CubeIDE/plugins/com.st.stm32cube.ide.mcu.externaltools.gnu-tools-for-stm32.11.3.rel1.win32_1.1.1.202309131626/tools/bin/../lib/gcc/arm-none-eabi/11.3.1/../../../../arm-none-eabi/lib/thumb/v7e-m+fp/hard\libc_nano.a(libc_a-mlock.o)
                0x0000000008009770                __malloc_lock
 .text.__malloc_unlock
                0x000000000800977c        0xc C:/ST/STM32CubeIDE_1.12.0/STM32CubeIDE/plugins/com.st.stm32cube.ide.mcu.externaltools.gnu-tools-for-stm32.11.3.rel1.win32_1.1.1.202309131626/tools/bin/../lib/gcc/arm-none-eabi/11.3.1/../../../../arm-none-eabi/lib/thumb/v7e-m+fp/hard\libc_nano.a(libc_a-mlock.o)
                0x000000000800977c                __malloc_unlock
 .text.__ssputs_r
                0x0000000008009788       0xb4 C:/ST/STM32CubeIDE_1.12.0/STM32CubeIDE/plugins/com.st.stm32cube.ide.mcu.externaltools.gnu-tools-for-stm32.11.3.rel1.win32_1.1.1.202309131626/tools/bin/../lib/gcc/arm-none-eabi/11.3.1/../../../../arm-none-eabi/lib/thumb/v7e-m+fp/hard\libc_nano.a(libc_a-nano-svfprintf.o)
                0x0000000008009788                __ssputs_r
 .text._svfprintf_r
                0x000000000800983c      0x1fc C:/ST/STM32CubeIDE_1.12.0/STM32CubeIDE/plugins/com.st.stm32cube.ide.mcu.externaltools.gnu-tools-for-stm32.11.3.rel1.win32_1.1.1.202309131626/tools/bin/../lib/gcc/arm-none-eabi/11.3.1/../../../../arm-none-eabi/lib/thumb/v7e-m+fp/hard\libc_nano.a(libc_a-nano-svfprintf.o)
                0x000000000800983c                _svfiprintf_r
                0x000000000800983c                _svfprintf_r
 .text.__sfputc_r
                0x0000000008009a38       0x2e C:/ST/STM32CubeIDE_1.12.0/STM32CubeIDE/plugins/com.st.stm32cube.ide.mcu.externaltools.gnu-tools-for-stm32.11.3.rel1.win32_1.1.1.202309131626/tools/bin/../lib/gcc/arm-none-eabi/11.3.1/../../../../arm-none-eabi/lib/thumb/v7e-m+fp/hard\libc_nano.a(libc_a-nano-vfprintf.o)
 .text.__sfputs_r
                0x0000000008009a66       0x24 C:/ST/STM32CubeIDE_1.12.0/STM32CubeIDE/plugins/com.st.stm32cube.ide.mcu.externaltools.gnu-tools-for-stm32.11.3.rel1.win32_1.1.1.202309131626/tools/bin/../lib/gcc/arm-none-eabi/11.3.1/../../../../arm-none-eabi/lib/thumb/v7e-m+fp/hard\libc_nano.a(libc_a-nano-vfprintf.o)
                0x0000000008009a66                __sfputs_r
 *fill*         0x0000000008009a8a        0x2 
 .text._vfprintf_r
                0x0000000008009a8c      0x234 C:/ST/STM32CubeIDE_1.12.0/STM32CubeIDE/plugins/com.st.stm32cube.ide.mcu.externaltools.gnu-tools-for-stm32.11.3.rel1.win32_1.1.1.202309131626/tools/bin/../lib/gcc/arm-none-eabi/11.3.1/../../../../arm-none-eabi/lib/thumb/v7e-m+fp/hard\libc_nano.a(libc_a-nano-vfprintf.o)
                0x0000000008009a8c                _vfprintf_r
                0x0000000008009a8c                _vfiprintf_r
 .text._printf_common
                0x0000000008009cc0       0xda C:/ST/STM32CubeIDE_1.12.0/STM32CubeIDE/plugins/com.st.stm32cube.ide.mcu.externaltools.gnu-tools-for-stm32.11.3.rel1.win32_1.1.1.202309131626/tools/bin/../lib/gcc/arm-none-eabi/11.3.1/../../../../arm-none-eabi/lib/thumb/v7e-m+fp/hard\libc_nano.a(libc_a-nano-vfprintf_i.o)
                0x0000000008009cc0                _printf_common
 *fill*         0x0000000008009d9a        0x2 
 .text._printf_i
                0x0000000008009d9c      0x244 C:/ST/STM32CubeIDE_1.12.0/STM32CubeIDE/plugins/com.st.stm32cube.ide.mcu.externaltools.gnu-tools-for-stm32.11.3.rel1.win32_1.1.1.202309131626/tools/bin/../lib/gcc/arm-none-eabi/11.3.1/../../../../arm-none-eabi/lib/thumb/v7e-m+fp/hard\libc_nano.a(libc_a-nano-vfprintf_i.o)
                0x0000000008009d9c                _printf_i
 .text.__sflush_r
                0x0000000008009fe0      0x10c C:/ST/STM32CubeIDE_1.12.0/STM32CubeIDE/plugins/com.st.stm32cube.ide.mcu.externaltools.gnu-tools-for-stm32.11.3.rel1.win32_1.1.1.202309131626/tools/bin/../lib/gcc/arm-none-eabi/11.3.1/../../../../arm-none-eabi/lib/thumb/v7e-m+fp/hard\libc_nano.a(libc_a-fflush.o)
                0x0000000008009fe0                __sflush_r
 .text._fflush_r
                0x000000000800a0ec       0x50 C:/ST/STM32CubeIDE_1.12.0/STM32CubeIDE/plugins/com.st.stm32cube.ide.mcu.externaltools.gnu-tools-for-stm32.11.3.rel1.win32_1.1.1.202309131626/tools/bin/../lib/gcc/arm-none-eabi/11.3.1/../../../../arm-none-eabi/lib/thumb/v7e-m+fp/hard\libc_nano.a(libc_a-fflush.o)
                0x000000000800a0ec                _fflush_r
 .text.__swhatbuf_r
                0x000000000800a13c       0x4c C:/ST/STM32CubeIDE_1.12.0/STM32CubeIDE/plugins/com.st.stm32cube.ide.mcu.externaltools.gnu-tools-for-stm32.11.3.rel1.win32_1.1.1.202309131626/tools/bin/../lib/gcc/arm-none-eabi/11.3.1/../../../../arm-none-eabi/lib/thumb/v7e-m+fp/hard\libc_nano.a(libc_a-makebuf.o)
                0x000000000800a13c                __swhatbuf_r
 .text.__smakebuf_r
                0x000000000800a188       0x78 C:/ST/STM32CubeIDE_1.12.0/STM32CubeIDE/plugins/com.st.stm32cube.ide.mcu.externaltools.gnu-tools-for-stm32.11.3.rel1.win32_1.1.1.202309131626/tools/bin/../lib/gcc/arm-none-eabi/11.3.1/../../../../arm-none-eabi/lib/thumb/v7e-m+fp/hard\libc_nano.a(libc_a-makebuf.o)
                0x000000000800a188                __smakebuf_r
 .text.memmove  0x000000000800a200       0x34 C:/ST/STM32CubeIDE_1.12.0/STM32CubeIDE/plugins/com.st.stm32cube.ide.mcu.externaltools.gnu-tools-for-stm32.11.3.rel1.win32_1.1.1.202309131626/tools/bin/../lib/gcc/arm-none-eabi/11.3.1/../../../../arm-none-eabi/lib/thumb/v7e-m+fp/hard\libc_nano.a(libc_a-memmove.o)
                0x000000000800a200                memmove
 .text._fstat_r
                0x000000000800a234       0x24 C:/ST/STM32CubeIDE_1.12.0/STM32CubeIDE/plugins/com.st.stm32cube.ide.mcu.externaltools.gnu-tools-for-stm32.11.3.rel1.win32_1.1.1.202309131626/tools/bin/../lib/gcc/arm-none-eabi/11.3.1/../../../../arm-none-eabi/lib/thumb/v7e-m+fp/hard\libc_nano.a(libc_a-fstatr.o)
                0x000000000800a234                _fstat_r
 .text._isatty_r
                0x000000000800a258       0x20 C:/ST/STM32CubeIDE_1.12.0/STM32CubeIDE/plugins/com.st.stm32cube.ide.mcu.externaltools.gnu-tools-for-stm32.11.3.rel1.win32_1.1.1.202309131626/tools/bin/../lib/gcc/arm-none-eabi/11.3.1/../../../../arm-none-eabi/lib/thumb/v7e-m+fp/hard\libc_nano.a(libc_a-isattyr.o)
                0x000000000800a258                _isatty_r
 .text._sbrk_r  0x000000000800a278       0x20 C:/ST/STM32CubeIDE_1.12.0/STM32CubeIDE/plugins/com.st.stm32cube.ide.mcu.externaltools.gnu-tools-for-stm32.11.3.rel1.win32_1.1.1.202309131626/tools/bin/../lib/gcc/arm-none-eabi/11.3.1/../../../../arm-none-eabi/lib/thumb/v7e-m+fp/hard\libc_nano.a(libc_a-sbrkr.o)
                0x000000000800a278                _sbrk_r
 .text.memcpy   0x000000000800a298       0x1c C:/ST/STM32CubeIDE_1.12.0/STM32CubeIDE/plugins/com.st.stm32cube.ide.mcu.externaltools.gnu-tools-for-stm32.11.3.rel1.win32_1.1.1.202309131626/tools/bin/../lib/gcc/arm-none-eabi/11.3.1/../../../../arm-none-eabi/lib/thumb/v7e-m+fp/hard\libc_nano.a(libc_a-memcpy-stub.o)
                0x000000000800a298                memcpy
 .text._realloc_r
                0x000000000800a2b4       0x5e C:/ST/STM32CubeIDE_1.12.0/STM32CubeIDE/plugins/com.st.stm32cube.ide.mcu.externaltools.gnu-tools-for-stm32.11.3.rel1.win32_1.1.1.202309131626/tools/bin/../lib/gcc/arm-none-eabi/11.3.1/../../../../arm-none-eabi/lib/thumb/v7e-m+fp/hard\libc_nano.a(libc_a-reallocr.o)
                0x000000000800a2b4                _realloc_r
 .text._malloc_usable_size_r
                0x000000000800a312       0x10 C:/ST/STM32CubeIDE_1.12.0/STM32CubeIDE/plugins/com.st.stm32cube.ide.mcu.externaltools.gnu-tools-for-stm32.11.3.rel1.win32_1.1.1.202309131626/tools/bin/../lib/gcc/arm-none-eabi/11.3.1/../../../../arm-none-eabi/lib/thumb/v7e-m+fp/hard\libc_nano.a(libc_a-msizer.o)
                0x000000000800a312                _malloc_usable_size_r
 *(.glue_7)
 .glue_7        0x000000000800a322        0x0 linker stubs
 *(.glue_7t)
 .glue_7t       0x000000000800a322        0x0 linker stubs
 *(.eh_frame)
 *fill*         0x000000000800a322        0x2 
 .eh_frame      0x000000000800a324        0x0 C:/ST/STM32CubeIDE_1.12.0/STM32CubeIDE/plugins/com.st.stm32cube.ide.mcu.externaltools.gnu-tools-for-stm32.11.3.rel1.win32_1.1.1.202309131626/tools/bin/../lib/gcc/arm-none-eabi/11.3.1/thumb/v7e-m+fp/hard/crtbegin.o
 *(.init)
 .init          0x000000000800a324        0x4 C:/ST/STM32CubeIDE_1.12.0/STM32CubeIDE/plugins/com.st.stm32cube.ide.mcu.externaltools.gnu-tools-for-stm32.11.3.rel1.win32_1.1.1.202309131626/tools/bin/../lib/gcc/arm-none-eabi/11.3.1/thumb/v7e-m+fp/hard/crti.o
                0x000000000800a324                _init
 .init          0x000000000800a328        0x8 C:/ST/STM32CubeIDE_1.12.0/STM32CubeIDE/plugins/com.st.stm32cube.ide.mcu.externaltools.gnu-tools-for-stm32.11.3.rel1.win32_1.1.1.202309131626/tools/bin/../lib/gcc/arm-none-eabi/11.3.1/thumb/v7e-m+fp/hard/crtn.o
 *(.fini)
 .fini          0x000000000800a330        0x4 C:/ST/STM32CubeIDE_1.12.0/STM32CubeIDE/plugins/com.st.stm32cube.ide.mcu.externaltools.gnu-tools-for-stm32.11.3.rel1.win32_1.1.1.202309131626/tools/bin/../lib/gcc/arm-none-eabi/11.3.1/thumb/v7e-m+fp/hard/crti.o
                0x000000000800a330                _fini
 .fini          0x000000000800a334        0x8 C:/ST/STM32CubeIDE_1.12.0/STM32CubeIDE/plugins/com.st.stm32cube.ide.mcu.externaltools.gnu-tools-for-stm32.11.3.rel1.win32_1.1.1.202309131626/tools/bin/../lib/gcc/arm-none-eabi/11.3.1/thumb/v7e-m+fp/hard/crtn.o
                0x000000000800a33c                . = ALIGN (0x4)
                0x000000000800a33c                _etext = .

.vfp11_veneer   0x000000000800a33c        0x0
 .vfp11_veneer  0x000000000800a33c        0x0 linker stubs

.v4_bx          0x000000000800a33c        0x0
 .v4_bx         0x000000000800a33c        0x0 linker stubs

.iplt           0x000000000800a33c        0x0
 .iplt          0x000000000800a33c        0x0 C:/ST/STM32CubeIDE_1.12.0/STM32CubeIDE/plugins/com.st.stm32cube.ide.mcu.externaltools.gnu-tools-for-stm32.11.3.rel1.win32_1.1.1.202309131626/tools/bin/../lib/gcc/arm-none-eabi/11.3.1/thumb/v7e-m+fp/hard/crtbegin.o

.rodata         0x000000000800a33c      0x328
                0x000000000800a33c                . = ALIGN (0x4)
 *(.rodata)
 .rodata        0x000000000800a33c       0x38 ./Core/Src/DHT11.o
 .rodata        0x000000000800a374       0x15 ./Core/Src/button.o
 *fill*         0x000000000800a389        0x3 
 .rodata        0x000000000800a38c       0x9d ./Core/Src/internal_rtc.o
 *fill*         0x000000000800a429        0x3 
 .rodata        0x000000000800a42c       0xcf ./Core/Src/uart.o
 *fill*         0x000000000800a4fb        0x1 
 .rodata        0x000000000800a4fc       0x1c ./Core/Src/ultrasonic.o
 *(.rodata*)
 .rodata.AHBPrescTable
                0x000000000800a518       0x10 ./Core/Src/system_stm32f4xx.o
                0x000000000800a518                AHBPrescTable
 .rodata.APBPrescTable
                0x000000000800a528        0x8 ./Core/Src/system_stm32f4xx.o
                0x000000000800a528                APBPrescTable
 .rodata._ctype_
                0x000000000800a530      0x101 C:/ST/STM32CubeIDE_1.12.0/STM32CubeIDE/plugins/com.st.stm32cube.ide.mcu.externaltools.gnu-tools-for-stm32.11.3.rel1.win32_1.1.1.202309131626/tools/bin/../lib/gcc/arm-none-eabi/11.3.1/../../../../arm-none-eabi/lib/thumb/v7e-m+fp/hard\libc_nano.a(libc_a-ctype_.o)
                0x000000000800a530                _ctype_
 .rodata._svfprintf_r.str1.1
                0x000000000800a631       0x11 C:/ST/STM32CubeIDE_1.12.0/STM32CubeIDE/plugins/com.st.stm32cube.ide.mcu.externaltools.gnu-tools-for-stm32.11.3.rel1.win32_1.1.1.202309131626/tools/bin/../lib/gcc/arm-none-eabi/11.3.1/../../../../arm-none-eabi/lib/thumb/v7e-m+fp/hard\libc_nano.a(libc_a-nano-svfprintf.o)
 .rodata._vfprintf_r.str1.1
                0x000000000800a642       0x11 C:/ST/STM32CubeIDE_1.12.0/STM32CubeIDE/plugins/com.st.stm32cube.ide.mcu.externaltools.gnu-tools-for-stm32.11.3.rel1.win32_1.1.1.202309131626/tools/bin/../lib/gcc/arm-none-eabi/11.3.1/../../../../arm-none-eabi/lib/thumb/v7e-m+fp/hard\libc_nano.a(libc_a-nano-vfprintf.o)
 .rodata._printf_i.str1.1
                0x000000000800a642       0x22 C:/ST/STM32CubeIDE_1.12.0/STM32CubeIDE/plugins/com.st.stm32cube.ide.mcu.externaltools.gnu-tools-for-stm32.11.3.rel1.win32_1.1.1.202309131626/tools/bin/../lib/gcc/arm-none-eabi/11.3.1/../../../../arm-none-eabi/lib/thumb/v7e-m+fp/hard\libc_nano.a(libc_a-nano-vfprintf_i.o)
                0x000000000800a664                . = ALIGN (0x4)

.ARM.extab      0x000000000800a664        0x0
                0x000000000800a664                . = ALIGN (0x4)
 *(.ARM.extab* .gnu.linkonce.armextab.*)
                0x000000000800a664                . = ALIGN (0x4)

.ARM            0x000000000800a664        0x8
                0x000000000800a664                . = ALIGN (0x4)
                0x000000000800a664                __exidx_start = .
 *(.ARM.exidx*)
 .ARM.exidx     0x000000000800a664        0x8 C:/ST/STM32CubeIDE_1.12.0/STM32CubeIDE/plugins/com.st.stm32cube.ide.mcu.externaltools.gnu-tools-for-stm32.11.3.rel1.win32_1.1.1.202309131626/tools/bin/../lib/gcc/arm-none-eabi/11.3.1/thumb/v7e-m+fp/hard\libgcc.a(_udivmoddi4.o)
                0x000000000800a66c                __exidx_end = .
                0x000000000800a66c                . = ALIGN (0x4)

.rel.dyn        0x000000000800a66c        0x0
 .rel.iplt      0x000000000800a66c        0x0 C:/ST/STM32CubeIDE_1.12.0/STM32CubeIDE/plugins/com.st.stm32cube.ide.mcu.externaltools.gnu-tools-for-stm32.11.3.rel1.win32_1.1.1.202309131626/tools/bin/../lib/gcc/arm-none-eabi/11.3.1/thumb/v7e-m+fp/hard/crtbegin.o

.preinit_array  0x000000000800a66c        0x0
                0x000000000800a66c                . = ALIGN (0x4)
                0x000000000800a66c                PROVIDE (__preinit_array_start = .)
 *(.preinit_array*)
                0x000000000800a66c                PROVIDE (__preinit_array_end = .)
                0x000000000800a66c                . = ALIGN (0x4)

.init_array     0x000000000800a66c        0x4
                0x000000000800a66c                . = ALIGN (0x4)
                0x000000000800a66c                PROVIDE (__init_array_start = .)
 *(SORT_BY_NAME(.init_array.*))
 *(.init_array*)
 .init_array    0x000000000800a66c        0x4 C:/ST/STM32CubeIDE_1.12.0/STM32CubeIDE/plugins/com.st.stm32cube.ide.mcu.externaltools.gnu-tools-for-stm32.11.3.rel1.win32_1.1.1.202309131626/tools/bin/../lib/gcc/arm-none-eabi/11.3.1/thumb/v7e-m+fp/hard/crtbegin.o
                0x000000000800a670                PROVIDE (__init_array_end = .)
                0x000000000800a670                . = ALIGN (0x4)

.fini_array     0x000000000800a670        0x4
                0x000000000800a670                . = ALIGN (0x4)
                [!provide]                        PROVIDE (__fini_array_start = .)
 *(SORT_BY_NAME(.fini_array.*))
 *(.fini_array*)
 .fini_array    0x000000000800a670        0x4 C:/ST/STM32CubeIDE_1.12.0/STM32CubeIDE/plugins/com.st.stm32cube.ide.mcu.externaltools.gnu-tools-for-stm32.11.3.rel1.win32_1.1.1.202309131626/tools/bin/../lib/gcc/arm-none-eabi/11.3.1/thumb/v7e-m+fp/hard/crtbegin.o
                [!provide]                        PROVIDE (__fini_array_end = .)
                0x000000000800a674                . = ALIGN (0x4)
                0x000000000800a674                _sidata = LOADADDR (.data)

.data           0x0000000020000000       0x74 load address 0x000000000800a674
                0x0000000020000000                . = ALIGN (0x4)
                0x0000000020000000                _sdata = .
 *(.data)
 *(.data*)
 .data.dht11time
                0x0000000020000000        0x4 ./Core/Src/DHT11.o
                0x0000000020000000                dht11time
 .data.button_status
                0x0000000020000004        0x5 ./Core/Src/button.o
                0x0000000020000004                button_status
 *fill*         0x0000000020000009        0x3 
 .data.SystemCoreClock
                0x000000002000000c        0x4 ./Core/Src/system_stm32f4xx.o
                0x000000002000000c                SystemCoreClock
 .data.uwTickPrio
                0x0000000020000010        0x4 ./Drivers/STM32F4xx_HAL_Driver/Src/stm32f4xx_hal.o
                0x0000000020000010                uwTickPrio
 .data.uwTickFreq
                0x0000000020000014        0x1 ./Drivers/STM32F4xx_HAL_Driver/Src/stm32f4xx_hal.o
                0x0000000020000014                uwTickFreq
 *fill*         0x0000000020000015        0x3 
 .data.__sglue  0x0000000020000018        0xc C:/ST/STM32CubeIDE_1.12.0/STM32CubeIDE/plugins/com.st.stm32cube.ide.mcu.externaltools.gnu-tools-for-stm32.11.3.rel1.win32_1.1.1.202309131626/tools/bin/../lib/gcc/arm-none-eabi/11.3.1/../../../../arm-none-eabi/lib/thumb/v7e-m+fp/hard\libc_nano.a(libc_a-findfp.o)
                0x0000000020000018                __sglue
 .data._impure_data
                0x0000000020000024       0x4c C:/ST/STM32CubeIDE_1.12.0/STM32CubeIDE/plugins/com.st.stm32cube.ide.mcu.externaltools.gnu-tools-for-stm32.11.3.rel1.win32_1.1.1.202309131626/tools/bin/../lib/gcc/arm-none-eabi/11.3.1/../../../../arm-none-eabi/lib/thumb/v7e-m+fp/hard\libc_nano.a(libc_a-impure.o)
                0x0000000020000024                _impure_data
 .data._impure_ptr
                0x0000000020000070        0x4 C:/ST/STM32CubeIDE_1.12.0/STM32CubeIDE/plugins/com.st.stm32cube.ide.mcu.externaltools.gnu-tools-for-stm32.11.3.rel1.win32_1.1.1.202309131626/tools/bin/../lib/gcc/arm-none-eabi/11.3.1/../../../../arm-none-eabi/lib/thumb/v7e-m+fp/hard\libc_nano.a(libc_a-impure.o)
                0x0000000020000070                _impure_ptr
 *(.RamFunc)
 *(.RamFunc*)
                0x0000000020000074                . = ALIGN (0x4)
                0x0000000020000074                _edata = .
                0x000000000800a6e8                _siccmram = LOADADDR (.ccmram)

.igot.plt       0x0000000020000074        0x0 load address 0x000000000800a6e8
 .igot.plt      0x0000000020000074        0x0 C:/ST/STM32CubeIDE_1.12.0/STM32CubeIDE/plugins/com.st.stm32cube.ide.mcu.externaltools.gnu-tools-for-stm32.11.3.rel1.win32_1.1.1.202309131626/tools/bin/../lib/gcc/arm-none-eabi/11.3.1/thumb/v7e-m+fp/hard/crtbegin.o

.ccmram         0x0000000010000000        0x0 load address 0x000000000800a6e8
                0x0000000010000000                . = ALIGN (0x4)
                0x0000000010000000                _sccmram = .
 *(.ccmram)
 *(.ccmram*)
                0x0000000010000000                . = ALIGN (0x4)
                0x0000000010000000                _eccmram = .
                0x0000000010000000                . = ALIGN (0x4)

.bss            0x0000000020000074      0xbe4
                0x0000000020000074                _sbss = .
                0x0000000020000074                __bss_start__ = _sbss
 *(.bss)
 .bss           0x0000000020000074       0x1c C:/ST/STM32CubeIDE_1.12.0/STM32CubeIDE/plugins/com.st.stm32cube.ide.mcu.externaltools.gnu-tools-for-stm32.11.3.rel1.win32_1.1.1.202309131626/tools/bin/../lib/gcc/arm-none-eabi/11.3.1/thumb/v7e-m+fp/hard/crtbegin.o
 *(.bss*)
 .bss.lcd_display_mode_flag
                0x0000000020000090        0x1 ./Core/Src/button.o
                0x0000000020000090                lcd_display_mode_flag
 *fill*         0x0000000020000091        0x3 
 .bss.mTime     0x0000000020000094       0x14 ./Core/Src/button.o
                0x0000000020000094                mTime
 .bss.sTime     0x00000000200000a8       0x14 ./Core/Src/internal_rtc.o
                0x00000000200000a8                sTime
 .bss.sDate     0x00000000200000bc        0x4 ./Core/Src/internal_rtc.o
                0x00000000200000bc                sDate
 .bss.oldTime.0
                0x00000000200000c0       0x14 ./Core/Src/internal_rtc.o
 .bss.func_index
                0x00000000200000d4        0x4 ./Core/Src/led.o
                0x00000000200000d4                func_index
 .bss.i.1       0x00000000200000d8        0x4 ./Core/Src/led.o
 .bss.i.0       0x00000000200000dc        0x4 ./Core/Src/led.o
 .bss.TxConfig  0x00000000200000e0       0x38 ./Core/Src/main.o
                0x00000000200000e0                TxConfig
 .bss.DMARxDscrTab
                0x0000000020000118       0xa0 ./Core/Src/main.o
                0x0000000020000118                DMARxDscrTab
 .bss.DMATxDscrTab
                0x00000000200001b8       0xa0 ./Core/Src/main.o
                0x00000000200001b8                DMATxDscrTab
 .bss.heth      0x0000000020000258       0xb0 ./Core/Src/main.o
                0x0000000020000258                heth
 .bss.hi2c1     0x0000000020000308       0x54 ./Core/Src/main.o
                0x0000000020000308                hi2c1
 .bss.hrtc      0x000000002000035c       0x20 ./Core/Src/main.o
                0x000000002000035c                hrtc
 .bss.htim2     0x000000002000037c       0x48 ./Core/Src/main.o
                0x000000002000037c                htim2
 .bss.htim3     0x00000000200003c4       0x48 ./Core/Src/main.o
                0x00000000200003c4                htim3
 .bss.htim4     0x000000002000040c       0x48 ./Core/Src/main.o
                0x000000002000040c                htim4
 .bss.htim10    0x0000000020000454       0x48 ./Core/Src/main.o
                0x0000000020000454                htim10
 .bss.htim11    0x000000002000049c       0x48 ./Core/Src/main.o
                0x000000002000049c                htim11
 .bss.huart3    0x00000000200004e4       0x44 ./Core/Src/main.o
                0x00000000200004e4                huart3
 .bss.huart6    0x0000000020000528       0x44 ./Core/Src/main.o
                0x0000000020000528                huart6
 .bss.hpcd_USB_OTG_FS
                0x000000002000056c      0x50c ./Core/Src/main.o
                0x000000002000056c                hpcd_USB_OTG_FS
 .bss.rx_data   0x0000000020000a78        0x1 ./Core/Src/main.o
                0x0000000020000a78                rx_data
 .bss.bt_rx_data
                0x0000000020000a79        0x1 ./Core/Src/main.o
                0x0000000020000a79                bt_rx_data
 *fill*         0x0000000020000a7a        0x2 
 .bss.TIM10_10ms_counter
                0x0000000020000a7c        0x4 ./Core/Src/main.o
                0x0000000020000a7c                TIM10_10ms_counter
 .bss.TIM10_10ms_ultrasonic
                0x0000000020000a80        0x4 ./Core/Src/main.o
                0x0000000020000a80                TIM10_10ms_ultrasonic
 .bss.dht11_on  0x0000000020000a84        0x4 ./Core/Src/main.o
                0x0000000020000a84                dht11_on
 .bss.ultrasonic_on
                0x0000000020000a88        0x4 ./Core/Src/main.o
                0x0000000020000a88                ultrasonic_on
 .bss.t1ms_counter
                0x0000000020000a8c        0x4 ./Core/Src/main.o
                0x0000000020000a8c                t1ms_counter
 .bss.MACAddr.0
                0x0000000020000a90        0x6 ./Core/Src/main.o
 *fill*         0x0000000020000a96        0x2 
 .bss.__sbrk_heap_end
                0x0000000020000a98        0x4 ./Core/Src/sysmem.o
 .bss.rx_buff   0x0000000020000a9c       0x28 ./Core/Src/uart.o
                0x0000000020000a9c                rx_buff
 .bss.rx_index  0x0000000020000ac4        0x4 ./Core/Src/uart.o
                0x0000000020000ac4                rx_index
 .bss.newline_detect_flag
                0x0000000020000ac8        0x4 ./Core/Src/uart.o
                0x0000000020000ac8                newline_detect_flag
 .bss.bt_rx_buff
                0x0000000020000acc       0x28 ./Core/Src/uart.o
                0x0000000020000acc                bt_rx_buff
 .bss.bt_rx_index
                0x0000000020000af4        0x4 ./Core/Src/uart.o
                0x0000000020000af4                bt_rx_index
 .bss.bt_newline_detect_flag
                0x0000000020000af8        0x4 ./Core/Src/uart.o
                0x0000000020000af8                bt_newline_detect_flag
 .bss.distance  0x0000000020000afc        0x4 ./Core/Src/ultrasonic.o
                0x0000000020000afc                distance
 .bss.ic_cpt_finish_flag
                0x0000000020000b00        0x4 ./Core/Src/ultrasonic.o
                0x0000000020000b00                ic_cpt_finish_flag
 .bss.is_first_capture
                0x0000000020000b04        0x1 ./Core/Src/ultrasonic.o
                0x0000000020000b04                is_first_capture
 *fill*         0x0000000020000b05        0x3 
 .bss.uwTick    0x0000000020000b08        0x4 ./Drivers/STM32F4xx_HAL_Driver/Src/stm32f4xx_hal.o
                0x0000000020000b08                uwTick
 .bss.__sf      0x0000000020000b0c      0x138 C:/ST/STM32CubeIDE_1.12.0/STM32CubeIDE/plugins/com.st.stm32cube.ide.mcu.externaltools.gnu-tools-for-stm32.11.3.rel1.win32_1.1.1.202309131626/tools/bin/../lib/gcc/arm-none-eabi/11.3.1/../../../../arm-none-eabi/lib/thumb/v7e-m+fp/hard\libc_nano.a(libc_a-findfp.o)
                0x0000000020000b0c                __sf
 .bss.__stdio_exit_handler
                0x0000000020000c44        0x4 C:/ST/STM32CubeIDE_1.12.0/STM32CubeIDE/plugins/com.st.stm32cube.ide.mcu.externaltools.gnu-tools-for-stm32.11.3.rel1.win32_1.1.1.202309131626/tools/bin/../lib/gcc/arm-none-eabi/11.3.1/../../../../arm-none-eabi/lib/thumb/v7e-m+fp/hard\libc_nano.a(libc_a-findfp.o)
                0x0000000020000c44                __stdio_exit_handler
 .bss.errno     0x0000000020000c48        0x4 C:/ST/STM32CubeIDE_1.12.0/STM32CubeIDE/plugins/com.st.stm32cube.ide.mcu.externaltools.gnu-tools-for-stm32.11.3.rel1.win32_1.1.1.202309131626/tools/bin/../lib/gcc/arm-none-eabi/11.3.1/../../../../arm-none-eabi/lib/thumb/v7e-m+fp/hard\libc_nano.a(libc_a-reent.o)
                0x0000000020000c48                errno
 .bss.__lock___malloc_recursive_mutex
                0x0000000020000c4c        0x1 C:/ST/STM32CubeIDE_1.12.0/STM32CubeIDE/plugins/com.st.stm32cube.ide.mcu.externaltools.gnu-tools-for-stm32.11.3.rel1.win32_1.1.1.202309131626/tools/bin/../lib/gcc/arm-none-eabi/11.3.1/../../../../arm-none-eabi/lib/thumb/v7e-m+fp/hard\libc_nano.a(libc_a-lock.o)
                0x0000000020000c4c                __lock___malloc_recursive_mutex
 .bss.__lock___sfp_recursive_mutex
                0x0000000020000c4d        0x1 C:/ST/STM32CubeIDE_1.12.0/STM32CubeIDE/plugins/com.st.stm32cube.ide.mcu.externaltools.gnu-tools-for-stm32.11.3.rel1.win32_1.1.1.202309131626/tools/bin/../lib/gcc/arm-none-eabi/11.3.1/../../../../arm-none-eabi/lib/thumb/v7e-m+fp/hard\libc_nano.a(libc_a-lock.o)
                0x0000000020000c4d                __lock___sfp_recursive_mutex
 *fill*         0x0000000020000c4e        0x2 
 .bss.__malloc_free_list
                0x0000000020000c50        0x4 C:/ST/STM32CubeIDE_1.12.0/STM32CubeIDE/plugins/com.st.stm32cube.ide.mcu.externaltools.gnu-tools-for-stm32.11.3.rel1.win32_1.1.1.202309131626/tools/bin/../lib/gcc/arm-none-eabi/11.3.1/../../../../arm-none-eabi/lib/thumb/v7e-m+fp/hard\libc_nano.a(libc_a-mallocr.o)
                0x0000000020000c50                __malloc_free_list
 .bss.__malloc_sbrk_start
                0x0000000020000c54        0x4 C:/ST/STM32CubeIDE_1.12.0/STM32CubeIDE/plugins/com.st.stm32cube.ide.mcu.externaltools.gnu-tools-for-stm32.11.3.rel1.win32_1.1.1.202309131626/tools/bin/../lib/gcc/arm-none-eabi/11.3.1/../../../../arm-none-eabi/lib/thumb/v7e-m+fp/hard\libc_nano.a(libc_a-mallocr.o)
                0x0000000020000c54                __malloc_sbrk_start
 *(COMMON)
                0x0000000020000c58                . = ALIGN (0x4)
                0x0000000020000c58                _ebss = .
                0x0000000020000c58                __bss_end__ = _ebss

._user_heap_stack
                0x0000000020000c58      0x600
                0x0000000020000c58                . = ALIGN (0x8)
                [!provide]                        PROVIDE (end = .)
                0x0000000020000c58                PROVIDE (_end = .)
                0x0000000020000e58                . = (. + _Min_Heap_Size)
 *fill*         0x0000000020000c58      0x200 
                0x0000000020001258                . = (. + _Min_Stack_Size)
 *fill*         0x0000000020000e58      0x400 
                0x0000000020001258                . = ALIGN (0x8)

/DISCARD/
 libc.a(*)
 libm.a(*)
 libgcc.a(*)

.ARM.attributes
                0x0000000000000000       0x30
 *(.ARM.attributes)
 .ARM.attributes
                0x0000000000000000       0x1e C:/ST/STM32CubeIDE_1.12.0/STM32CubeIDE/plugins/com.st.stm32cube.ide.mcu.externaltools.gnu-tools-for-stm32.11.3.rel1.win32_1.1.1.202309131626/tools/bin/../lib/gcc/arm-none-eabi/11.3.1/thumb/v7e-m+fp/hard/crti.o
 .ARM.attributes
                0x000000000000001e       0x34 C:/ST/STM32CubeIDE_1.12.0/STM32CubeIDE/plugins/com.st.stm32cube.ide.mcu.externaltools.gnu-tools-for-stm32.11.3.rel1.win32_1.1.1.202309131626/tools/bin/../lib/gcc/arm-none-eabi/11.3.1/thumb/v7e-m+fp/hard/crtbegin.o
 .ARM.attributes
                0x0000000000000052       0x34 ./Core/Src/DHT11.o
 .ARM.attributes
                0x0000000000000086       0x34 ./Core/Src/button.o
 .ARM.attributes
                0x00000000000000ba       0x34 ./Core/Src/i2c_lcd.o
 .ARM.attributes
                0x00000000000000ee       0x34 ./Core/Src/internal_rtc.o
 .ARM.attributes
                0x0000000000000122       0x34 ./Core/Src/led.o
 .ARM.attributes
                0x0000000000000156       0x34 ./Core/Src/main.o
 .ARM.attributes
                0x000000000000018a       0x34 ./Core/Src/stm32f4xx_hal_msp.o
 .ARM.attributes
                0x00000000000001be       0x34 ./Core/Src/stm32f4xx_it.o
 .ARM.attributes
                0x00000000000001f2       0x34 ./Core/Src/syscalls.o
 .ARM.attributes
                0x0000000000000226       0x34 ./Core/Src/sysmem.o
 .ARM.attributes
                0x000000000000025a       0x34 ./Core/Src/system_stm32f4xx.o
 .ARM.attributes
                0x000000000000028e       0x34 ./Core/Src/uart.o
 .ARM.attributes
                0x00000000000002c2       0x34 ./Core/Src/ultrasonic.o
 .ARM.attributes
                0x00000000000002f6       0x21 ./Core/Startup/startup_stm32f429zitx.o
 .ARM.attributes
                0x0000000000000317       0x34 ./Drivers/STM32F4xx_HAL_Driver/Src/stm32f4xx_hal.o
 .ARM.attributes
                0x000000000000034b       0x34 ./Drivers/STM32F4xx_HAL_Driver/Src/stm32f4xx_hal_cortex.o
 .ARM.attributes
                0x000000000000037f       0x34 ./Drivers/STM32F4xx_HAL_Driver/Src/stm32f4xx_hal_dma.o
 .ARM.attributes
                0x00000000000003b3       0x34 ./Drivers/STM32F4xx_HAL_Driver/Src/stm32f4xx_hal_eth.o
 .ARM.attributes
                0x00000000000003e7       0x34 ./Drivers/STM32F4xx_HAL_Driver/Src/stm32f4xx_hal_gpio.o
 .ARM.attributes
                0x000000000000041b       0x34 ./Drivers/STM32F4xx_HAL_Driver/Src/stm32f4xx_hal_i2c.o
 .ARM.attributes
                0x000000000000044f       0x34 ./Drivers/STM32F4xx_HAL_Driver/Src/stm32f4xx_hal_i2c_ex.o
 .ARM.attributes
                0x0000000000000483       0x34 ./Drivers/STM32F4xx_HAL_Driver/Src/stm32f4xx_hal_pcd.o
 .ARM.attributes
                0x00000000000004b7       0x34 ./Drivers/STM32F4xx_HAL_Driver/Src/stm32f4xx_hal_rcc.o
 .ARM.attributes
                0x00000000000004eb       0x34 ./Drivers/STM32F4xx_HAL_Driver/Src/stm32f4xx_hal_rcc_ex.o
 .ARM.attributes
                0x000000000000051f       0x34 ./Drivers/STM32F4xx_HAL_Driver/Src/stm32f4xx_hal_rtc.o
 .ARM.attributes
                0x0000000000000553       0x34 ./Drivers/STM32F4xx_HAL_Driver/Src/stm32f4xx_hal_tim.o
 .ARM.attributes
                0x0000000000000587       0x34 ./Drivers/STM32F4xx_HAL_Driver/Src/stm32f4xx_hal_tim_ex.o
 .ARM.attributes