../Core/Src/main.c:125:6:HAL_SYSTICK_Handler	4	static
../Core/Src/main.c:142:1:__io_putchar	16	static
../Core/Src/main.c:155:6:HAL_TIM_PeriodElapsedCallback	16	static
../Core/Src/main.c:164:6:delay_us	16	static
../Core/Src/main.c:181:6:HAL_ADC_ConvCpltCallback	16	static
../Core/Src/main.c:195:5:main	8	static
../Core/Src/main.c:288:6:SystemClock_Config	88	static
../Core/Src/main.c:335:13:MX_ADC1_Init	24	static
../Core/Src/main.c:387:13:MX_ETH_Init	8	static
../Core/Src/main.c:436:13:MX_I2C1_Init	8	static
../Core/Src/main.c:484:13:MX_RTC_Init	32	static
../Core/Src/main.c:547:13:MX_TIM2_Init	48	static
../Core/Src/main.c:596:13:MX_TIM3_Init	32	static
../Core/Src/main.c:644:13:MX_TIM4_Init	32	static
../Core/Src/main.c:689:13:MX_TIM5_Init	64	static
../Core/Src/main.c:748:13:MX_TIM10_Init	8	static
../Core/Src/main.c:779:13:MX_TIM11_Init	8	static
../Core/Src/main.c:810:13:MX_USART3_UART_Init	8	static
../Core/Src/main.c:843:13:MX_USART6_UART_Init	8	static
../Core/Src/main.c:876:13:MX_USB_OTG_FS_PCD_Init	8	static
../Core/Src/main.c:911:13:MX_GPIO_Init	64	static
../Core/Src/main.c:1030:6:Error_Handler	4	static,ignoring_inline_asm
