14:38:52 **** Incremental Build of configuration Debug for project 01.STM32_LED_DEMO ****
make -j24 all 
arm-none-eabi-gcc "../Core/Src/main.c" -mcpu=cortex-m4 -std=gnu11 -g3 -DDEBUG -DUSE_HAL_DRIVER -DSTM32F429xx -c -I../Core/Inc -I../Drivers/STM32F4xx_HAL_Driver/Inc -I../Drivers/STM32F4xx_HAL_Driver/Inc/Legacy -I../Drivers/CMSIS/Device/ST/STM32F4xx/Include -I../Drivers/CMSIS/Include -O0 -ffunction-sections -fdata-sections -Wall -fstack-usage -fcyclomatic-complexity -MMD -MP -MF"Core/Src/main.d" -MT"Core/Src/main.o" --specs=nano.specs -mfpu=fpv4-sp-d16 -mfloat-abi=hard -mthumb -o "Core/Src/main.o"
arm-none-eabi-gcc -o "01.STM32_LED_DEMO.elf" @"objects.list"   -mcpu=cortex-m4 -T"D:\source\STM32F429ZI\01.STM32_LED_DEMO\STM32F429ZITX_FLASH.ld" --specs=nosys.specs -Wl,-Map="01.STM32_LED_DEMO.map" -Wl,--gc-sections -static --specs=nano.specs -mfpu=fpv4-sp-d16 -mfloat-abi=hard -mthumb -Wl,--start-group -lc -lm -Wl,--end-group
Finished building target: 01.STM32_LED_DEMO.elf
 
arm-none-eabi-size   01.STM32_LED_DEMO.elf 
arm-none-eabi-objdump -h -S  01.STM32_LED_DEMO.elf  > "01.STM32_LED_DEMO.list"
   text	   data	    bss	    dec	    hex	filename
  12596	     20	   3492	  16108	   3eec	01.STM32_LED_DEMO.elf
Finished building: default.size.stdout
 
Finished building: 01.STM32_LED_DEMO.list
 

14:38:53 Build Finished. 0 errors, 0 warnings. (took 438ms)

