09:43:56 **** Incremental Build of configuration Debug for project 02.STM32_LED_BAR ****
make -j24 all 
arm-none-eabi-gcc "../Core/Src/led.c" -mcpu=cortex-m4 -std=gnu11 -g3 -DDEBUG -DUSE_HAL_DRIVER -DSTM32F429xx -c -I../Core/Inc -I../Drivers/STM32F4xx_HAL_Driver/Inc -I../Drivers/STM32F4xx_HAL_Driver/Inc/Legacy -I../Drivers/CMSIS/Device/ST/STM32F4xx/Include -I../Drivers/CMSIS/Include -O0 -ffunction-sections -fdata-sections -Wall -fstack-usage -fcyclomatic-complexity -MMD -MP -MF"Core/Src/led.d" -MT"Core/Src/led.o" --specs=nano.specs -mfpu=fpv4-sp-d16 -mfloat-abi=hard -mthumb -o "Core/Src/led.o"
arm-none-eabi-gcc -o "02.STM32_LED_BAR.elf" @"objects.list"   -mcpu=cortex-m4 -T"D:\source\STM32F429ZI\02.STM32_LED_BAR\STM32F429ZITX_FLASH.ld" --specs=nosys.specs -Wl,-Map="02.STM32_LED_BAR.map" -Wl,--gc-sections -static --specs=nano.specs -mfpu=fpv4-sp-d16 -mfloat-abi=hard -mthumb -Wl,--start-group -lc -lm -Wl,--end-group
Finished building target: 02.STM32_LED_BAR.elf
 
arm-none-eabi-size   02.STM32_LED_BAR.elf 
arm-none-eabi-objdump -h -S  02.STM32_LED_BAR.elf  > "02.STM32_LED_BAR.list"
   text	   data	    bss	    dec	    hex	filename
  12808	     20	   3492	  16320	   3fc0	02.STM32_LED_BAR.elf
Finished building: default.size.stdout
 
Finished building: 02.STM32_LED_BAR.list
 

09:43:56 Build Finished. 0 errors, 0 warnings. (took 388ms)

