13:25:00 **** Incremental Build of configuration Debug for project 03.STM32_BUTTON ****
make -j24 all 
arm-none-eabi-gcc "../Core/Src/led.c" -mcpu=cortex-m4 -std=gnu11 -g3 -DDEBUG -DUSE_HAL_DRIVER -DSTM32F429xx -c -I../Core/Inc -I../Drivers/STM32F4xx_HAL_Driver/Inc -I../Drivers/STM32F4xx_HAL_Driver/Inc/Legacy -I../Drivers/CMSIS/Device/ST/STM32F4xx/Include -I../Drivers/CMSIS/Include -O0 -ffunction-sections -fdata-sections -Wall -fstack-usage -fcyclomatic-complexity -MMD -MP -MF"Core/Src/led.d" -MT"Core/Src/led.o" --specs=nano.specs -mfpu=fpv4-sp-d16 -mfloat-abi=hard -mthumb -o "Core/Src/led.o"
arm-none-eabi-gcc -o "03.STM32_BUTTON.elf" @"objects.list"   -mcpu=cortex-m4 -T"D:\source\STM32F429ZI\03.STM32_BUTTON\STM32F429ZITX_FLASH.ld" --specs=nosys.specs -Wl,-Map="03.STM32_BUTTON.map" -Wl,--gc-sections -static --specs=nano.specs -mfpu=fpv4-sp-d16 -mfloat-abi=hard -mthumb -Wl,--start-group -lc -lm -Wl,--end-group
Finished building target: 03.STM32_BUTTON.elf
 
arm-none-eabi-size   03.STM32_BUTTON.elf 
arm-none-eabi-objdump -h -S  03.STM32_BUTTON.elf  > "03.STM32_BUTTON.list"
   text	   data	    bss	    dec	    hex	filename
  13384	     56	   3496	  16936	   4228	03.STM32_BUTTON.elf
Finished building: default.size.stdout
 
Finished building: 03.STM32_BUTTON.list
 

13:25:01 Build Finished. 0 errors, 0 warnings. (took 377ms)

