17:26:31 **** Incremental Build of configuration Debug for project 05_ALT.TIMER_DHT11_ULTRASONIC ****
make -j24 all 
arm-none-eabi-gcc "../Core/Src/DHT11.c" -mcpu=cortex-m4 -std=gnu11 -g3 -DDEBUG -DUSE_HAL_DRIVER -DSTM32F429xx -c -I../Core/Inc -I../Drivers/STM32F4xx_HAL_Driver/Inc -I../Drivers/STM32F4xx_HAL_Driver/Inc/Legacy -I../Drivers/CMSIS/Device/ST/STM32F4xx/Include -I../Drivers/CMSIS/Include -O0 -ffunction-sections -fdata-sections -Wall -fstack-usage -fcyclomatic-complexity -MMD -MP -MF"Core/Src/DHT11.d" -MT"Core/Src/DHT11.o" --specs=nano.specs -mfpu=fpv4-sp-d16 -mfloat-abi=hard -mthumb -o "Core/Src/DHT11.o"
arm-none-eabi-gcc "../Core/Src/button.c" -mcpu=cortex-m4 -std=gnu11 -g3 -DDEBUG -DUSE_HAL_DRIVER -DSTM32F429xx -c -I../Core/Inc -I../Drivers/STM32F4xx_HAL_Driver/Inc -I../Drivers/STM32F4xx_HAL_Driver/Inc/Legacy -I../Drivers/CMSIS/Device/ST/STM32F4xx/Include -I../Drivers/CMSIS/Include -O0 -ffunction-sections -fdata-sections -Wall -fstack-usage -fcyclomatic-complexity -MMD -MP -MF"Core/Src/button.d" -MT"Core/Src/button.o" --specs=nano.specs -mfpu=fpv4-sp-d16 -mfloat-abi=hard -mthumb -o "Core/Src/button.o"
arm-none-eabi-gcc "../Core/Src/i2c_lcd.c" -mcpu=cortex-m4 -std=gnu11 -g3 -DDEBUG -DUSE_HAL_DRIVER -DSTM32F429xx -c -I../Core/Inc -I../Drivers/STM32F4xx_HAL_Driver/Inc -I../Drivers/STM32F4xx_HAL_Driver/Inc/Legacy -I../Drivers/CMSIS/Device/ST/STM32F4xx/Include -I../Drivers/CMSIS/Include -O0 -ffunction-sections -fdata-sections -Wall -fstack-usage -fcyclomatic-complexity -MMD -MP -MF"Core/Src/i2c_lcd.d" -MT"Core/Src/i2c_lcd.o" --specs=nano.specs -mfpu=fpv4-sp-d16 -mfloat-abi=hard -mthumb -o "Core/Src/i2c_lcd.o"
arm-none-eabi-gcc "../Core/Src/i2c_lcd_cmp.c" -mcpu=cortex-m4 -std=gnu11 -g3 -DDEBUG -DUSE_HAL_DRIVER -DSTM32F429xx -c -I../Core/Inc -I../Drivers/STM32F4xx_HAL_Driver/Inc -I../Drivers/STM32F4xx_HAL_Driver/Inc/Legacy -I../Drivers/CMSIS/Device/ST/STM32F4xx/Include -I../Drivers/CMSIS/Include -O0 -ffunction-sections -fdata-sections -Wall -fstack-usage -fcyclomatic-complexity -MMD -MP -MF"Core/Src/i2c_lcd_cmp.d" -MT"Core/Src/i2c_lcd_cmp.o" --specs=nano.specs -mfpu=fpv4-sp-d16 -mfloat-abi=hard -mthumb -o "Core/Src/i2c_lcd_cmp.o"
arm-none-eabi-gcc "../Core/Src/led.c" -mcpu=cortex-m4 -std=gnu11 -g3 -DDEBUG -DUSE_HAL_DRIVER -DSTM32F429xx -c -I../Core/Inc -I../Drivers/STM32F4xx_HAL_Driver/Inc -I../Drivers/STM32F4xx_HAL_Driver/Inc/Legacy -I../Drivers/CMSIS/Device/ST/STM32F4xx/Include -I../Drivers/CMSIS/Include -O0 -ffunction-sections -fdata-sections -Wall -fstack-usage -fcyclomatic-complexity -MMD -MP -MF"Core/Src/led.d" -MT"Core/Src/led.o" --specs=nano.specs -mfpu=fpv4-sp-d16 -mfloat-abi=hard -mthumb -o "Core/Src/led.o"
arm-none-eabi-gcc "../Core/Src/main.c" -mcpu=cortex-m4 -std=gnu11 -g3 -DDEBUG -DUSE_HAL_DRIVER -DSTM32F429xx -c -I../Core/Inc -I../Drivers/STM32F4xx_HAL_Driver/Inc -I../Drivers/STM32F4xx_HAL_Driver/Inc/Legacy -I../Drivers/CMSIS/Device/ST/STM32F4xx/Include -I../Drivers/CMSIS/Include -O0 -ffunction-sections -fdata-sections -Wall -fstack-usage -fcyclomatic-complexity -MMD -MP -MF"Core/Src/main.d" -MT"Core/Src/main.o" --specs=nano.specs -mfpu=fpv4-sp-d16 -mfloat-abi=hard -mthumb -o "Core/Src/main.o"
arm-none-eabi-gcc "../Core/Src/stm32f4xx_hal_msp.c" -mcpu=cortex-m4 -std=gnu11 -g3 -DDEBUG -DUSE_HAL_DRIVER -DSTM32F429xx -c -I../Core/Inc -I../Drivers/STM32F4xx_HAL_Driver/Inc -I../Drivers/STM32F4xx_HAL_Driver/Inc/Legacy -I../Drivers/CMSIS/Device/ST/STM32F4xx/Include -I../Drivers/CMSIS/Include -O0 -ffunction-sections -fdata-sections -Wall -fstack-usage -fcyclomatic-complexity -MMD -MP -MF"Core/Src/stm32f4xx_hal_msp.d" -MT"Core/Src/stm32f4xx_hal_msp.o" --specs=nano.specs -mfpu=fpv4-sp-d16 -mfloat-abi=hard -mthumb -o "Core/Src/stm32f4xx_hal_msp.o"
arm-none-eabi-gcc "../Core/Src/stm32f4xx_it.c" -mcpu=cortex-m4 -std=gnu11 -g3 -DDEBUG -DUSE_HAL_DRIVER -DSTM32F429xx -c -I../Core/Inc -I../Drivers/STM32F4xx_HAL_Driver/Inc -I../Drivers/STM32F4xx_HAL_Driver/Inc/Legacy -I../Drivers/CMSIS/Device/ST/STM32F4xx/Include -I../Drivers/CMSIS/Include -O0 -ffunction-sections -fdata-sections -Wall -fstack-usage -fcyclomatic-complexity -MMD -MP -MF"Core/Src/stm32f4xx_it.d" -MT"Core/Src/stm32f4xx_it.o" --specs=nano.specs -mfpu=fpv4-sp-d16 -mfloat-abi=hard -mthumb -o "Core/Src/stm32f4xx_it.o"
arm-none-eabi-gcc "../Core/Src/syscalls.c" -mcpu=cortex-m4 -std=gnu11 -g3 -DDEBUG -DUSE_HAL_DRIVER -DSTM32F429xx -c -I../Core/Inc -I../Drivers/STM32F4xx_HAL_Driver/Inc -I../Drivers/STM32F4xx_HAL_Driver/Inc/Legacy -I../Drivers/CMSIS/Device/ST/STM32F4xx/Include -I../Drivers/CMSIS/Include -O0 -ffunction-sections -fdata-sections -Wall -fstack-usage -fcyclomatic-complexity -MMD -MP -MF"Core/Src/syscalls.d" -MT"Core/Src/syscalls.o" --specs=nano.specs -mfpu=fpv4-sp-d16 -mfloat-abi=hard -mthumb -o "Core/Src/syscalls.o"
arm-none-eabi-gcc "../Core/Src/sysmem.c" -mcpu=cortex-m4 -std=gnu11 -g3 -DDEBUG -DUSE_HAL_DRIVER -DSTM32F429xx -c -I../Core/Inc -I../Drivers/STM32F4xx_HAL_Driver/Inc -I../Drivers/STM32F4xx_HAL_Driver/Inc/Legacy -I../Drivers/CMSIS/Device/ST/STM32F4xx/Include -I../Drivers/CMSIS/Include -O0 -ffunction-sections -fdata-sections -Wall -fstack-usage -fcyclomatic-complexity -MMD -MP -MF"Core/Src/sysmem.d" -MT"Core/Src/sysmem.o" --specs=nano.specs -mfpu=fpv4-sp-d16 -mfloat-abi=hard -mthumb -o "Core/Src/sysmem.o"
arm-none-eabi-gcc "../Core/Src/system_stm32f4xx.c" -mcpu=cortex-m4 -std=gnu11 -g3 -DDEBUG -DUSE_HAL_DRIVER -DSTM32F429xx -c -I../Core/Inc -I../Drivers/STM32F4xx_HAL_Driver/Inc -I../Drivers/STM32F4xx_HAL_Driver/Inc/Legacy -I../Drivers/CMSIS/Device/ST/STM32F4xx/Include -I../Drivers/CMSIS/Include -O0 -ffunction-sections -fdata-sections -Wall -fstack-usage -fcyclomatic-complexity -MMD -MP -MF"Core/Src/system_stm32f4xx.d" -MT"Core/Src/system_stm32f4xx.o" --specs=nano.specs -mfpu=fpv4-sp-d16 -mfloat-abi=hard -mthumb -o "Core/Src/system_stm32f4xx.o"
arm-none-eabi-gcc "../Core/Src/uart.c" -mcpu=cortex-m4 -std=gnu11 -g3 -DDEBUG -DUSE_HAL_DRIVER -DSTM32F429xx -c -I../Core/Inc -I../Drivers/STM32F4xx_HAL_Driver/Inc -I../Drivers/STM32F4xx_HAL_Driver/Inc/Legacy -I../Drivers/CMSIS/Device/ST/STM32F4xx/Include -I../Drivers/CMSIS/Include -O0 -ffunction-sections -fdata-sections -Wall -fstack-usage -fcyclomatic-complexity -MMD -MP -MF"Core/Src/uart.d" -MT"Core/Src/uart.o" --specs=nano.specs -mfpu=fpv4-sp-d16 -mfloat-abi=hard -mthumb -o "Core/Src/uart.o"
arm-none-eabi-gcc "../Core/Src/ultrasonic.c" -mcpu=cortex-m4 -std=gnu11 -g3 -DDEBUG -DUSE_HAL_DRIVER -DSTM32F429xx -c -I../Core/Inc -I../Drivers/STM32F4xx_HAL_Driver/Inc -I../Drivers/STM32F4xx_HAL_Driver/Inc/Legacy -I../Drivers/CMSIS/Device/ST/STM32F4xx/Include -I../Drivers/CMSIS/Include -O0 -ffunction-sections -fdata-sections -Wall -fstack-usage -fcyclomatic-complexity -MMD -MP -MF"Core/Src/ultrasonic.d" -MT"Core/Src/ultrasonic.o" --specs=nano.specs -mfpu=fpv4-sp-d16 -mfloat-abi=hard -mthumb -o "Core/Src/ultrasonic.o"
../Core/Src/ultrasonic.c: In function 'ultrasonic_processing':
../Core/Src/ultrasonic.c:44:25: warning: implicit declaration of function 'make_trigger' [-Wimplicit-function-declaration]
   44 |                         make_trigger();
      |                         ^~~~~~~~~~~~
../Core/Src/ultrasonic.c:51:33: warning: implicit declaration of function 'printf' [-Wimplicit-function-declaration]
   51 |                                 printf("dis: %dcm\n", dis);
      |                                 ^~~~~~
../Core/Src/ultrasonic.c:2:1: note: include '<stdio.h>' or provide a declaration of 'printf'
    1 | #include "ultrasonic.h"
  +++ |+#include <stdio.h>
    2 | 
../Core/Src/ultrasonic.c:51:33: warning: incompatible implicit declaration of built-in function 'printf' [-Wbuiltin-declaration-mismatch]
   51 |                                 printf("dis: %dcm\n", dis);
      |                                 ^~~~~~
../Core/Src/ultrasonic.c:51:33: note: include '<stdio.h>' or provide a declaration of 'printf'
../Core/Src/ultrasonic.c:53:33: warning: implicit declaration of function 'sprintf' [-Wimplicit-function-declaration]
   53 |                                 sprintf(lcd_buff, "DISTANCE : %dcm", dis);
      |                                 ^~~~~~~
../Core/Src/ultrasonic.c:53:33: note: include '<stdio.h>' or provide a declaration of 'sprintf'
../Core/Src/ultrasonic.c:53:33: warning: incompatible implicit declaration of built-in function 'sprintf' [-Wbuiltin-declaration-mismatch]
../Core/Src/ultrasonic.c:53:33: note: include '<stdio.h>' or provide a declaration of 'sprintf'
../Core/Src/ultrasonic.c:55:44: warning: pointer targets in passing argument 1 of 'lcd_string' differ in signedness [-Wpointer-sign]
   55 |                                 lcd_string(lcd_buff);
      |                                            ^~~~~~~~
      |                                            |
      |                                            char *
../Core/Src/ultrasonic.c:4:33: note: expected 'uint8_t *' {aka 'unsigned char *'} but argument is of type 'char *'
    4 | extern void lcd_string(uint8_t *str);
      |                        ~~~~~~~~~^~~
../Core/Src/ultrasonic.c: At top level:
../Core/Src/ultrasonic.c:61:6: warning: conflicting types for 'make_trigger'; have 'void()'
   61 | void make_trigger()
      |      ^~~~~~~~~~~~
../Core/Src/ultrasonic.c:44:25: note: previous implicit declaration of 'make_trigger' with type 'void()'
   44 |                         make_trigger();
      |                         ^~~~~~~~~~~~
../Core/Src/uart.c: In function 'HAL_UART_RxCpltCallback':
../Core/Src/uart.c:74:25: warning: implicit declaration of function 'printf' [-Wimplicit-function-declaration]
   74 |                         printf("Message Overflow !!!!\n");
      |                         ^~~~~~
../Core/Src/uart.c:4:1: note: include '<stdio.h>' or provide a declaration of 'printf'
    3 | #include <stdlib.h>
  +++ |+#include <stdio.h>
    4 | 
../Core/Src/uart.c:74:25: warning: incompatible implicit declaration of built-in function 'printf' [-Wbuiltin-declaration-mismatch]
   74 |                         printf("Message Overflow !!!!\n");
      |                         ^~~~~~
../Core/Src/uart.c:74:25: note: include '<stdio.h>' or provide a declaration of 'printf'
../Core/Src/uart.c:99:25: warning: incompatible implicit declaration of built-in function 'printf' [-Wbuiltin-declaration-mismatch]
   99 |                         printf("BT Message Overflow !!!!\n");
      |                         ^~~~~~
../Core/Src/uart.c:99:25: note: include '<stdio.h>' or provide a declaration of 'printf'
../Core/Src/uart.c: In function 'pc_command_processing':
../Core/Src/uart.c:111:17: warning: incompatible implicit declaration of built-in function 'printf' [-Wbuiltin-declaration-mismatch]
  111 |                 printf("%s\n", rx_buff);
      |                 ^~~~~~
../Core/Src/uart.c:111:17: note: include '<stdio.h>' or provide a declaration of 'printf'
../Core/Src/uart.c:112:30: warning: passing argument 1 of 'strncmp' discards 'volatile' qualifier from pointer target type [-Wdiscarded-qualifiers]
  112 |                 if (!strncmp(rx_buff, "led_all_on", strlen("led_all_on")))  // if (strncmp(rx_buff, "ledallon", strlen("ledallon") == 0)
      |                              ^~~~~~~
In file included from ../Core/Src/uart.c:2:
C:\ST\STM32CubeIDE_1.12.0\STM32CubeIDE\plugins\com.st.stm32cube.ide.mcu.externaltools.gnu-tools-for-stm32.11.3.rel1.win32_1.1.1.202309131626\tools\bin/../lib/gcc/arm-none-eabi/11.3.1/../../../../arm-none-eabi/include/string.h:43:19: note: expected 'const char *' but argument is of type 'volatile unsigned char *'
   43 | int      strncmp (const char *, const char *, size_t);
      |                   ^~~~~~~~~~~~
../Core/Src/uart.c:117:30: warning: passing argument 1 of 'strncmp' discards 'volatile' qualifier from pointer target type [-Wdiscarded-qualifiers]
  117 |                 if (!strncmp(rx_buff, "led_all_off", strlen("led_all_off")))  // if (strncmp(rx_buff, "ledallon", strlen("ledallon") == 0)
      |                              ^~~~~~~
In file included from ../Core/Src/uart.c:2:
C:\ST\STM32CubeIDE_1.12.0\STM32CubeIDE\plugins\com.st.stm32cube.ide.mcu.externaltools.gnu-tools-for-stm32.11.3.rel1.win32_1.1.1.202309131626\tools\bin/../lib/gcc/arm-none-eabi/11.3.1/../../../../arm-none-eabi/include/string.h:43:19: note: expected 'const char *' but argument is of type 'volatile unsigned char *'
   43 | int      strncmp (const char *, const char *, size_t);
      |                   ^~~~~~~~~~~~
../Core/Src/uart.c:122:30: warning: passing argument 1 of 'strncmp' discards 'volatile' qualifier from pointer target type [-Wdiscarded-qualifiers]
  122 |                 if (!strncmp(rx_buff, "led_on_down", strlen("led_on_down")))  // if (strncmp(rx_buff, "ledallon", strlen("ledallon") == 0)
      |                              ^~~~~~~
In file included from ../Core/Src/uart.c:2:
C:\ST\STM32CubeIDE_1.12.0\STM32CubeIDE\plugins\com.st.stm32cube.ide.mcu.externaltools.gnu-tools-for-stm32.11.3.rel1.win32_1.1.1.202309131626\tools\bin/../lib/gcc/arm-none-eabi/11.3.1/../../../../arm-none-eabi/include/string.h:43:19: note: expected 'const char *' but argument is of type 'volatile unsigned char *'
   43 | int      strncmp (const char *, const char *, size_t);
      |                   ^~~~~~~~~~~~
../Core/Src/uart.c:127:30: warning: passing argument 1 of 'strncmp' discards 'volatile' qualifier from pointer target type [-Wdiscarded-qualifiers]
  127 |                 if (!strncmp(rx_buff, "led_on_up", strlen("led_on_up")))  // if (strncmp(rx_buff, "ledallon", strlen("ledallon") == 0)
      |                              ^~~~~~~
In file included from ../Core/Src/uart.c:2:
C:\ST\STM32CubeIDE_1.12.0\STM32CubeIDE\plugins\com.st.stm32cube.ide.mcu.externaltools.gnu-tools-for-stm32.11.3.rel1.win32_1.1.1.202309131626\tools\bin/../lib/gcc/arm-none-eabi/11.3.1/../../../../arm-none-eabi/include/string.h:43:19: note: expected 'const char *' but argument is of type 'volatile unsigned char *'
   43 | int      strncmp (const char *, const char *, size_t);
      |                   ^~~~~~~~~~~~
../Core/Src/uart.c:132:30: warning: passing argument 1 of 'strncmp' discards 'volatile' qualifier from pointer target type [-Wdiscarded-qualifiers]
  132 |                 if (!strncmp(rx_buff, "flower_on", strlen("flower_on")))  // if (strncmp(rx_buff, "ledallon", strlen("ledallon") == 0)
      |                              ^~~~~~~
In file included from ../Core/Src/uart.c:2:
C:\ST\STM32CubeIDE_1.12.0\STM32CubeIDE\plugins\com.st.stm32cube.ide.mcu.externaltools.gnu-tools-for-stm32.11.3.rel1.win32_1.1.1.202309131626\tools\bin/../lib/gcc/arm-none-eabi/11.3.1/../../../../arm-none-eabi/include/string.h:43:19: note: expected 'const char *' but argument is of type 'volatile unsigned char *'
   43 | int      strncmp (const char *, const char *, size_t);
      |                   ^~~~~~~~~~~~
../Core/Src/uart.c:137:30: warning: passing argument 1 of 'strncmp' discards 'volatile' qualifier from pointer target type [-Wdiscarded-qualifiers]
  137 |                 if (!strncmp(rx_buff, "flower_off", strlen("flower_off")))  // if (strncmp(rx_buff, "ledallon", strlen("ledallon") == 0)
      |                              ^~~~~~~
../Core/Src/ultrasonic.c: In function 'make_trigger':
In file included from ../Core/Src/uart.c:2:
C:\ST\STM32CubeIDE_1.12.0\STM32CubeIDE\plugins\com.st.stm32cube.ide.mcu.externaltools.gnu-tools-for-stm32.11.3.rel1.win32_1.1.1.202309131626\tools\bin/../lib/gcc/arm-none-eabi/11.3.1/../../../../arm-none-eabi/include/string.h:43:19: note: expected 'const char *' but argument is of type 'volatile unsigned char *'
   43 | int      strncmp (const char *, const char *, size_t);
      |                   ^~~~~~~~~~~~
../Core/Src/ultrasonic.c:64:9: warning: implicit declaration of function 'delay_us' [-Wimplicit-function-declaration]
   64 |         delay_us(2);
      |         ^~~~~~~~
../Core/Src/uart.c:142:30: warning: passing argument 1 of 'strncmp' discards 'volatile' qualifier from pointer target type [-Wdiscarded-qualifiers]
  142 |                 if (!strncmp(rx_buff, "led_keepon_up", strlen("led_keepon_up")))  // if (strncmp(rx_buff, "ledallon", strlen("ledallon") == 0)
      |                              ^~~~~~~
In file included from ../Core/Src/uart.c:2:
C:\ST\STM32CubeIDE_1.12.0\STM32CubeIDE\plugins\com.st.stm32cube.ide.mcu.externaltools.gnu-tools-for-stm32.11.3.rel1.win32_1.1.1.202309131626\tools\bin/../lib/gcc/arm-none-eabi/11.3.1/../../../../arm-none-eabi/include/string.h:43:19: note: expected 'const char *' but argument is of type 'volatile unsigned char *'
   43 | int      strncmp (const char *, const char *, size_t);
      |                   ^~~~~~~~~~~~
../Core/Src/uart.c:147:30: warning: passing argument 1 of 'strncmp' discards 'volatile' qualifier from pointer target type [-Wdiscarded-qualifiers]
  147 |                 if (!strncmp(rx_buff, "led_keepon_down", strlen("led_keepon_down")))  // if (strncmp(rx_buff, "ledallon", strlen("ledallon") == 0)
      |                              ^~~~~~~
In file included from ../Core/Src/uart.c:2:
C:\ST\STM32CubeIDE_1.12.0\STM32CubeIDE\plugins\com.st.stm32cube.ide.mcu.externaltools.gnu-tools-for-stm32.11.3.rel1.win32_1.1.1.202309131626\tools\bin/../lib/gcc/arm-none-eabi/11.3.1/../../../../arm-none-eabi/include/string.h:43:19: note: expected 'const char *' but argument is of type 'volatile unsigned char *'
   43 | int      strncmp (const char *, const char *, size_t);
      |                   ^~~~~~~~~~~~
../Core/Src/uart.c:152:29: warning: passing argument 1 of 'strncmp' discards 'volatile' qualifier from pointer target type [-Wdiscarded-qualifiers]
  152 |                 if(!strncmp(rx_buff, "dht11on", strlen("dht11on")))  //
      |                             ^~~~~~~
../Core/Src/stm32f4xx_it.c: In function 'SysTick_Handler':
../Core/Src/DHT11.c: In function 'DHT11_main':
In file included from ../Core/Src/uart.c:2:
C:\ST\STM32CubeIDE_1.12.0\STM32CubeIDE\plugins\com.st.stm32cube.ide.mcu.externaltools.gnu-tools-for-stm32.11.3.rel1.win32_1.1.1.202309131626\tools\bin/../lib/gcc/arm-none-eabi/11.3.1/../../../../arm-none-eabi/include/string.h:43:19: note: expected 'const char *' but argument is of type 'volatile unsigned char *'
   43 | int      strncmp (const char *, const char *, size_t);
      |                   ^~~~~~~~~~~~
../Core/Src/uart.c:157:29: warning: passing argument 1 of 'strncmp' discards 'volatile' qualifier from pointer target type [-Wdiscarded-qualifiers]
  157 |                 if(!strncmp(rx_buff, "dht11off", strlen("dht11off")))  //
      |                             ^~~~~~~
../Core/Src/stm32f4xx_it.c:194:3: warning: implicit declaration of function 'HAL_SYSTICK_Handler'; did you mean 'HAL_SYSTICK_IRQHandler'? [-Wimplicit-function-declaration]
  194 |   HAL_SYSTICK_Handler();  // ADD_SIKWON_231006
      |   ^~~~~~~~~~~~~~~~~~~
      |   HAL_SYSTICK_IRQHandler
../Core/Src/i2c_lcd.c: In function 'i2c_lcd_main':
../Core/Src/DHT11.c:22:36: warning: variable 'd_Tmp' set but not used [-Wunused-but-set-variable]
   22 |         uint8_t i_RH, d_RH, i_Tmp, d_Tmp;
      |                                    ^~~~~
In file included from ../Core/Src/uart.c:2:
C:\ST\STM32CubeIDE_1.12.0\STM32CubeIDE\plugins\com.st.stm32cube.ide.mcu.externaltools.gnu-tools-for-stm32.11.3.rel1.win32_1.1.1.202309131626\tools\bin/../lib/gcc/arm-none-eabi/11.3.1/../../../../arm-none-eabi/include/string.h:43:19: note: expected 'const char *' but argument is of type 'volatile unsigned char *'
   43 | int      strncmp (const char *, const char *, size_t);
      |                   ^~~~~~~~~~~~
../Core/Src/DHT11.c:22:23: warning: variable 'd_RH' set but not used [-Wunused-but-set-variable]
   22 |         uint8_t i_RH, d_RH, i_Tmp, d_Tmp;
      |                       ^~~~
../Core/Src/i2c_lcd.c:43:28: warning: pointer targets in passing argument 1 of 'lcd_string' differ in signedness [-Wpointer-sign]
   43 |                 lcd_string("Hello World!!!");
      |                            ^~~~~~~~~~~~~~~~
      |                            |
      |                            char *
../Core/Src/uart.c:162:29: warning: passing argument 1 of 'strncmp' discards 'volatile' qualifier from pointer target type [-Wdiscarded-qualifiers]
  162 |                 if(!strncmp(rx_buff, "ultra_on", strlen("ultra_on")))  //
      |                             ^~~~~~~
In file included from ../Core/Src/uart.c:2:
C:\ST\STM32CubeIDE_1.12.0\STM32CubeIDE\plugins\com.st.stm32cube.ide.mcu.externaltools.gnu-tools-for-stm32.11.3.rel1.win32_1.1.1.202309131626\tools\bin/../lib/gcc/arm-none-eabi/11.3.1/../../../../arm-none-eabi/include/string.h:43:19: note: expected 'const char *' but argument is of type 'volatile unsigned char *'
   43 | int      strncmp (const char *, const char *, size_t);
      |                   ^~~~~~~~~~~~
../Core/Src/DHT11.c: In function 'DHT11_processing':
In file included from ../Core/Src/i2c_lcd.c:8:
../Core/Inc/i2c_lcd.h:23:26: note: expected 'uint8_t *' {aka 'unsigned char *'} but argument is of type 'char *'
   23 | void lcd_string(uint8_t *str);
      |                 ~~~~~~~~~^~~
../Core/Src/uart.c:167:29: warning: passing argument 1 of 'strncmp' discards 'volatile' qualifier from pointer target type [-Wdiscarded-qualifiers]
  167 |                 if(!strncmp(rx_buff, "ultra_off", strlen("ultra_off")))  //
      |                             ^~~~~~~
In file included from ../Core/Src/uart.c:2:
C:\ST\STM32CubeIDE_1.12.0\STM32CubeIDE\plugins\com.st.stm32cube.ide.mcu.externaltools.gnu-tools-for-stm32.11.3.rel1.win32_1.1.1.202309131626\tools\bin/../lib/gcc/arm-none-eabi/11.3.1/../../../../arm-none-eabi/include/string.h:43:19: note: expected 'const char *' but argument is of type 'volatile unsigned char *'
   43 | int      strncmp (const char *, const char *, size_t);
      |                   ^~~~~~~~~~~~
../Core/Src/DHT11.c:76:36: warning: pointer targets in passing argument 1 of 'lcd_string' differ in signedness [-Wpointer-sign]
   76 |                         lcd_string(lcd_buff);
      |                                    ^~~~~~~~
      |                                    |
      |                                    char *
../Core/Src/i2c_lcd.c:25:23: warning: unused variable 'i2c_test' [-Wunused-variable]
   25 |         unsigned char i2c_test[] = {'5',0};
      |                       ^~~~~~~~
../Core/Src/DHT11.c:10:33: note: expected 'uint8_t *' {aka 'unsigned char *'} but argument is of type 'char *'
   10 | extern void lcd_string(uint8_t *str);
      |                        ~~~~~~~~~^~~
../Core/Src/uart.c: In function 'bt_command_processing':
../Core/Src/DHT11.c:52:36: warning: variable 'd_Tmp' set but not used [-Wunused-but-set-variable]
   52 |         uint8_t i_RH, d_RH, i_Tmp, d_Tmp;
      |                                    ^~~~~
../Core/Src/uart.c:188:17: warning: incompatible implicit declaration of built-in function 'printf' [-Wbuiltin-declaration-mismatch]
  188 |                 printf("%s\n", bt_rx_buff);
      |                 ^~~~~~
../Core/Src/DHT11.c:52:23: warning: variable 'd_RH' set but not used [-Wunused-but-set-variable]
   52 |         uint8_t i_RH, d_RH, i_Tmp, d_Tmp;
      |                       ^~~~
../Core/Src/uart.c:188:17: note: include '<stdio.h>' or provide a declaration of 'printf'
../Core/Src/uart.c:189:30: warning: passing argument 1 of 'strncmp' discards 'volatile' qualifier from pointer target type [-Wdiscarded-qualifiers]
  189 |                 if (!strncmp(bt_rx_buff, "led_all_on", strlen("led_all_on")))  // if (strncmp(rx_buff, "ledallon", strlen("ledallon") == 0)
      |                              ^~~~~~~~~~
In file included from ../Core/Src/uart.c:2:
C:\ST\STM32CubeIDE_1.12.0\STM32CubeIDE\plugins\com.st.stm32cube.ide.mcu.externaltools.gnu-tools-for-stm32.11.3.rel1.win32_1.1.1.202309131626\tools\bin/../lib/gcc/arm-none-eabi/11.3.1/../../../../arm-none-eabi/include/string.h:43:19: note: expected 'const char *' but argument is of type 'volatile unsigned char *'
   43 | int      strncmp (const char *, const char *, size_t);
      |                   ^~~~~~~~~~~~
../Core/Src/uart.c:194:30: warning: passing argument 1 of 'strncmp' discards 'volatile' qualifier from pointer target type [-Wdiscarded-qualifiers]
  194 |                 if (!strncmp(bt_rx_buff, "led_all_off", strlen("led_all_off")))  // if (strncmp(rx_buff, "ledallon", strlen("ledallon") == 0)
      |                              ^~~~~~~~~~
In file included from ../Core/Src/uart.c:2:
C:\ST\STM32CubeIDE_1.12.0\STM32CubeIDE\plugins\com.st.stm32cube.ide.mcu.externaltools.gnu-tools-for-stm32.11.3.rel1.win32_1.1.1.202309131626\tools\bin/../lib/gcc/arm-none-eabi/11.3.1/../../../../arm-none-eabi/include/string.h:43:19: note: expected 'const char *' but argument is of type 'volatile unsigned char *'
   43 | int      strncmp (const char *, const char *, size_t);
      |                   ^~~~~~~~~~~~
../Core/Src/uart.c:199:30: warning: passing argument 1 of 'strncmp' discards 'volatile' qualifier from pointer target type [-Wdiscarded-qualifiers]
  199 |                 if (!strncmp(bt_rx_buff, "led_on_down", strlen("led_on_down")))  // if (strncmp(rx_buff, "ledallon", strlen("ledallon") == 0)
      |                              ^~~~~~~~~~
In file included from ../Core/Src/uart.c:2:
C:\ST\STM32CubeIDE_1.12.0\STM32CubeIDE\plugins\com.st.stm32cube.ide.mcu.externaltools.gnu-tools-for-stm32.11.3.rel1.win32_1.1.1.202309131626\tools\bin/../lib/gcc/arm-none-eabi/11.3.1/../../../../arm-none-eabi/include/string.h:43:19: note: expected 'const char *' but argument is of type 'volatile unsigned char *'
   43 | int      strncmp (const char *, const char *, size_t);
      |                   ^~~~~~~~~~~~
../Core/Src/uart.c:204:30: warning: passing argument 1 of 'strncmp' discards 'volatile' qualifier from pointer target type [-Wdiscarded-qualifiers]
  204 |                 if (!strncmp(bt_rx_buff, "led_on_up", strlen("led_on_up")))  // if (strncmp(rx_buff, "ledallon", strlen("ledallon") == 0)
      |                              ^~~~~~~~~~
In file included from ../Core/Src/uart.c:2:
C:\ST\STM32CubeIDE_1.12.0\STM32CubeIDE\plugins\com.st.stm32cube.ide.mcu.externaltools.gnu-tools-for-stm32.11.3.rel1.win32_1.1.1.202309131626\tools\bin/../lib/gcc/arm-none-eabi/11.3.1/../../../../arm-none-eabi/include/string.h:43:19: note: expected 'const char *' but argument is of type 'volatile unsigned char *'
   43 | int      strncmp (const char *, const char *, size_t);
      |                   ^~~~~~~~~~~~
../Core/Src/uart.c:209:30: warning: passing argument 1 of 'strncmp' discards 'volatile' qualifier from pointer target type [-Wdiscarded-qualifiers]
  209 |                 if (!strncmp(bt_rx_buff, "flower_on", strlen("flower_on")))  // if (strncmp(rx_buff, "ledallon", strlen("ledallon") == 0)
      |                              ^~~~~~~~~~
In file included from ../Core/Src/uart.c:2:
C:\ST\STM32CubeIDE_1.12.0\STM32CubeIDE\plugins\com.st.stm32cube.ide.mcu.externaltools.gnu-tools-for-stm32.11.3.rel1.win32_1.1.1.202309131626\tools\bin/../lib/gcc/arm-none-eabi/11.3.1/../../../../arm-none-eabi/include/string.h:43:19: note: expected 'const char *' but argument is of type 'volatile unsigned char *'
   43 | int      strncmp (const char *, const char *, size_t);
      |                   ^~~~~~~~~~~~
../Core/Src/uart.c:214:30: warning: passing argument 1 of 'strncmp' discards 'volatile' qualifier from pointer target type [-Wdiscarded-qualifiers]
  214 |                 if (!strncmp(bt_rx_buff, "flower_off", strlen("flower_off")))  // if (strncmp(rx_buff, "ledallon", strlen("ledallon") == 0)
      |                              ^~~~~~~~~~
In file included from ../Core/Src/uart.c:2:
C:\ST\STM32CubeIDE_1.12.0\STM32CubeIDE\plugins\com.st.stm32cube.ide.mcu.externaltools.gnu-tools-for-stm32.11.3.rel1.win32_1.1.1.202309131626\tools\bin/../lib/gcc/arm-none-eabi/11.3.1/../../../../arm-none-eabi/include/string.h:43:19: note: expected 'const char *' but argument is of type 'volatile unsigned char *'
   43 | int      strncmp (const char *, const char *, size_t);
      |                   ^~~~~~~~~~~~
../Core/Src/uart.c:219:30: warning: passing argument 1 of 'strncmp' discards 'volatile' qualifier from pointer target type [-Wdiscarded-qualifiers]
  219 |                 if (!strncmp(bt_rx_buff, "led_keepon_up", strlen("led_keepon_up")))  // if (strncmp(rx_buff, "ledallon", strlen("ledallon") == 0)
      |                              ^~~~~~~~~~
In file included from ../Core/Src/uart.c:2:
C:\ST\STM32CubeIDE_1.12.0\STM32CubeIDE\plugins\com.st.stm32cube.ide.mcu.externaltools.gnu-tools-for-stm32.11.3.rel1.win32_1.1.1.202309131626\tools\bin/../lib/gcc/arm-none-eabi/11.3.1/../../../../arm-none-eabi/include/string.h:43:19: note: expected 'const char *' but argument is of type 'volatile unsigned char *'
   43 | int      strncmp (const char *, const char *, size_t);
      |                   ^~~~~~~~~~~~
../Core/Src/uart.c:224:30: warning: passing argument 1 of 'strncmp' discards 'volatile' qualifier from pointer target type [-Wdiscarded-qualifiers]
  224 |                 if (!strncmp(bt_rx_buff, "led_keepon_down", strlen("led_keepon_down")))  // if (strncmp(rx_buff, "ledallon", strlen("ledallon") == 0)
      |                              ^~~~~~~~~~
In file included from ../Core/Src/uart.c:2:
C:\ST\STM32CubeIDE_1.12.0\STM32CubeIDE\plugins\com.st.stm32cube.ide.mcu.externaltools.gnu-tools-for-stm32.11.3.rel1.win32_1.1.1.202309131626\tools\bin/../lib/gcc/arm-none-eabi/11.3.1/../../../../arm-none-eabi/include/string.h:43:19: note: expected 'const char *' but argument is of type 'volatile unsigned char *'
   43 | int      strncmp (const char *, const char *, size_t);
      |                   ^~~~~~~~~~~~
arm-none-eabi-gcc -o "05_ALT.TIMER_DHT11_ULTRASONIC.elf" @"objects.list"   -mcpu=cortex-m4 -T"D:\source\STM32F429ZI\05_ALT.TIMER_DHT11_ULTRASONIC\STM32F429ZITX_FLASH.ld" --specs=nosys.specs -Wl,-Map="05_ALT.TIMER_DHT11_ULTRASONIC.map" -Wl,--gc-sections -static --specs=nano.specs -mfpu=fpv4-sp-d16 -mfloat-abi=hard -mthumb -Wl,--start-group -lc -lm -Wl,--end-group
Finished building target: 05_ALT.TIMER_DHT11_ULTRASONIC.elf
 
arm-none-eabi-size   05_ALT.TIMER_DHT11_ULTRASONIC.elf 
arm-none-eabi-objdump -h -S  05_ALT.TIMER_DHT11_ULTRASONIC.elf  > "05_ALT.TIMER_DHT11_ULTRASONIC.list"
   text	   data	    bss	    dec	    hex	filename
  33756	    116	   4340	  38212	   9544	05_ALT.TIMER_DHT11_ULTRASONIC.elf
Finished building: default.size.stdout
 
Finished building: 05_ALT.TIMER_DHT11_ULTRASONIC.list
 

17:26:32 Build Finished. 0 errors, 41 warnings. (took 680ms)

