17:12:18 **** Incremental Build of configuration Debug for project 07.EX_PWM_LEDS ****
make -j24 all 
arm-none-eabi-gcc "../Core/Src/dcmotor.c" -mcpu=cortex-m4 -std=gnu11 -g3 -DDEBUG -DUSE_HAL_DRIVER -DSTM32F429xx -c -I../Core/Inc -I../Drivers/STM32F4xx_HAL_Driver/Inc -I../Drivers/STM32F4xx_HAL_Driver/Inc/Legacy -I../Drivers/CMSIS/Device/ST/STM32F4xx/Include -I../Drivers/CMSIS/Include -O0 -ffunction-sections -fdata-sections -Wall -fstack-usage -fcyclomatic-complexity -MMD -MP -MF"Core/Src/dcmotor.d" -MT"Core/Src/dcmotor.o" --specs=nano.specs -mfpu=fpv4-sp-d16 -mfloat-abi=hard -mthumb -o "Core/Src/dcmotor.o"
arm-none-eabi-gcc -o "07.EX_PWM_LEDS.elf" @"objects.list"   -mcpu=cortex-m4 -T"D:\source\STM32F429ZI\07.EX_PWM_LEDS\STM32F429ZITX_FLASH.ld" --specs=nosys.specs -Wl,-Map="07.EX_PWM_LEDS.map" -Wl,--gc-sections -static --specs=nano.specs -mfpu=fpv4-sp-d16 -mfloat-abi=hard -mthumb -Wl,--start-group -lc -lm -Wl,--end-group
Finished building target: 07.EX_PWM_LEDS.elf
 
arm-none-eabi-size   07.EX_PWM_LEDS.elf 
arm-none-eabi-objdump -h -S  07.EX_PWM_LEDS.elf  > "07.EX_PWM_LEDS.list"
   text	   data	    bss	    dec	    hex	filename
  37552	    120	   4416	  42088	   a468	07.EX_PWM_LEDS.elf
Finished building: default.size.stdout
 
Finished building: 07.EX_PWM_LEDS.list
 

17:12:19 Build Finished. 0 errors, 0 warnings. (took 476ms)

